Can't find file 'areas/AR1001.inf'
