Creature 15522 0 colors(12 0 51 37 28 30 23) Goblin_1 Goblin Male Fighter+1
Creature 10644 14 colors(12 0 51 37 28 30 23) Goblin_2 Goblin Male Fighter+1
Creature 13968 8 colors(12 0 51 37 28 30 23) Goblin_3 Goblin Male Fighter+1
Creature 17523 14 colors(12 0 51 37 28 30 23) Goblin_4 Goblin Male Fighter+1
Creature 18552 6 colors(12 0 51 37 28 30 23) Goblin_5 Goblin Male Fighter+1
Creature 8533 6 colors(12 0 49 37 28 30 23) Goblin_Sapper_1 Goblin Male Fighter+1
Creature 8519 8 colors(12 0 49 37 28 30 23) Goblin_Sapper_2 Goblin Male Fighter+1
Creature 12119 14 colors(12 0 49 37 28 30 23) Goblin_Sapper_3 Goblin Male Fighter+1
Creature 8303 14 colors(12 0 51 37 28 30 23) Goblin_6 Goblin Male Fighter+1
Creature 12656 10 colors(12 0 51 37 28 30 23) Goblin_7 Goblin Male Fighter+1
Creature 16462 14 colors(12 0 51 37 28 30 23) Goblin_8 Goblin Male Fighter+1
Creature 9254 14 colors(12 0 51 37 28 30 23) Goblin_9 Goblin Male Fighter+1
Creature 11041 2 colors(12 0 51 37 28 30 23) Goblin_10 Goblin Male Fighter+1
Creature 13106 12 colors(12 0 51 37 28 30 23) Goblin_11 Goblin Male Fighter+1
Creature 13591 2 colors(12 0 49 37 28 30 23) Goblin_Sapper_4 Goblin Male Fighter+1
Creature 10800 12 colors(12 0 49 37 28 30 23) Goblin_Sapper_5 Goblin Male Fighter+1
Creature 13859 0 colors(12 0 49 37 28 30 23) Goblin_Sapper_6 Goblin Male Fighter+1
Creature 8785 6 colors(12 0 51 37 28 30 23) Dead Goblin Goblin Male Fighter+1
Creature 8523 0 colors(12 0 51 37 28 30 23) Dead Goblin Goblin Male Fighter+1
Creature 10895 12 colors(12 0 51 37 28 30 23) Goblin_12 Goblin Male Fighter+1
Creature 15247 8 colors(12 0 51 37 28 30 23) Goblin_13 Goblin Male Fighter+1
Creature 11146 12 colors(12 0 51 37 28 30 23) Goblin_14 Goblin Male Fighter+1
Creature 12691 10 colors(12 0 51 37 28 30 23) Goblin_15 Goblin Male Fighter+1
Creature 17272 2 colors(12 0 51 37 28 30 23) Goblin_16 Goblin Male Fighter+1
Creature 18801 10 colors(12 0 51 37 28 30 23) Goblin_17 Goblin Male Fighter+1
Creature 17281 12 colors(12 0 51 37 28 30 23) Goblin_18 Goblin Male Fighter+1
Creature 19061 8 colors(12 0 51 37 28 30 23) Goblin_19 Goblin Male Fighter+1
Creature 9844 12 colors(12 0 51 37 28 30 23) Goblin_20 Goblin Male Fighter+1
Creature 12405 12 colors(12 0 51 37 28 30 23) Goblin_21 Goblin Male Fighter+1
Creature 10871 12 colors(12 0 51 37 28 30 23) Goblin_22 Goblin Male Fighter+1
Creature 13929 10 colors(12 0 51 37 28 30 23) Goblin_23 Goblin Male Fighter+1
Creature 12115 0 colors(12 0 51 37 28 30 23) Goblin_24 Goblin Male Fighter+1
Creature 14169 14 colors(12 0 51 37 28 30 23) Goblin_25 Goblin Male Fighter+1
Creature 15942 12 colors(12 0 51 37 28 30 23) Goblin_26 Goblin Male Fighter+1
Creature 17490 12 colors(12 0 51 37 28 30 23) Goblin_27 Goblin Male Fighter+1
Creature 9793 10 colors(12 0 49 37 28 30 23) Goblin_Sapper_7 Goblin Male Fighter+1
Creature 10072 6 colors(12 0 49 37 28 30 23) Goblin_Sapper_8 Goblin Male Fighter+1
Creature 9773 14 colors(12 0 49 37 28 30 23) Goblin_Sapper_9 Goblin Male Fighter+1
Creature 14126 10 colors(12 0 51 37 28 30 23) Goblin_28 Goblin Male Fighter+1
Creature 12845 12 colors(12 0 51 37 28 30 23) Goblin_29 Goblin Male Fighter+1
Creature 10539 12 colors(12 0 51 37 28 30 23) Goblin_30 Goblin Male Fighter+1
Creature 14365 0 colors(12 0 49 37 28 30 23) Goblin_Sapper_10 Goblin Male Fighter+1
Creature 13076 0 colors(12 0 49 37 28 30 23) Goblin_Sapper_11 Goblin Male Fighter+1
Creature 12826 0 colors(12 0 49 37 28 30 23) Goblin_Sapper_12 Goblin Male Fighter+1
Creature 10788 2 colors(12 0 51 37 28 30 23) Goblin_31 Goblin Male Fighter+1
Creature 13351 4 colors(12 0 51 37 28 30 23) Goblin_32 Goblin Male Fighter+1
Creature 11292 0 colors(12 0 51 37 28 30 23) Goblin_33 Goblin Male Fighter+1
Creature 12067 2 colors(12 0 58 37 28 30 23) Rukwurm Goblin Male Fighter+2
Creature 11819 12 colors(12 0 58 37 28 30 23) Ulek Goblin Male Fighter+2
Creature 12192 0 colors(12 0 40 37 28 30 23) 1007_Keg_1 Fighter+1
Creature 12705 0 colors(12 0 40 37 28 30 23) 1007_Keg_2 Fighter+1
Creature 16257 0 colors(12 0 40 37 28 30 23) 1007_Keg_3 Fighter+1
Creature 16767 0 colors(12 0 40 37 28 30 23) 1007_Keg_4 Fighter+1
Creature 18293 0 colors(12 0 40 37 28 30 23) 1007_Keg_5 Fighter+1
Creature 9556 0 colors(12 0 40 37 28 30 23) 1007_Keg_6 Fighter+1
Creature 8525 0 colors(12 0 40 37 28 30 23) 1007_Keg_7 Fighter+1
Creature 12062 0 colors(12 0 40 37 28 30 23) 1007_Keg_8 Fighter+1
Creature 12060 0 colors(12 0 40 37 28 30 23) 1007_Keg_9 Fighter+1
Creature 13598 0 colors(12 0 40 37 28 30 23) 1007_Keg_10 Fighter+1
Creature 9258 0 colors(12 0 40 37 28 30 23) 1007_Keg_11 Fighter+1
Creature 9764 0 colors(12 0 40 37 28 30 23) 1007_Keg_12 Fighter+1
