Creature 46990 12 colors(12 0 52 37 28 30 23) Vrek Vileclaw Male Fighter+6
Creature 43924 14 colors(12 0 103 37 28 30 23) Orc Orc Male Fighter+1
Creature 44447 2 colors(12 0 103 37 28 30 23) Orc Orc Male Fighter+1
Creature 50074 8 colors(12 0 103 37 28 30 23) Orc Orc Male Fighter+1
Creature 51373 6 colors(12 0 103 37 28 30 23) Orc Orc Male Fighter+1
Creature 34740 14 colors(12 0 103 37 28 30 23) Orc Orc Male Fighter+1
Creature 35010 2 colors(12 0 103 37 28 30 23) Orc Orc Male Fighter+1
Creature 43924 14 colors(0 0 86 0 0 0 0) Orc Warrior Orc Male Fighter+3
Creature 44447 2 colors(0 0 86 0 0 0 0) Orc Warrior Orc Male Fighter+3
Creature 50074 8 colors(0 0 86 0 0 0 0) Orc Warrior Orc Male Fighter+3
Creature 51373 6 colors(0 0 86 0 0 0 0) Orc Warrior Orc Male Fighter+3
Creature 43924 14 colors(0 0 32 0 0 0 0) Orc Warrior Orc Male Fighter+4
Creature 44447 2 colors(0 0 32 0 0 0 0) Orc Warrior Orc Male Fighter+4
Creature 50074 8 colors(0 0 32 0 0 0 0) Orc Warrior Orc Male Fighter+4
Creature 39227 0 colors(12 0 52 37 28 30 23) Green Slime Fighter+2
Creature 34111 0 colors(12 0 52 37 28 30 23) Green Slime Fighter+2
Creature 30793 0 colors(12 0 52 37 28 30 23) Green Slime Fighter+2
Creature 31093 0 colors(12 0 52 37 28 30 23) Green Slime Fighter+2
Creature 26500 0 colors(12 0 52 37 28 30 23) Green Slime Fighter+2
Creature 41074 0 colors(12 0 52 37 28 30 23) Green Slime Fighter+2
Creature 28497 0 colors(12 0 49 37 28 30 23) Ochre Jelly Fighter+6
Creature 23111 0 colors(12 0 49 37 28 30 23) Ochre Jelly Fighter+6
Creature 41545 0 colors(12 0 49 37 28 30 23) Ochre Jelly Fighter+6
Creature 30598 0 colors(12 0 49 37 28 30 23) Ochre Jelly Fighter+6
Creature 44387 0 colors(12 0 49 37 28 30 23) Ochre Jelly Fighter+6
Creature 21351 0 colors(12 0 42 37 28 30 23) Olive Slime Fighter+3
Creature 21363 8 colors(12 0 90 37 28 30 23) Slime Zombie Male Fighter+5
Creature 18040 4 colors(12 0 90 37 28 30 23) Slime Zombie Male Fighter+5
Creature 19117 12 colors(12 0 90 37 28 30 23) Slime Zombie Male Fighter+5
Creature 20416 4 colors(12 0 90 37 28 30 23) Slime Zombie Male Fighter+5
Creature 21431 8 colors(12 0 90 37 28 30 23) Slime Zombie Male Fighter+5
Creature 35708 4 colors(12 0 90 37 28 30 23) Slime Zombie Male Fighter+5
Creature 27462 8 colors(12 0 90 37 28 30 23) Slime Zombie Male Fighter+5
Creature 41574 2 colors(12 0 70 37 28 30 23) Carrion Crawler Fighter+3
Creature 34957 12 colors(12 0 70 37 28 30 23) Carrion Crawler Fighter+3
Creature 21066 0 colors(12 0 65 37 28 30 23) Dead Villager Human Female Fighter+1
Creature 19897 6 colors(12 0 65 37 28 30 23) Dead Villager Human Female Fighter+1
Creature 41569 0 colors(12 0 65 37 28 30 23) Dead Villager Male Fighter+1
Creature 19059 4 colors(12 0 65 37 28 30 23) Dead Villager Male Fighter+1
Creature 48779 12 colors(12 0 73 37 28 30 23) Orc Shaman Orc Male Cleric+4
Creature 32350 0 colors(12 0 90 37 28 30 23) Slime Zombie Male Fighter+5
Creature 20321 0 colors(12 0 90 37 28 30 23) Slime Zombie Male Fighter+5
Creature 36528 12 colors(0 0 7 0 0 0 0) Orc Archer Orc Male Fighter+3
Creature 51109 8 colors(0 0 7 0 0 0 0) Orc Archer Orc Male Fighter+3
Creature 43418 0 colors(0 0 7 0 0 0 0) Orc Archer Orc Male Fighter+3
