Creature 12185 0 colors(12 0 57 37 28 30 23) Support_Beam_R Fighter+10
Creature 8012 0 colors(12 0 57 37 28 30 23) Support_Beam_M Fighter+10
Creature 13705 14 colors(12 0 104 37 28 30 23) Malarite Human Male Cleric+4
Creature 18061 10 colors(12 0 104 37 28 30 23) Malarite Human Male Cleric+4
Creature 11910 14 colors(12 0 104 37 28 30 23) Malarite Human Male Cleric+4
Creature 12173 0 colors(12 0 3 37 28 30 23) Arctic Boar Male Fighter+3
Creature 10882 2 colors(12 0 3 37 28 30 23) Arctic Boar Male Fighter+3
Creature 19847 10 colors(12 0 3 37 28 30 23) Arctic Boar Male Fighter+3
Creature 20864 10 colors(12 0 33 37 28 30 23) Malarite Priest Human Male Cleric+4
Creature 22678 8 colors(12 0 33 37 28 30 23) Malarite Priest Human Male Cleric+4
Creature 21893 8 colors(12 0 99 37 28 30 23) Starving Leopard Female Fighter+4
Creature 22415 8 colors(12 0 99 37 28 30 23) Starving Leopard Female Fighter+4
Creature 13705 14 colors(12 0 33 37 28 30 23) Malarite Priest Human Male Cleric+4
Creature 18061 10 colors(12 0 33 37 28 30 23) Malarite Priest Human Male Cleric+4
Creature 11910 14 colors(12 0 33 37 28 30 23) Malarite Priest Human Male Cleric+4
Creature 20864 10 colors(12 0 88 37 28 30 23) Malarite High Priest Human Male Cleric+7
Creature 22678 8 colors(12 0 88 37 28 30 23) Malarite High Priest Human Male Cleric+7
Creature 21893 8 colors(12 0 24 37 28 30 23) Mad Cat Female Fighter+4
Creature 22415 8 colors(12 0 24 37 28 30 23) Mad Cat Female Fighter+4
Creature 29008 12 colors(12 0 88 37 28 30 23) Malarite High Priest Human Male Cleric+7
Creature 29773 12 colors(12 0 24 37 28 30 23) Mad Cat Female Fighter+4
Creature 28774 12 colors(12 0 104 37 28 30 23) Malarite Human Male Cleric+4
Creature 31852 10 colors(12 0 104 37 28 30 23) Malarite Human Male Cleric+4
Creature 24676 14 colors(12 0 33 37 28 30 23) Malarite Priest Human Male Cleric+4
Creature 32594 10 colors(12 0 33 37 28 30 23) Malarite Priest Human Male Cleric+4
Creature 25440 14 colors(12 0 67 37 28 30 23) Highland Cat Fighter+4
Creature 33617 10 colors(12 0 67 37 28 30 23) Highland Cat Fighter+4
Creature 28774 12 colors(12 0 88 37 28 30 23) Malarite High Priest Human Male Cleric+7
Creature 31852 10 colors(12 0 88 37 28 30 23) Malarite High Priest Human Male Cleric+7
Creature 29550 12 colors(12 0 3 37 28 30 23) Arctic Boar Male Fighter+3
Creature 32870 10 colors(12 0 3 37 28 30 23) Arctic Boar Male Fighter+3
Creature 21064 2 colors(12 0 104 37 28 30 23) Malarite Human Male Cleric+4
Creature 16970 0 colors(12 0 104 37 28 30 23) Malarite Human Male Cleric+4
Creature 20821 0 colors(12 0 104 37 28 30 23) Malarite Human Male Cleric+4
Creature 17484 0 colors(12 0 3 37 28 30 23) Arctic Boar Male Fighter+3
Creature 21314 4 colors(12 0 80 37 28 30 23) Snow Leopard Female Fighter+3
Creature 19532 4 colors(12 0 67 37 28 30 23) Highland Cat Fighter+4
Creature 12079 14 colors(12 0 69 37 28 30 23) Orc Archer Orc Female Fighter+1
Creature 9529 0 colors(12 0 69 37 28 30 23) Orc Archer Orc Female Fighter+1
Creature 12859 2 colors(12 0 69 37 28 30 23) Orc Archer Orc Female Fighter+1
Creature 21859 2 colors(12 0 33 37 28 30 23) Malarite Priest Human Male Cleric+4
Creature 12633 0 colors(12 0 33 37 28 30 23) Malarite Priest Human Male Cleric+4
Creature 20058 4 colors(12 0 99 37 28 30 23) Starving Leopard Female Fighter+4
Creature 12373 0 colors(12 0 99 37 28 30 23) Starving Leopard Female Fighter+4
Creature 12079 14 colors(0 0 15 0 0 0 0) Orc Archer Orc Female Fighter+4
Creature 9529 0 colors(0 0 15 0 0 0 0) Orc Archer Orc Female Fighter+4
Creature 12859 2 colors(0 0 15 0 0 0 0) Orc Archer Orc Female Fighter+4
Creature 11613 0 colors(12 0 88 37 28 30 23) Malarite High Priest Human Male Cleric+7
Creature 11619 2 colors(12 0 24 37 28 30 23) Mad Cat Female Fighter+4
Creature 13584 12 colors(12 0 104 37 28 30 23) Malarite Human Male Cleric+4
Creature 16661 10 colors(12 0 104 37 28 30 23) Malarite Human Male Cleric+4
Creature 15373 12 colors(12 0 104 37 28 30 23) Malarite Human Male Cleric+4
Creature 13087 0 colors(12 0 3 37 28 30 23) Arctic Boar Male Fighter+3
Creature 15125 12 colors(12 0 3 37 28 30 23) Arctic Boar Male Fighter+3
Creature 17165 0 colors(12 0 3 37 28 30 23) Arctic Boar Male Fighter+3
Creature 13584 12 colors(12 0 33 37 28 30 23) Malarite Priest Human Male Cleric+4
Creature 16661 10 colors(12 0 33 37 28 30 23) Malarite Priest Human Male Cleric+4
Creature 15373 12 colors(12 0 33 37 28 30 23) Malarite Priest Human Male Cleric+4
Creature 13584 12 colors(12 0 88 37 28 30 23) Malarite High Priest Human Male Cleric+7
Creature 16661 10 colors(12 0 88 37 28 30 23) Malarite High Priest Human Male Cleric+7
Creature 15373 12 colors(12 0 88 37 28 30 23) Malarite High Priest Human Male Cleric+7
Creature 19210 10 colors(12 0 88 37 28 30 23) Malarite High Priest Human Male Cleric+7
Creature 16646 12 colors(0 0 15 0 0 0 0) Orc Archer Orc Female Fighter+4
Creature 12571 14 colors(0 0 15 0 0 0 0) Orc Archer Orc Female Fighter+4
Creature 18945 12 colors(0 0 15 0 0 0 0) Orc Archer Orc Female Fighter+4
Creature 16646 12 colors(12 0 69 37 28 30 23) Orc Archer Orc Female Fighter+1
Creature 12571 14 colors(12 0 69 37 28 30 23) Orc Archer Orc Female Fighter+1
Creature 18945 12 colors(12 0 69 37 28 30 23) Orc Archer Orc Female Fighter+1
Creature 34601 0 colors(12 3 69 37 28 30 23) Cutscene Human Male Druid+8
Creature 24598 0 colors(10 79 63 42 64 30 22) 21Bridge Human Female Fighter+1
