Creature 15944 10 colors(12 0 19 37 28 30 23) Gaernat Sharptooth Male Fighter+6
Creature 16962 10 colors(12 0 45 37 28 30 23) GTH01_01 Male Fighter+3
Creature 20556 4 colors(12 0 45 37 28 30 23) GTH01_03 Male Fighter+3
Creature 24125 8 colors(12 0 45 37 28 30 23) GTH01_09 Male Fighter+3
Creature 17992 8 colors(12 0 44 37 28 30 23) GTH01_02 Male Fighter+3
Creature 25922 6 colors(12 0 44 37 28 30 23) GTH01_10 Male Fighter+3
Creature 18227 12 colors(12 0 44 37 28 30 23) GTH01_06 Male Fighter+3
Creature 17452 12 colors(12 0 73 37 28 30 23) GTH01_07 Orc Male Cleric+4
Creature 19795 4 colors(12 0 73 37 28 30 23) GTH01_08 Orc Male Cleric+4
Creature 25398 10 colors(12 0 73 37 28 30 23) GTH01_11 Orc Male Cleric+4
Creature 19768 10 colors(12 0 69 37 28 30 23) GTH01_05 Orc Female Fighter+1
Creature 22337 8 colors(12 0 69 37 28 30 23) GTH01_04 Orc Female Fighter+1
Creature 23608 10 colors(12 0 69 37 28 30 23) GTH01_12 Orc Female Fighter+1
Creature 18713 12 colors(12 0 45 37 28 30 23) GTH02_10 Male Fighter+3
Creature 12325 14 colors(12 0 45 37 28 30 23) GTH02_01 Male Fighter+3
Creature 17427 12 colors(12 0 44 37 28 30 23) GTH02_09 Male Fighter+3
Creature 12574 12 colors(12 0 44 37 28 30 23) GTH02_02 Male Fighter+3
Creature 15636 14 colors(12 0 73 37 28 30 23) GTH02_08 Orc Male Cleric+4
Creature 14109 8 colors(12 0 73 37 28 30 23) GTH02_07 Orc Male Cleric+4
Creature 8736 0 colors(12 0 69 37 28 30 23) GTH02_06 Orc Female Fighter+1
Creature 9753 14 colors(12 0 69 37 28 30 23) GTH02_05 Orc Female Fighter+1
Creature 8736 0 colors(0 0 7 0 0 0 0) GTH02_03 Orc Male Fighter+3
Creature 9753 14 colors(0 0 7 0 0 0 0) GTH02_04 Orc Male Fighter+3
Creature 11024 12 colors(12 0 57 37 28 30 23) Ogre Female Fighter+4
Creature 9786 0 colors(12 0 96 37 28 30 23) Spider Queen Female Fighter+6
Creature 11569 0 colors(12 0 97 37 28 30 23) Spider Female Fighter+2
Creature 11834 0 colors(12 0 97 37 28 30 23) Spider Female Fighter+2
Creature 10807 0 colors(12 0 97 37 28 30 23) Spider Female Fighter+2
Creature 11830 0 colors(12 0 97 37 28 30 23) Spider Female Fighter+2
Creature 12080 0 colors(12 0 97 37 28 30 23) Spider Female Fighter+2
Creature 13109 0 colors(12 0 97 37 28 30 23) Spider Female Fighter+2
Creature 20591 0 colors(12 0 64 37 28 30 23) Highland Snake Fighter+6
Creature 22626 6 colors(12 0 64 37 28 30 23) Highland Snake Fighter+6
Creature 18040 0 colors(12 0 64 37 28 30 23) Highland Snake Fighter+6
Creature 8021 2 colors(12 0 114 37 28 30 23) Harpy Female Fighter+7
Creature 8011 14 colors(12 0 114 37 28 30 23) Harpy Female Fighter+7
Creature 10570 12 colors(12 0 114 37 28 30 23) Harpy Female Fighter+7
Creature 10070 2 colors(12 0 114 37 28 30 23) Harpy Female Fighter+7
Creature 9845 2 colors(0 0 105 0 0 0 0) Verbeeg Female Fighter+5
Creature 12389 12 colors(0 0 105 0 0 0 0) Verbeeg Female Fighter+5
Creature 9068 0 colors(0 0 105 0 0 0 0) Verbeeg Female Fighter+5
Creature 15969 0 colors(12 0 45 37 28 30 23) Wererat_Scripted_Event Male Fighter+3
Creature 26898 10 colors(12 4 66 63 27 30 23) Emma Human Female Cleric+8
Creature 26384 12 colors(12 3 63 46 27 28 22) Kristian Human Male Paladin+8
Creature 26380 10 colors(0 0 55 0 0 0 0) WarriorofVirtue1 Human Male Paladin+4
Creature 27150 10 colors(0 0 55 0 0 0 0) WarriorofVirtue2 Human Male Paladin+4
Creature 27665 10 colors(0 0 55 0 0 0 0) WarriorofVirtue3 Human Male Paladin+4
