Creature 41141 12 colors(12 0 47 37 28 30 23) 02_GobMok Goblin Male Fighter+5
Creature 41910 12 colors(12 0 36 37 28 30 23) 02_GobSh Goblin Male Cleric+11
Creature 40375 14 colors(20 7 29 91 21 0 29) 02_GobHo_01 Goblin Male Fighter+2
Creature 42946 6 colors(20 7 29 91 21 0 29) 02_GobHo_03 Goblin Male Fighter+2
Creature 40900 4 colors(20 7 29 91 21 0 29) 02_GobHo_05 Goblin Male Fighter+2
Creature 36020 0 colors(12 0 51 37 28 30 23) 02_GobAr_01 Goblin Male Fighter+1
Creature 36274 14 colors(12 0 58 37 28 30 23) 02_GobArE_02 Goblin Male Fighter+2
Creature 36785 12 colors(12 0 58 37 28 30 23) 02_GobArE_04 Goblin Male Fighter+2
Creature 36792 4 colors(12 0 51 37 28 30 23) 02_GobAr_05 Goblin Male Fighter+1
Creature 37303 6 colors(12 0 51 37 28 30 23) 02_GobAr_07 Goblin Male Fighter+1
Creature 43708 8 colors(12 0 64 37 28 30 23) 02_WolWor_03 Fighter+4
Creature 40130 2 colors(12 0 64 37 28 30 23) 02_WolWor_04 Fighter+4
Creature 45272 4 colors(12 0 36 37 28 30 23) 02_GobSor_02 Goblin Male Wizard+3
Creature 46527 10 colors(12 0 51 37 28 30 23) 02_SGob_02 Goblin Male Fighter+2
Creature 47037 12 colors(12 0 51 37 28 30 23) 02_SGob_04 Goblin Male Fighter+2
Creature 39127 2 colors(12 0 51 37 28 30 23) 02_SGob_07 Goblin Male Fighter+2
Creature 36033 4 colors(12 0 51 37 28 30 23) 02_SGob_09 Goblin Male Fighter+2
Creature 36543 12 colors(12 0 58 37 28 30 23) 02_SGobE_12 Goblin Male Fighter+2
Creature 35518 10 colors(12 0 58 37 28 30 23) 02_SGobE_13 Goblin Male Fighter+2
Creature 46010 10 colors(12 0 58 37 28 30 23) 02_SGobE_14 Goblin Male Fighter+2
Creature 46300 0 colors(12 0 58 37 28 30 23) 02_SGobE_15 Goblin Male Fighter+2
Creature 43481 0 colors(12 0 51 37 28 30 23) 02_SGobAr_02 Goblin Male Fighter+2
Creature 45787 6 colors(12 0 51 37 28 30 23) 02_SGobAr_03 Goblin Male Fighter+2
Creature 46038 2 colors(12 0 58 37 28 30 23) 02_SGobArE_05 Goblin Male Fighter+3
Creature 40156 8 colors(12 0 58 37 28 30 23) 02_SGobArE_06 Goblin Male Fighter+3
Creature 40667 0 colors(12 0 58 37 28 30 23) 02_SGobArE_07 Goblin Male Fighter+3
Creature 38814 14 colors(12 0 58 37 28 30 23) 02_SGobArE_08 Goblin Male Fighter+3
Creature 36016 0 colors(12 0 58 37 28 30 23) 02_SGobArE_09 Goblin Male Fighter+3
Creature 53106 4 colors(12 0 57 37 28 30 23) Dead_Dog_01 Fighter+1
Creature 52866 14 colors(12 0 57 37 28 30 23) Dead_Dog_02 Fighter+1
Creature 57461 8 colors(12 0 57 37 28 30 23) Dead_Dog_03 Fighter+1
Creature 51590 6 colors(12 0 47 37 28 30 23) 03_OrcGot Orc Male Fighter+4
Creature 56177 2 colors(12 0 51 37 28 30 23) 03_OrcSh_01 Orc Male Cleric+9
Creature 53375 10 colors(12 0 49 37 28 30 23) 03_OrcWaE_04 Orc Male Fighter+4
Creature 52338 0 colors(12 0 49 37 28 30 23) 03_OrcWa_05 Orc Male Fighter+2
Creature 52847 14 colors(12 0 49 37 28 30 23) 03_OrcWa_07 Orc Male Fighter+2
Creature 50819 0 colors(12 0 49 37 28 30 23) 03_OrcWaE_09 Orc Male Fighter+4
Creature 50816 14 colors(12 0 49 37 28 30 23) 03_OrcWaE_10 Orc Male Fighter+4
Creature 54127 10 colors(12 0 48 37 28 30 23) 03_OrcAr_02 Orc Male Fighter+3
Creature 52331 10 colors(12 0 48 37 28 30 23) 03_SOrcAr_03 Orc Male Fighter+4
Creature 51851 4 colors(12 0 48 37 28 30 23) 03_SOrcAr_04 Orc Male Fighter+4
Creature 34175 4 colors(12 0 54 37 28 30 23) Pondmuk Goblin Male Fighter+1
Creature 47427 8 colors(12 0 53 37 28 30 23) 04_GobWR_01 Goblin Male Fighter+4
Creature 47423 10 colors(12 0 53 37 28 30 23) 04_GobWR_03 Goblin Male Fighter+4
Creature 47177 6 colors(12 0 53 37 28 30 23) 04_GobWR_05 Goblin Male Fighter+4
Creature 45900 6 colors(12 0 53 37 28 30 23) 04_GobWR_06 Goblin Male Fighter+4
Creature 44614 0 colors(12 0 64 37 28 30 23) 04_GobWRC Goblin Male Fighter+5
Creature 44602 12 colors(12 0 47 37 28 30 23) 04_GobOgr Goblin Male Fighter+5
Creature 43581 0 colors(12 0 36 37 28 30 23) 04_GobSh Goblin Male Cleric+11
Creature 44352 2 colors(12 0 36 37 28 30 23) 04_GobSor_01 Goblin Male Wizard+3
Creature 45376 6 colors(12 0 36 37 28 30 23) 04_GobSor_02 Goblin Male Wizard+3
Creature 44846 0 colors(20 7 29 91 21 0 29) 04_GobHo_01 Goblin Male Fighter+2
Creature 45104 0 colors(12 0 54 37 28 30 23) 04_GobHoE_02 Goblin Male Fighter+2
Creature 45874 2 colors(12 0 54 37 28 30 23) 04_GobHoE_03 Goblin Male Fighter+2
Creature 45372 8 colors(12 0 51 37 28 30 23) 04_GobAr_02 Goblin Male Fighter+1
Creature 51236 4 colors(12 0 64 37 28 30 23) 04_SWolWor_01 Fighter+4
Creature 50472 6 colors(12 0 64 37 28 30 23) 04_SWolWor_02 Fighter+4
Creature 51503 8 colors(12 0 64 37 28 30 23) 04_SWolWor_03 Fighter+4
Creature 26428 14 colors(74 5 64 64 74 79 74) 05_SpiWo_01 Fighter+4
Creature 26934 0 colors(74 5 64 64 74 79 74) 05_SpiWo_02 Fighter+4
Creature 27694 12 colors(74 5 64 64 74 79 74) 05_SpiWo_03 Fighter+4
Creature 26132 0 colors(12 0 57 37 28 30 23) Goblin_Dead_01 Goblin Male Fighter+2
Creature 29210 4 colors(12 0 57 37 28 30 23) Goblin_Dead_02 Goblin Male Fighter+2
Creature 4884 14 colors(74 5 63 47 74 79 74) 06_SpiWoQ Fighter+6
Creature 5392 0 colors(12 0 57 37 28 30 23) Goblin_Dead_03 Goblin Male Fighter+2
Creature 5402 6 colors(12 0 57 37 28 30 23) Goblin_Dead_04 Goblin Male Fighter+2
Creature 14358 12 colors(12 0 57 37 28 30 23) Goblin_Dead_05 Goblin Male Fighter+2
Creature 3862 4 colors(12 0 57 37 28 30 23) Goblin_Dead_06 Goblin Male Fighter+2
Creature 13155 0 colors(12 0 57 37 28 30 23) Goblin_Dead_07 Goblin Male Fighter+2
Creature 8550 2 colors(12 0 57 37 28 30 23) Goblin_Dead_08 Goblin Male Fighter+2
Creature 9571 4 colors(12 0 57 37 28 30 23) Goblin_Dead_09 Goblin Male Fighter+2
Creature 6269 0 colors(74 5 63 64 74 79 74) Spider_Dead_01 Fighter+4
Creature 6793 2 colors(74 5 63 64 74 79 74) Spider_Dead_02 Fighter+4
Creature 7566 4 colors(74 5 63 64 74 79 74) Spider_Dead_03 Fighter+4
Creature 6009 14 colors(12 0 51 37 28 30 23) 08_Gob_01 Goblin Male Fighter+1
Creature 7034 10 colors(12 0 51 37 28 30 23) 08_Gob_02 Goblin Male Fighter+1
Creature 6527 6 colors(12 0 58 37 28 30 23) 08_GobE_06 Goblin Male Fighter+2
Creature 7293 8 colors(12 0 58 37 28 30 23) 08_GobE_08 Goblin Male Fighter+2
Creature 19374 0 colors(19 0 58 37 28 30 23) 09_HobDGu Male Fighter+4
Creature 20409 0 colors(12 0 57 37 28 30 23) 09_HobDG2 Male Fighter+4
Creature 23932 0 colors(12 0 47 37 28 30 23) 10_GobVun Goblin Male Fighter+5
Creature 27039 2 colors(12 0 36 37 28 30 23) 10_GobSor Goblin Male Wizard+3
Creature 27036 0 colors(12 0 51 37 28 30 23) 10_Gob_01 Goblin Male Fighter+1
Creature 27546 14 colors(12 0 51 37 28 30 23) 10_Gob_02 Goblin Male Fighter+1
Creature 27807 4 colors(12 0 58 37 28 30 23) 10_GobE_03 Goblin Male Fighter+2
Creature 28314 10 colors(12 0 58 37 28 30 23) 10_GobE_04 Goblin Male Fighter+2
Creature 28572 8 colors(20 7 29 91 21 0 29) 10_GobHo_01 Goblin Male Fighter+2
Creature 28319 6 colors(12 0 54 37 28 30 23) 10_GobHo_02 Goblin Male Fighter+2
Creature 28070 8 colors(12 0 58 37 28 30 23) 10_GobArE_03 Goblin Male Fighter+2
Creature 27298 2 colors(12 0 54 37 28 30 23) 10_SGobHo_01 Goblin Male Fighter+2
Creature 4038 0 colors(12 0 59 37 28 30 23) 12_Oro_01 Orc Male Fighter+3
Creature 4053 0 colors(12 0 59 37 28 30 23) 12_Oro_02 Orc Male Fighter+3
Creature 14267 12 colors(12 0 59 37 28 30 23) 12_Oro_03 Orc Male Fighter+3
Creature 15039 8 colors(12 0 59 37 28 30 23) 12_Oro_05 Orc Male Fighter+3
Creature 14975 0 colors(12 0 57 37 28 30 23) DRUM_4 Fighter+1
Creature 32118 0 colors(12 0 53 37 28 30 23) Pondmuk_Worg_1 Goblin Male Fighter+4
Creature 31856 14 colors(12 0 53 37 28 30 23) Pondmuk_Worg_2 Goblin Male Fighter+4
Creature 32620 12 colors(12 0 53 37 28 30 23) Pondmuk_Worg_3 Goblin Male Fighter+4
Creature 33385 12 colors(12 0 53 37 28 30 23) Pondmuk_Worg_4 Goblin Male Fighter+4
Creature 34665 10 colors(12 0 53 37 28 30 23) Pondmuk_Worg_5 Goblin Male Fighter+4
Creature 33137 12 colors(12 0 53 37 28 30 23) Pondmuk_Worg_6 Goblin Male Fighter+4
Creature 34418 12 colors(12 0 64 37 28 30 23) Pondmuk_Worg_C Goblin Male Fighter+5
Creature 27066 2 colors(12 0 104 37 28 30 23) 15_Yquog Male Fighter+14
Creature 26038 2 GoblinWarrior
Creature 28088 6 GoblinWarrior
Creature 27836 4 GoblinWarrior
Creature 25784 4 GoblinWarrior
Creature 28090 4 GoblinWarrior
Creature 26045 2 GoblinWarrior
Creature 27070 4 GoblinWarrior
Creature 55925 0 colors(12 0 56 37 28 30 23) 03_Orc_Witch_Doctor_1 Orc Male Wizard+6
Creature 58226 8 colors(12 0 56 37 28 30 23) 03_Orc_Witch_Doctor_2 Orc Male Wizard+6
Creature 8333 8 colors(12 0 86 37 28 30 23) 08_Troll_1 Male Fighter+6
Creature 7560 12 colors(12 0 86 37 28 30 23) 08_Troll_2 Male Fighter+6
Creature 8329 10 colors(12 0 67 37 28 30 23) 08_Hardened_Fire_Troll_1 Fighter+6
Creature 6277 12 colors(12 0 67 37 28 30 23) 08_Hardened_Fire_Troll_2 Fighter+6
Creature 16796 14 colors(12 0 67 37 28 30 23) 08_Hardened_Fire_Troll_3 Fighter+6
Creature 12990 0 colors(12 0 59 37 28 30 23) 12_Oro_06 Orc Male Fighter+5
Creature 27321 4 colors(14 0 57 37 28 30 23) Skeleton Fighter+3
Creature 6940 0 colors(14 0 57 37 28 30 23) Skeleton Fighter+3
Creature 7194 4 colors(14 0 57 37 28 30 23) Skeleton Fighter+3
Creature 11550 12 colors(14 0 57 37 28 30 23) Skeleton Fighter+3
Creature 11551 0 colors(14 0 57 37 28 30 23) Skeleton Fighter+3
Creature 6934 0 colors(12 0 52 37 28 30 23) FesteringDrownedDe Fighter+17
Creature 11038 0 colors(12 0 52 37 28 30 23) FesteringDrownedDe Fighter+17
Creature 10021 8 colors(14 0 57 37 28 30 23) Skeleton Fighter+3
Creature 14622 10 colors(14 0 57 37 28 30 23) Skeleton Fighter+3
Creature 17704 0 colors(14 0 57 37 28 30 23) Skeleton Fighter+3
Creature 9239 6 colors(14 0 57 37 28 30 23) Skeleton Fighter+3
Creature 9495 0 colors(14 0 57 37 28 30 23) Skeleton Fighter+3
Creature 6934 8 colors(14 0 57 37 28 30 23) Skeleton Fighter+3
Creature 7970 0 colors(74 5 64 64 74 79 74) Wooly_Spider_Soldier_1 Fighter+4
Creature 10518 14 colors(74 5 64 64 74 79 74) Wooly_Spider_Soldier_2 Fighter+4
