Creature 17032 0 colors(10 0 41 47 30 30 23) 01_OgrCo_01 Male Fighter+4
Creature 17813 8 colors(10 0 41 47 30 30 23) 01_OgrCo_02 Male Fighter+4
Creature 32872 6 colors(10 3 43 44 28 30 23) Braston Human Female Ranger+5
Creature 30585 14 colors(15 0 49 39 28 30 23) Humanoid_Remains_01   Fighter+1
Creature 30065 0 colors(15 0 49 39 28 30 23) Humanoid_Remains_02   Fighter+1
Creature 26962 0 colors(10 3 43 44 28 30 23) BugJai Female Fighter+6
Creature 16160 14 colors(12 0 47 37 28 30 23) 02_GobHC Goblin Male Fighter+5
Creature 12334 0 colors(12 0 47 37 28 30 23) 02_OrcHC Orc Male Fighter+5
Creature 16164 2 colors(19 0 65 46 28 30 23) 02_HobCh Male Fighter+6
Creature 19232 6 colors(12 0 39 37 28 30 23) 02_Bug_01 Male Fighter+6
Creature 17441 10 colors(12 0 39 37 28 30 23) 02_Bug_02 Male Fighter+6
Creature 23604 14 colors(12 0 59 37 28 30 23) 03_OroCh Orc Male Fighter+7
Creature 7729 12 colors(12 0 59 37 28 30 23) 03_Oro_01 Orc Male Fighter+3
Creature 25398 0 colors(12 0 59 37 28 30 23) 03_Oro_02 Orc Male Fighter+3
Creature 9007 12 colors(12 0 59 37 28 30 23) 03_Oro_03 Orc Male Fighter+3
Creature 26420 10 colors(12 0 59 37 28 30 23) 03_Oro_04 Orc Male Fighter+3
Creature 27966 6 colors(12 0 59 37 28 30 23) 03_Oro_05 Orc Male Fighter+3
Creature 12647 2 colors(12 0 39 37 28 30 23) 04_Bug_01 Male Fighter+6
Creature 12127 2 colors(12 0 39 37 28 30 23) 04_Bug_02 Male Fighter+6
Creature 15212 4 colors(12 0 47 37 28 30 23) 04_OrcHSh Orc Male Cleric+11
Creature 11624 2 colors(12 0 56 37 28 30 23) 04_OrcWD Orc Male Wizard+6
Creature 17716 2 colors(12 0 101 37 28 30 23) 05_BugGut Male Fighter+8
Creature 21086 10 colors(12 0 47 37 28 30 23) 05_OrcHC Orc Male Fighter+5
Creature 20315 10 colors(12 0 47 37 28 30 23) 05_GobHCh Goblin Male Fighter+5
Creature 21600 10 colors(12 0 47 37 28 30 23) 05_OrcHSh Orc Male Cleric+11
Creature 20837 6 colors(12 0 56 37 28 30 23) 05_OrcWD Orc Male Wizard+6
Creature 28950 10 colors(12 0 59 37 28 30 23) Old_Orc Orc Male Fighter+10
Creature 13859 6 colors(12 0 56 37 28 30 23) 02_GobSor Orc Male Wizard+6
Creature 19222 14 colors(12 0 51 37 28 30 23) 02_OrcSh Orc Male Cleric+5
Creature 20502 10 colors(12 0 56 37 28 30 23) 02_OrcWD Orc Male Wizard+6
Creature 9017 6 colors(12 0 56 37 28 30 23) 03_OrcWD Orc Male Wizard+6
Creature 12658 4 colors(12 0 56 37 28 30 23) 04_GobSor Orc Male Wizard+6
Creature 21602 6 colors(12 0 56 37 28 30 23) 05_GobSor Orc Male Wizard+6
Creature 10843 0 colors(12 0 36 37 28 30 23) 04_GobSh Goblin Male Cleric+6
Creature 24858 0 colors(12 0 39 37 28 30 23) 06_Bug_01 Male Fighter+6
Creature 26403 2 colors(12 0 39 37 28 30 23) 06_Bug_02 Male Fighter+6
Creature 25360 14 colors(12 0 39 37 28 30 23) 06_Bug_03 Male Fighter+6
Creature 28967 6 colors(12 0 39 37 28 30 23) 06_Bug_04 Male Fighter+6
Creature 24713 0 colors(12 0 54 37 28 30 23) Pondmuk Goblin Male Fighter+1
Creature 17198 14 colors(12 0 57 37 28 30 23) Sherincal Male Fighter+8
Creature 29461 10 colors(10 3 43 44 28 30 23) Braston_Watcher Human Female Ranger+5
