Creature 40825 14 colors(87 1 58 110 110 30 81) Yurst Human Male Fighter+10
Creature 45724 4 colors(12 0 39 37 28 30 23) 03_Fomorian_01 Male Fighter+13
Creature 48541 4 colors(12 0 39 37 28 30 23) 03_Fomorian_02 Male Fighter+13
Creature 46997 4 colors(12 0 39 37 28 30 23) 03_Fomorian_03 Male Fighter+13
Creature 47809 0 colors(12 0 39 37 28 30 23) 03_Fomorian_04 Male Fighter+13
Creature 48571 14 colors(12 0 39 37 28 30 23) 03_Fomorian_05 Male Fighter+13
Creature 50622 14 colors(12 0 39 37 28 30 23) 03_Fomorian_08 Male Fighter+13
Creature 53436 10 colors(12 0 39 37 28 30 23) 03_Fomorian_09 Male Fighter+13
Creature 51395 6 colors(12 0 40 37 28 30 23) Goublika Male Fighter+5
Creature 14115 14 colors(109 107 84 46 79 33 113) Beodaewn Male Fighter+6
Creature 13848 14 colors(109 24 99 60 30 32 19) 01_Cult_01 Human Male Fighter+4
Creature 14623 14 colors(109 24 99 60 30 32 19) 01_Cult_02 Human Male Fighter+4
Creature 14618 14 colors(109 24 99 60 30 32 19) 01_Cult_03 Human Male Fighter+4
Creature 15133 14 colors(109 24 99 60 30 32 19) 01_Cult_04 Human Male Fighter+4
Creature 12326 14 colors(109 24 99 60 30 32 19) 01_Cult_05 Human Male Fighter+4
Creature 11044 14 colors(109 24 99 60 30 32 19) 01_Cult_06 Human Male Fighter+4
Creature 10530 14 colors(109 24 99 60 30 32 19) 01_Cult_07 Human Male Fighter+4
Creature 10527 14 colors(109 24 99 60 30 32 19) 01_Cult_08 Human Male Fighter+4
Creature 10524 14 colors(109 24 99 60 30 32 19) 01_Cult_09 Human Male Fighter+4
Creature 11033 14 colors(109 24 99 60 30 32 19) 01_Cult_10 Human Male Fighter+4
Creature 12566 14 colors(109 24 99 60 30 32 19) 01_Cult_11 Human Male Fighter+4
Creature 13604 14 colors(109 24 99 60 30 32 19) 01_Cult_12 Human Male Fighter+4
Creature 24121 12 colors(12 0 57 37 28 30 23) 05_Yeti_01 Male Fighter+6
Creature 23881 4 colors(12 0 57 37 28 30 23) 05_Yeti_02 Male Fighter+6
Creature 25673 6 colors(12 0 57 37 28 30 23) 05_Yeti_03 Male Fighter+6
Creature 25153 8 colors(12 0 57 37 28 30 23) 05_Yeti_04 Male Fighter+6
Creature 24381 12 colors(12 0 57 37 28 30 23) 05_Yeti_05 Male Fighter+6
Creature 24389 6 colors(12 0 57 37 28 30 23) 05_Yeti_06 Male Fighter+6
Creature 13718 0 colors(113 19 22 96 24 111 66) Illium Elf Male Ranger+12
Creature 27836 0 colors(113 67 96 47 30 30 22) Odea HalfElf Female Druid+12
Creature 5030 4 colors(113 24 22 96 31 111 72) 02_Commander_22 Elf Male Ranger+8
Creature 29354 14 colors(113 94 86 96 28 114 23) 02_Male_Ranger_23 Elf Male Ranger+4
Creature 30628 14 colors(113 94 86 96 28 114 23) 02_Male_Ranger_24 Elf Male Ranger+4
Creature 29855 14 colors(12 0 57 37 28 30 23) 02_Male_Druid_25 HalfElf Male Druid+4
Creature 28070 14 colors(12 0 57 37 28 30 23) 02_Male_Druid_26 HalfElf Male Druid+4
Creature 17832 14 colors(113 47 54 96 28 114 23) 02_Female_Ranger_27 Elf Female Ranger+4
Creature 5756 14 colors(113 47 54 96 28 114 23) 02_Female_Ranger_28 Elf Female Ranger+4
Creature 9407 2 colors(113 47 58 56 28 30 23) 02_Female_Druid_29 HalfElf Female Druid+4
Creature 27806 14 colors(113 47 58 56 28 30 23) 02_Female_Druid_30 HalfElf Female Druid+4
Creature 29612 0 colors(12 0 57 37 28 30 23) 02_Dog_31 Male Fighter+2
Creature 30631 14 colors(12 0 57 37 28 30 23) 02_Dog_32 Male Fighter+2
Creature 25290 2 colors(113 94 86 96 28 114 23) 02_Male_Ranger_33 Elf Male Ranger+4
Creature 8823 14 colors(113 47 54 96 28 114 23) 02_Female_Ranger_34 Elf Female Ranger+4
Creature 2243 0 colors(12 0 57 37 28 30 23) 02_Dog_35 Male Fighter+2
Creature 24497 14 colors(12 0 57 37 28 30 23) 02_Male_Druid_36 HalfElf Male Druid+4
Creature 15293 0 colors(113 47 58 56 28 30 23) 02_Female_Druid_37 HalfElf Female Druid+4
Creature 25800 2 colors(12 0 57 37 28 30 23) 02_Dog_38 Male Fighter+2
Creature 23738 0 colors(12 0 57 37 28 30 23) 02_Male_Druid_39 HalfElf Male Druid+4
Creature 13745 2 colors(12 0 57 37 28 30 23) 02_Male_Druid_40 HalfElf Male Druid+4
Creature 16050 2 colors(12 0 57 37 28 30 23) 02_Male_Druid_41 HalfElf Male Druid+4
Creature 7853 2 colors(113 47 58 56 28 30 23) 02_Female_Druid_42 HalfElf Female Druid+4
Creature 10190 2 colors(113 47 58 56 28 30 23) 02_Female_Druid_43 HalfElf Female Druid+4
Creature 9382 2 colors(113 47 58 56 28 30 23) 02_Female_Druid_44 HalfElf Female Druid+4
Creature 16804 2 colors(113 94 86 96 28 114 23) 02_Male_Ranger_45 Elf Male Ranger+4
Creature 10911 0 colors(113 94 86 96 28 114 23) 02_Male_Ranger_46 Elf Male Ranger+4
Creature 14494 2 colors(113 94 86 96 28 114 23) 02_Male_Ranger_47 Elf Male Ranger+4
Creature 7622 0 colors(113 47 54 96 28 114 23) 02_Female_Ranger_48 Elf Female Ranger+4
Creature 7875 0 colors(113 47 54 96 28 114 23) 02_Female_Ranger_49 Elf Female Ranger+4
Creature 7615 0 colors(113 47 54 96 28 114 23) 02_Female_Ranger_50 Elf Female Ranger+4
Creature 11967 2 colors(12 0 57 37 28 30 23) 02_Dog_51 Male Fighter+2
Creature 14273 2 colors(12 0 57 37 28 30 23) 02_Dog_52 Male Fighter+2
Creature 12471 2 colors(12 0 57 37 28 30 23) 02_Dog_53 Male Fighter+2
Creature 13994 0 colors(12 0 57 37 28 30 23) 02_Dog_54 Male Fighter+2
Creature 12702 0 colors(12 0 57 37 28 30 23) 02_Dog_55 Male Fighter+2
Creature 1991 0 colors(12 0 57 37 28 30 23) 02_Dog_56 Male Fighter+2
Creature 16030 14 colors(12 0 57 37 28 30 23) 02_Dog_57 Male Fighter+2
Creature 13769 10 colors(12 0 57 37 28 30 23) 02_Dog_58 Male Fighter+2
Creature 28309 0 colors(12 0 57 37 28 30 23) 02_Dog_59 Male Fighter+2
Creature 12759 2 colors(113 24 22 96 31 111 72) 02_Commander_60 Elf Male Ranger+8
Creature 24128 2 colors(12 0 43 0 0 0 42) Mother Human Female Fighter+1
Creature 24130 12 colors(12 0 43 0 0 0 42) Father Human Male Fighter+1
Creature 23873 0 colors(12 0 12 0 0 0 16) Sister Human Female Fighter+1
Creature 24129 0 colors(12 0 18 0 0 0 82) Brother Human Male Fighter+1
Creature 41082 14 colors(109 24 99 60 30 32 19) 01_Crushed_Cult_01 Male Fighter+4
Creature 41848 2 colors(109 24 99 60 30 32 19) 01_Crushed_Cult_02 Male Fighter+4
Creature 40313 10 colors(109 24 99 60 30 32 19) 01_Crushed_Cult_03 Male Fighter+4
Creature 40822 6 colors(109 24 99 60 30 32 19) 01_Crushed_Cult_04 Male Fighter+4
Creature 13718 0 colors(113 19 22 96 24 111 66) Illium Elf Male Ranger+18
Creature 13718 0 colors(113 19 22 96 24 111 66) Illium Elf Male Ranger+24
Creature 27836 0 colors(113 67 96 47 30 30 22) Odea HalfElf Female Druid+18
Creature 27836 0 colors(113 67 96 47 30 30 22) Odea HalfElf Female Druid+24
Creature 39453 0 colors(12 0 57 37 28 30 23) BeetleNest Fighter+7
Creature 4736 0 colors(12 0 57 37 28 30 23) Sherincal Female Fighter+8
Creature 51239 0 colors(0 0 55 0 0 0 0) OswaldsNote Cleric+30
Creature 53898 4 colors(12 0 14 37 28 30 23) 09_40SpiFr_01 Male Fighter+10
Creature 46703 0 colors(12 0 14 37 28 30 23) 09_40SpiFrH_02 Male Fighter+10
Creature 46906 14 colors(12 0 14 37 28 30 23) 09_40SpiFrH_03 Male Fighter+10
Creature 47224 0 colors(12 0 14 37 28 30 23) 09_40SpiFrH_04 Male Fighter+10
Creature 47952 14 colors(12 0 14 37 28 30 23) 09_40SpiFrH_05 Male Fighter+10
Creature 11604 0 colors(12 0 63 37 28 30 23) Beacon_1 Male Fighter+6
Creature 46894 0 colors(12 0 63 37 28 30 23) Beacon_2 Male Fighter+6
Creature 49074 0 colors(12 0 63 37 28 30 23) Beacon_3 Male Fighter+6
