Creature 17015 14 colors(114 68 58 57 67 47 47) Nickademus Human Male Wizard+20
Creature 514 0 colors(0 0 55 0 0 0 0) INVISIBLE Cleric+30
Creature 21137 6 colors(14 0 57 37 28 30 23) BossFiend Fighter+16
Creature 50754 8 colors(12 0 57 37 28 30 23) Cornugon Male Fighter+15
Creature 26499 0 colors(12 0 57 37 28 30 23) Cornugon Male Fighter+15
Creature 11132 12 colors(12 0 57 37 28 30 23) RedAbishai Male Fighter+8
Creature 7557 0 colors(12 0 57 37 28 30 23) RedAbishai Male Fighter+8
Creature 10125 2 colors(12 0 57 37 28 30 23) RedAbishai Male Fighter+8
Creature 11911 8 colors(12 0 57 37 28 30 23) RedAbishai Male Fighter+8
Creature 25647 10 colors(12 0 57 37 28 30 23) Glabrezu Male Fighter+11
Creature 60008 10 colors(12 0 57 37 28 30 23) Glabrezu Male Fighter+11
Creature 9641 2 colors(12 0 57 37 28 30 23) Glabrezu Male Fighter+11
Creature 25356 0 colors(12 0 57 37 28 30 23) WhiteAbishai Male Fighter+30
Creature 51383 0 colors(12 0 57 37 28 30 23) WhiteAbishai Male Fighter+30
Creature 55131 10 colors(12 0 57 37 28 30 23) WhiteAbishai Male Fighter+30
Creature 33247 0 colors(12 0 57 37 28 30 23) WhiteAbishai Male Fighter+30
Creature 40041 10 colors(12 0 57 37 28 30 23) WhiteAbishai Male Fighter+30
Creature 34680 8 colors(12 0 57 37 28 30 23) Lemure Male Fighter+3
Creature 56725 4 colors(12 0 57 37 28 30 23) Lemure Male Fighter+3
Creature 54909 2 colors(12 0 57 37 28 30 23) Lemure Male Fighter+3
Creature 45390 0 colors(12 0 57 37 28 30 23) Lemure Male Fighter+3
Creature 47903 10 colors(12 0 57 37 28 30 23) Lemure Male Fighter+3
Creature 42511 8 colors(12 0 57 37 28 30 23) Lemure Male Fighter+3
Creature 30287 0 colors(12 0 57 37 28 30 23) Lemure Male Fighter+3
Creature 23387 4 colors(12 0 57 37 28 30 23) Lemure Male Fighter+3
Creature 7271 0 colors(12 0 57 37 28 30 23) Lemure Male Fighter+3
Creature 14007 0 colors(12 0 57 37 28 30 23) Lemure Male Fighter+3
Creature 18103 0 colors(12 0 57 37 28 30 23) Lemure Male Fighter+3
Creature 21718 0 colors(12 0 57 37 28 30 23) Lemure Male Fighter+3
Creature 40855 4 colors(12 0 57 37 28 30 23) Lemure Male Fighter+3
Creature 35271 4 colors(12 0 57 37 28 30 23) Lemure Male Fighter+3
Creature 59793 8 colors(12 0 57 37 28 30 23) Lemure Male Fighter+3
Creature 15941 2 colors(12 0 57 37 28 30 23) Lemure Male Fighter+3
Creature 54142 0 colors(14 0 57 37 28 30 23) Gelugon Fighter+16
Creature 42257 10 colors(14 0 57 37 28 30 23) Gelugon Fighter+16
Creature 23643 4 colors(12 0 57 37 28 30 23) Cornugon Male Fighter+15
Creature 35271 4 colors(12 0 57 37 28 30 23) Cornugon Male Fighter+15
Creature 14263 0 colors(12 0 57 37 28 30 23) Cornugon Male Fighter+15
Creature 7527 2 colors(12 0 57 37 28 30 23) Cornugon Male Fighter+15
Creature 47904 10 colors(12 0 57 37 28 30 23) RedAbishai Male Fighter+8
Creature 30287 14 colors(12 0 57 37 28 30 23) RedAbishai Male Fighter+8
Creature 59793 8 colors(12 0 57 37 28 30 23) RedAbishai Male Fighter+8
Creature 34680 6 colors(12 0 57 37 28 30 23) Glabrezu Male Fighter+11
Creature 21974 2 colors(12 0 57 37 28 30 23) Glabrezu Male Fighter+11
Creature 41111 4 colors(12 0 57 37 28 30 23) WhiteAbishai Male Fighter+30
Creature 7015 2 colors(14 0 57 37 28 30 23) Gelugon Fighter+16
Creature 34503 4 colors(14 0 57 37 28 30 23) Gelugon Fighter+16
Creature 29775 14 colors(14 0 57 37 28 30 23) Gelugon Fighter+16
Creature 41110 4 colors(12 0 57 37 28 30 23) Cornugon Male Fighter+15
Creature 48159 10 colors(12 0 57 37 28 30 23) Glabrezu Male Fighter+11
Creature 33913 8 colors(14 0 57 37 28 30 23) Gelugon Fighter+16
