Creature 25894 2 colors(12 0 62 38 30 39 23) 01_50ETR_01 Male Fighter+5
Creature 31279 2 colors(12 0 62 38 30 39 23) 01_50ETR_02 Male Fighter+5
Creature 28710 2 colors(12 0 62 38 30 39 23) 01_50ETR_03 Male Fighter+5
Creature 33337 2 colors(12 0 62 38 30 39 23) 01_50ETR_04 Male Fighter+5
Creature 25897 2 colors(12 0 14 37 28 30 23) 01_50SPIFH_05 Male Fighter+10
Creature 29480 2 colors(12 0 14 37 28 30 23) 01_50SPIFH_06 Male Fighter+10
Creature 30762 2 colors(12 0 14 37 28 30 23) 01_50SPIFH_07 Male Fighter+10
Creature 32562 2 colors(12 0 14 37 28 30 23) 01_50SPIFH_08 Male Fighter+10
Creature 32572 2 colors(12 0 14 37 28 30 23) 01_50SPIFH_09 Male Fighter+10
Creature 28202 2 colors(12 0 14 37 28 30 23) 01_50SPIFH_10 Male Fighter+10
Creature 31027 2 colors(12 0 14 37 28 30 23) 01_50SPIFH_11 Male Fighter+10
Creature 29229 2 colors(12 0 14 37 28 30 23) 01_50SPIFH_12 Male Fighter+10
Creature 43646 6 colors(12 0 62 37 28 30 23) 03_50TROSG_03 Fighter+9
Creature 44152 4 colors(12 0 62 37 28 30 23) 03_50TROSG_04 Fighter+9
Creature 44144 12 colors(12 0 61 37 28 30 23) 03_50TROSN_05 Fighter+7
Creature 42360 12 colors(12 0 61 37 28 30 23) 03_50TROSN_07 Fighter+7
Creature 32652 12 colors(12 0 62 37 28 30 23) 04_50TROSG_02 Fighter+9
Creature 34452 6 colors(12 0 62 37 28 30 23) 04_50TROSG_03 Fighter+9
Creature 28314 12 colors(12 0 62 37 28 30 23) 04_50TROSG_04 Fighter+9
Creature 28036 12 colors(12 0 61 37 28 30 23) 04_50TROSN_07 Fighter+7
Creature 28046 10 colors(12 0 61 37 28 30 23) 04_50TROSN_08 Fighter+7
Creature 26770 2 colors(12 0 61 37 28 30 23) 04_50TROSN_09 Fighter+7
Creature 27553 2 colors(12 0 61 37 28 30 23) 04_50TROSN_10 Fighter+7
Creature 27850 2 colors(12 0 43 37 28 30 23) 05_50Hadbru_01 Human Male Cleric+13
Creature 27598 2 colors(12 0 38 37 28 30 23) 05_50BARWA_02 Human Male Fighter+8
Creature 29394 4 colors(12 0 38 37 28 30 23) 05_50BARWA_03 Human Male Fighter+8
Creature 26823 2 colors(12 0 38 37 28 30 23) 05_50BARW2_04 Human Male Fighter+8
Creature 26828 2 colors(12 0 38 37 28 30 23) 05_50BARW2_05 Human Male Fighter+8
Creature 28879 2 colors(12 0 38 37 28 30 23) 05_50BARW2_06 Human Male Fighter+8
Creature 25800 2 colors(12 0 38 37 28 30 23) 05_50BARWA_07 Human Male Fighter+8
Creature 28375 4 colors(12 0 38 37 28 30 23) 05_50BARWA_08 Human Male Fighter+8
Creature 27090 2 colors(12 0 43 37 28 30 23) 05_50BARSH_09 Human Male Cleric+9
Creature 26841 2 colors(12 0 38 37 28 30 23) 05_50BARW2_10 Human Male Fighter+8
Creature 6337 0 colors(12 0 36 37 28 30 23) 06_50WYV_01 Male Fighter+7
Creature 6601 0 colors(12 0 36 37 28 30 23) 06_50WYV_02 Male Fighter+7
Creature 5069 0 colors(12 0 36 37 28 30 23) 06_50WYV_03 Male Fighter+7
Creature 5334 2 colors(12 0 36 37 28 30 23) 06_50WYV_04 Male Fighter+7
Creature 15287 10 colors(12 0 36 37 28 30 23) 06_50WYVH_05 Male Fighter+7
Creature 17349 10 colors(12 0 36 37 28 30 23) 06_50WYVH_06 Male Fighter+7
Creature 18644 8 colors(12 0 36 37 28 30 23) 06_50WYVH_07 Male Fighter+7
Creature 16573 10 colors(12 0 36 37 28 30 23) 06_50WYVH_08 Male Fighter+7
Creature 18124 8 colors(12 0 36 37 28 30 23) 06_50WYVH_09 Male Fighter+7
Creature 32843 8 colors(12 0 14 37 28 30 23) 01_50SPIFR_01 Male Fighter+10
Creature 34380 8 colors(12 0 14 37 28 30 23) 01_50SPIFR_02 Male Fighter+10
Creature 34138 6 colors(12 0 14 37 28 30 23) 01_50SPIFR_03 Male Fighter+10
Creature 24916 2 colors(12 0 14 37 28 30 23) 01_50SPIFR_04 Male Fighter+10
Creature 23639 2 colors(12 0 14 37 28 30 23) 01_50SPIFR_05 Male Fighter+10
Creature 27974 0 colors(12 0 14 37 28 30 23) 01_50SPIFH_06 Male Fighter+10
Creature 29510 0 colors(12 0 14 37 28 30 23) 01_50SPIFH_07 Male Fighter+10
Creature 29515 0 colors(12 0 14 37 28 30 23) 01_50SPIFH_08 Male Fighter+10
Creature 29520 0 colors(12 0 14 37 28 30 23) 01_50SPIFH_09 Male Fighter+10
Creature 29525 0 colors(12 0 14 37 28 30 23) 01_50SPIFH_10 Male Fighter+10
Creature 29530 0 colors(12 0 14 37 28 30 23) 01_50SPIFH_11 Male Fighter+10
Creature 29535 0 colors(12 0 14 37 28 30 23) 01_50SPIFH_12 Male Fighter+10
Creature 37096 4 colors(12 0 38 37 28 30 23) 07_50BARWAH_01 Human Male Fighter+8
Creature 39139 4 colors(12 0 38 37 28 30 23) 07_50BARWAH_02 Human Male Fighter+8
Creature 40165 4 colors(12 0 38 37 28 30 23) 07_50BARWAH_03 Human Male Fighter+8
Creature 38373 4 colors(12 0 38 37 28 30 23) 07_50BARWAH_04 Human Male Fighter+8
Creature 41192 4 colors(12 0 38 37 28 30 23) 07_50BARWAH_05 Human Male Fighter+8
Creature 39145 4 colors(12 0 43 37 28 30 23) 07_50BARSHH_06 Human Male Cleric+9
Creature 44737 8 colors(12 0 38 37 28 30 23) 08_50BARWAH_01 Human Male Fighter+8
Creature 44485 8 colors(12 0 38 37 28 30 23) 08_50BARWAH_02 Human Male Fighter+8
Creature 44238 8 colors(12 0 38 37 28 30 23) 08_50BARWAH_03 Human Male Fighter+8
Creature 44243 8 colors(12 0 38 37 28 30 23) 08_50BARWAH_04 Human Male Fighter+8
Creature 45016 8 colors(12 0 38 37 28 30 23) 08_50BARWAH_05 Human Male Fighter+8
Creature 44490 8 colors(12 0 43 37 28 30 23) 08_50BARSHH_06 Human Male Cleric+9
Creature 45759 8 colors(12 0 38 37 28 30 23) 09_50BARWAH_01 Human Male Fighter+8
Creature 45506 8 colors(12 0 38 37 28 30 23) 09_50BARWAH_02 Human Male Fighter+8
Creature 45510 8 colors(12 0 38 37 28 30 23) 09_50BARWAH_03 Human Male Fighter+8
Creature 45514 8 colors(12 0 38 37 28 30 23) 09_50BARWAH_04 Human Male Fighter+8
Creature 45011 8 colors(12 0 38 37 28 30 23) 09_50BARWAH_05 Human Male Fighter+8
Creature 45262 8 colors(12 0 43 37 28 30 23) 09_50BARSHH_06 Human Male Cleric+9
Creature 46783 8 colors(12 0 38 37 28 30 23) 10_50BARWAH_01 Human Male Fighter+8
Creature 46531 8 colors(12 0 38 37 28 30 23) 10_50BARWAH_02 Human Male Fighter+8
Creature 46535 8 colors(12 0 38 37 28 30 23) 10_50BARWAH_03 Human Male Fighter+8
Creature 46543 8 colors(12 0 38 37 28 30 23) 10_50BARWAH_04 Human Male Fighter+8
Creature 45778 8 colors(12 0 38 37 28 30 23) 10_50BARWAH_05 Human Male Fighter+8
Creature 46794 8 colors(12 0 43 37 28 30 23) 10_50BARSHH_06 Human Male Cleric+9
Creature 12170 2 colors(0 0 55 0 0 0 0) 11_50Bones_01 Human Male Fighter+1
Creature 12908 10 colors(0 0 55 0 0 0 0) 11_50Bones_02 Human Male Fighter+1
Creature 13672 8 colors(0 0 55 0 0 0 0) 11_50Bones_03 Human Male Fighter+1
Creature 13400 4 colors(0 0 55 0 0 0 0) 11_50Corpse_04 Human Male Fighter+1
Creature 13127 12 colors(12 0 63 37 28 30 23) 11_50Abomin_05 Male Fighter+12
Creature 14648 6 colors(0 0 55 0 0 0 0) 11_50Bones_06 Human Male Fighter+1
Creature 14645 4 colors(0 0 55 0 0 0 0) 11_50Bones_07 Human Male Fighter+1
Creature 25562 0 colors(12 0 38 37 28 30 23) STONE_WATCHER Human Male Fighter+8
Creature 39291 2 colors(12 0 61 37 28 30 23) 03_50TROSG_02 Cleric+11
Creature 40564 10 colors(12 0 61 37 28 30 23) 03_50TROSN_06 Cleric+11
Creature 28043 4 colors(12 0 61 37 28 30 23) 04_50TROSG_01 Cleric+11
Creature 32146 2 colors(12 0 61 37 28 30 23) 04_50TROSN_11 Cleric+11
