Creature 24889 2 colors(12 0 39 37 28 30 23) 01_50GNTFO_01 Male Fighter+13
Creature 25403 2 colors(12 3 57 63 28 30 23) 01_50Thvara_02 Human Female Cleric+7
Creature 26427 4 colors(12 0 38 37 28 30 23) 01_50BARWA_03 Human Male Fighter+8
Creature 25661 4 colors(12 0 38 37 28 30 23) 01_50BARWA_04 Human Male Fighter+8
Creature 25142 2 colors(12 0 38 37 28 30 23) 01_50BARW2_05 Human Male Fighter+8
Creature 24637 2 colors(12 0 38 37 28 30 23) 01_50BARW2_06 Human Male Fighter+8
Creature 26686 4 colors(12 0 38 37 28 30 23) 01_50BARWA_07 Human Male Fighter+8
Creature 25921 4 colors(12 0 43 37 28 30 23) 01_50BARSH_08 Human Male Cleric+9
Creature 23356 2 colors(12 0 43 37 28 30 23) 01_50BARSH_09 Human Male Cleric+9
Creature 15907 14 colors(12 0 65 37 28 30 23) 02_50WLFDF_01 Male Fighter+8
Creature 16416 14 colors(12 0 64 37 28 30 23) 02_50WLFDI_02 Male Fighter+6
Creature 15396 14 colors(12 0 64 37 28 30 23) 02_50WLFDI_03 Male Fighter+6
Creature 16670 14 colors(12 0 64 37 28 30 23) 02_50WLFDI_04 Male Fighter+6
Creature 32773 10 colors(12 0 65 37 28 30 23) 02_50WFDFH_05 Male Fighter+8
Creature 32771 10 colors(12 0 64 37 28 30 23) 02_50WFDH_06 Male Fighter+6
Creature 33542 10 colors(12 0 64 37 28 30 23) 02_50WFDH_07 Male Fighter+6
Creature 12580 2 colors(12 0 65 37 28 30 23) 02_50WFDFH_08 Male Fighter+8
Creature 14371 2 colors(12 0 65 37 28 30 23) 02_50WFDFH_09 Male Fighter+8
Creature 14368 2 colors(12 0 64 37 28 30 23) 02_50WFDH_10 Male Fighter+6
Creature 14109 2 colors(12 0 64 37 28 30 23) 02_50WFDH_11 Male Fighter+6
Creature 13850 2 colors(12 0 64 37 28 30 23) 02_50WFDH_12 Male Fighter+6
Creature 13352 2 colors(12 0 64 37 28 30 23) 02_50WFDH_13 Male Fighter+6
Creature 33538 10 colors(12 0 65 37 28 30 23) 02_50WFDFH_14 Male Fighter+8
Creature 13605 2 colors(12 0 65 37 28 30 23) 02_50WFDFH_15 Male Fighter+8
Creature 13345 2 colors(12 0 65 37 28 30 23) 02_50WFDFH_16 Male Fighter+8
Creature 34105 14 colors(12 0 51 39 28 30 23) 03_50WITBA_01 Male Fighter+9
Creature 32569 14 colors(12 0 49 39 28 30 23) 03_50WIT_03 Male Fighter+4
Creature 33335 14 colors(12 0 49 39 28 30 23) 03_50WIT_04 Male Fighter+4
Creature 33844 14 colors(12 0 49 39 28 30 23) 03_50WIT_05 Male Fighter+4
Creature 34353 14 colors(12 0 49 39 28 30 23) 03_50WIT_06 Male Fighter+4
Creature 33339 14 colors(12 0 49 39 28 30 23) 03_50WIT_07 Male Fighter+4
Creature 34614 14 colors(12 0 49 39 28 30 23) 03_50WIT_08 Male Fighter+4
Creature 35124 14 colors(12 0 49 39 28 30 23) 03_50WIT_09 Male Fighter+4
Creature 35121 14 colors(12 0 49 39 28 30 23) 03_50WIT_10 Male Fighter+4
Creature 22909 0 colors(12 3 39 38 28 30 23) 04_50HNT_01 Human Male Ranger+3
Creature 24444 10 colors(12 3 39 38 28 30 23) 04_50HNT_02 Human Male Ranger+3
Creature 23674 12 colors(12 3 41 40 28 30 23) 04_50HNT2_03 Human Male Ranger+3
Creature 23680 4 colors(12 3 41 40 28 30 23) 04_50HNT2_04 Human Male Ranger+3
Creature 24447 6 colors(12 1 43 42 28 30 23) 04_50HNT3_05 Human Male Ranger+3
Creature 9075 0 colors(12 5 43 47 28 30 23) 05_50Suoma_01 Human Female Wizard+9
Creature 18583 4 colors(12 4 39 38 28 30 23) 05_50Venla_02 Human Female Druid+6
Creature 10898 2 colors(12 5 65 64 28 30 23) 05_50Tahvo_03 Human Male Ranger+10
Creature 14198 10 colors(12 5 43 42 28 30 23) 05_50Kurttu_04 Human Female Fighter+1
Creature 12182 14 colors(12 4 39 53 28 30 23) 05_50Carita_05 Human Female Fighter+1
Creature 12440 6 colors(12 3 43 36 28 30 23) 05_50Leevi_06 Human Male Ranger+6
Creature 9088 12 colors(12 4 39 38 28 30 23) 05_50Jari_07 Human Male Ranger+1
Creature 12945 6 colors(12 3 39 38 28 30 23) 05_50Pairi_08 HalfElf Female Sorcerer+1
Creature 10864 14 colors(12 3 39 38 28 30 23) 05_50VIL_09 Human Female Fighter+1
Creature 13697 4 colors(12 3 41 40 28 30 23) 05_50VIL2_10 Human Female Fighter+1
Creature 15494 0 colors(12 1 43 42 28 30 23) 05_50VIL3_11 Human Female Fighter+1
Creature 18068 8 colors(12 3 39 38 28 30 23) 05_50VIL_12 Human Female Fighter+1
Creature 9852 0 colors(12 3 41 40 28 30 23) 05_50VIL2_13 Human Female Fighter+1
Creature 16769 0 colors(12 4 39 38 28 30 23) 05_50Hannu_14 Human Male Fighter+1
Creature 18564 2 colors(12 3 39 38 28 30 23) 05_50CHILDM_15 Human Male Fighter+1
Creature 10103 2 colors(12 3 39 38 28 30 23) 05_50CHILDF_16 Human Female Fighter+1
Creature 16526 6 colors(12 3 39 38 28 30 23) 05_50CHILDF_17 Human Female Fighter+1
Creature 14468 0 colors(66 79 60 59 27 27 66) 06_50Nym_01 Male Rogue+17
Creature 19841 10 colors(12 3 49 38 28 30 23) 07_50Isair_01 HalfElf Male Fighter+30
Creature 20357 10 colors(12 3 48 38 28 30 23) 07_50Madae_02 HalfElf Female Fighter+30
