Creature 13384 0 colors(12 0 61 37 28 30 23) 01_50TROSN_01 Fighter+7
Creature 20589 4 colors(12 0 61 37 28 30 23) 01_50TROSN_02 Fighter+7
Creature 21608 2 colors(12 0 61 37 28 30 23) 01_50TROSN_03 Fighter+7
Creature 19559 2 colors(12 0 62 37 28 30 23) 01_50TROSG_06 Fighter+9
Creature 12366 0 colors(12 0 62 37 28 30 23) 01_50TROSG_07 Fighter+9
Creature 20339 4 colors(12 0 62 37 28 30 23) 01_50TROSG_08 Fighter+9
Creature 11335 0 colors(12 0 61 37 28 30 23) 01_50TROSN_10 Fighter+7
Creature 19611 4 colors(12 0 38 37 28 30 23) 02_50BARLD_01 Human Male Fighter+13
Creature 20128 4 colors(12 0 38 37 28 30 23) 02_50BARWA_02 Human Male Fighter+8
Creature 20637 4 colors(12 0 38 37 28 30 23) 02_50BARW2_03 Human Male Fighter+8
Creature 19358 4 colors(12 0 38 37 28 30 23) 02_50BARW2_04 Human Male Fighter+8
Creature 21153 4 colors(12 0 38 37 28 30 23) 02_50BARWA_05 Human Male Fighter+8
Creature 19875 4 colors(12 0 43 37 28 30 23) 02_50BARSH_06 Human Male Cleric+9
Creature 20645 4 colors(12 0 38 37 28 30 23) 02_50BARW2_07 Human Male Fighter+8
Creature 21670 4 colors(12 0 43 37 28 30 23) 02_50BARSH_08 Human Male Cleric+9
Creature 14409 14 colors(12 0 65 37 28 30 23) 03_50WFDFH_01 Male Fighter+8
Creature 13900 14 colors(12 0 65 37 28 30 23) 03_50WFDFH_02 Male Fighter+8
Creature 14405 14 colors(12 0 64 37 28 30 23) 03_50WFDH_03 Male Fighter+6
Creature 13648 14 colors(12 0 64 37 28 30 23) 03_50WFDH_04 Male Fighter+6
Creature 12618 14 colors(12 0 64 37 28 30 23) 03_50WFDH_05 Male Fighter+6
Creature 21682 6 colors(12 0 65 37 28 30 23) 03_50WFDFH_06 Male Fighter+8
Creature 22451 6 colors(12 0 64 37 28 30 23) 03_50WFDH_07 Male Fighter+6
Creature 21429 6 colors(12 0 64 37 28 30 23) 03_50WFDH_08 Male Fighter+6
Creature 13128 14 colors(12 0 64 37 28 30 23) 03_50WFDH_09 Male Fighter+6
Creature 22454 6 colors(12 0 65 37 28 30 23) 03_50WFDFH_10 Male Fighter+8
Creature 12071 12 colors(13 5 63 63 27 27 64) 04_50Kyosti_01 Male Ranger+8
Creature 19839 10 colors(13 4 47 46 33 33 47) 05_50Limha2_01 Human Female Wizard+13
Creature 13704 12 colors(12 0 61 37 28 30 23) 05_50TROSH_03 Fighter+7
Creature 17559 8 colors(12 0 61 37 28 30 23) 05_50TROSH_04 Fighter+7
Creature 17287 10 colors(12 0 50 37 28 30 23) 05_50WILH_05 Male Fighter+9
Creature 15768 0 colors(12 4 39 38 28 30 23) Hannu Human Male Fighter+1
Creature 14228 2 colors(13 0 39 38 30 39 23) Agog Male Fighter+9
Creature 20600 4 colors(12 0 61 37 28 30 23) 01_50TROSS_04 Cleric+11
Creature 11841 14 colors(12 0 61 37 28 30 23) 01_50TROSS_05 Cleric+11
Creature 17541 10 colors(12 0 61 37 28 30 23) 05_50TROSH_06 Fighter+7
Creature 19347 8 colors(12 0 61 37 28 30 23) 05_50TROSH_07 Fighter+7
Creature 19602 0 colors(12 0 50 37 28 30 23) 05_50WILH_08 Male Fighter+9
Creature 20355 0 colors(12 0 63 37 28 30 23) Limha_Spotter_01 Male Fighter+6
Creature 15442 0 colors(12 0 63 37 28 30 23) Limha_Spotter_02 Male Fighter+6
Creature 12059 0 colors(12 0 63 37 28 30 23) Limha_Spotter_03 Male Fighter+6
Creature 24863 0 colors(12 0 63 37 28 30 23) Limha_Spotter_04 Male Fighter+6
Creature 21419 0 colors(12 0 63 37 28 30 23) Limha_Spotter_05 Male Fighter+6
Creature 11635 0 colors(12 0 63 37 28 30 23) Limha_Spotter_06 Male Fighter+6
Creature 16009 10 colors(12 0 61 37 28 30 23) 05_50TROSH_08 Fighter+7
Creature 17040 10 colors(12 0 61 37 28 30 23) 05_50TROSH_09 Fighter+7
Creature 20288 0 colors(12 0 63 37 28 30 23) Limha_Spotter_00 Male Fighter+6
Creature 20832 0 colors(12 0 63 37 28 30 23) Limha_Spotter_07 Male Fighter+6
Creature 14735 0 colors(12 0 63 37 28 30 23) Limha_Spotter_08 Male Fighter+6
Creature 11063 0 colors(12 0 63 37 28 30 23) Limha_Spotter_09 Male Fighter+6
