Creature 34373 2 colors(12 0 61 37 28 30 23) 01_51HHR_01 Male Fighter+7
Creature 34624 2 colors(12 0 61 37 28 30 23) 01_51HHR_02 Male Fighter+7
Creature 35891 2 colors(12 0 61 37 28 30 23) 01_51HHR_03 Male Fighter+7
Creature 36407 2 colors(12 0 61 37 28 30 23) 01_51HHR_04 Male Fighter+7
Creature 34614 2 colors(12 0 61 37 28 30 23) 01_51HHR_05 Male Fighter+7
Creature 34876 2 colors(12 0 61 37 28 30 23) 01_51HHR_06 Male Fighter+7
Creature 44315 10 colors(12 0 61 37 28 30 23) 01_51HHRH_07 Male Fighter+7
Creature 45858 10 colors(12 0 61 37 28 30 23) 01_51HHRH_08 Male Fighter+7
Creature 43544 10 colors(12 0 61 37 28 30 23) 01_51HHRH_09 Male Fighter+7
Creature 46109 10 colors(12 0 61 37 28 30 23) 01_51HHRH_10 Male Fighter+7
Creature 44819 10 colors(12 0 61 37 28 30 23) 01_51HHRH_11 Male Fighter+7
Creature 46103 10 colors(12 0 61 37 28 30 23) 01_51HHRH_12 Male Fighter+7
Creature 34614 2 colors(12 0 54 37 28 30 23) 01_51HHRGU_13 Male Fighter+9
Creature 34876 2 colors(12 0 54 37 28 30 23) 01_51HHRGU_14 Male Fighter+9
Creature 35891 2 colors(12 0 54 37 28 30 23) 01_51HHRGU_15 Male Fighter+9
Creature 36407 2 colors(12 0 54 37 28 30 23) 01_51HHRGU_16 Male Fighter+9
Creature 44819 10 colors(12 0 54 37 28 30 23) 01_51HHRGH_17 Male Fighter+9
Creature 46103 10 colors(12 0 54 37 28 30 23) 01_51HHRGH_18 Male Fighter+9
Creature 43544 10 colors(12 0 54 37 28 30 23) 01_51HHRGH_19 Male Fighter+9
Creature 31598 14 colors(12 0 61 37 28 30 23) 02_51HHR_01 Male Fighter+7
Creature 32114 6 colors(12 0 61 37 28 30 23) 02_51HHR_02 Male Fighter+7
Creature 24470 0 colors(12 0 61 37 28 30 23) 02_51HHRH_03 Male Fighter+7
Creature 23189 0 colors(12 0 61 37 28 30 23) 02_51HHRH_04 Male Fighter+7
Creature 23197 2 colors(12 0 61 37 28 30 23) 02_51HHRH_05 Male Fighter+7
Creature 22689 2 colors(12 0 61 37 28 30 23) 02_51HHRH_06 Male Fighter+7
Creature 39467 10 colors(12 0 61 37 28 30 23) 02_51HHRH_07 Male Fighter+7
Creature 40240 10 colors(12 0 61 37 28 30 23) 02_51HHRH_08 Male Fighter+7
Creature 41001 10 colors(12 0 61 37 28 30 23) 02_51HHRH_09 Male Fighter+7
Creature 41773 10 colors(12 0 61 37 28 30 23) 02_51HHRH_10 Male Fighter+7
Creature 23197 2 colors(12 0 54 37 28 30 23) 02_51HHRGH_11 Male Fighter+9
Creature 22689 2 colors(12 0 54 37 28 30 23) 02_51HHRGH_12 Male Fighter+9
Creature 39467 10 colors(12 0 54 37 28 30 23) 02_51HHRGH_13 Male Fighter+9
Creature 40240 10 colors(12 0 54 37 28 30 23) 02_51HHRGH_14 Male Fighter+9
Creature 26456 12 colors(12 0 61 37 28 30 23) 03_51HHR_01 Male Fighter+7
Creature 26206 4 colors(12 0 61 37 28 30 23) 03_51HHR_02 Male Fighter+7
Creature 24961 10 colors(12 0 61 37 28 30 23) 04_51HHR_01 Male Fighter+7
Creature 23939 10 colors(12 0 46 37 28 30 23) 04_BEEFD_02 Fighter+1
Creature 23933 6 colors(12 0 46 37 28 30 23) 04_BEEFD_03 Fighter+1
Creature 24453 12 colors(12 0 46 37 28 30 23) 04_BEEFD_04 Fighter+1
Creature 31116 8 colors(12 0 46 37 28 30 23) 05_51BEEFI_01 Fighter+1
Creature 31631 2 colors(12 0 46 37 28 30 23) 05_51BEEFI_02 Fighter+1
Creature 32658 0 colors(12 0 46 37 28 30 23) 05_51BEEFI_03 Fighter+1
Creature 31637 6 colors(12 0 46 37 28 30 23) 05_51BEEFI_04 Fighter+1
Creature 30612 4 colors(12 0 46 37 28 30 23) 05_51BEEFI_05 Fighter+1
Creature 31881 4 colors(12 0 46 37 28 30 23) 05_51BEEFI_06 Fighter+1
Creature 33164 6 colors(12 0 46 37 28 30 23) 05_51BEEFI_07 Fighter+1
Creature 34194 8 colors(12 0 46 37 28 30 23) 05_51BEEFI_08 Fighter+1
Creature 33174 0 colors(12 0 46 37 28 30 23) 05_51BEEFI_09 Fighter+1
Creature 33691 0 colors(12 0 46 37 28 30 23) 05_51BEEFI_10 Fighter+1
Creature 31898 0 colors(12 0 46 37 28 30 23) 05_51BEEFI_11 Fighter+1
Creature 33160 8 colors(12 0 46 37 28 30 23) 05_51BEEFI_12 Fighter+1
Creature 34444 0 colors(12 0 46 37 28 30 23) 05_51BEEFI_13 Fighter+1
Creature 26531 6 colors(12 0 54 37 28 30 23) 06_51HHRGU_01 Male Fighter+9
Creature 26282 8 colors(12 0 54 37 28 30 23) 06_51HHRGU_02 Male Fighter+9
Creature 21675 4 colors(12 0 61 37 28 30 23) 06_51HHR_03 Male Fighter+7
Creature 22449 4 colors(12 0 61 37 28 30 23) 06_51HHR_04 Male Fighter+7
Creature 23982 4 colors(12 0 61 37 28 30 23) 06_51HHR_05 Male Fighter+7
Creature 22178 0 colors(12 0 61 37 28 30 23) 06_51HHR_06 Male Fighter+7
Creature 23198 14 colors(12 0 61 37 28 30 23) 06_51HHR_07 Male Fighter+7
Creature 30038 12 colors(12 0 61 37 28 30 23) 06_51HHRH_08 Male Fighter+7
Creature 31324 12 colors(12 0 61 37 28 30 23) 06_51HHRH_09 Male Fighter+7
Creature 32338 10 colors(12 0 61 37 28 30 23) 06_51HHRH_10 Male Fighter+7
Creature 32601 10 colors(12 0 61 37 28 30 23) 06_51HHRH_11 Male Fighter+7
Creature 33614 12 colors(12 0 61 37 28 30 23) 06_51HHRH_12 Male Fighter+7
Creature 34903 10 colors(12 0 61 37 28 30 23) 06_51HHRH_13 Male Fighter+7
Creature 22699 12 colors(12 0 61 37 28 30 23) 06_51HHR_14 Male Fighter+7
Creature 26279 8 colors(12 0 54 37 28 30 23) 06_51HHRHGU_15 Male Fighter+9
Creature 30038 12 colors(12 0 54 37 28 30 23) 06_51HHRGH_16 Male Fighter+9
Creature 31324 12 colors(12 0 54 37 28 30 23) 06_51HHRGH_17 Male Fighter+9
Creature 21675 4 colors(12 0 54 37 28 30 23) 06_51HHRGU_18 Male Fighter+9
Creature 22449 4 colors(12 0 54 37 28 30 23) 06_51HHRGU_19 Male Fighter+9
Creature 33866 12 colors(12 0 54 37 28 30 23) 06_51HHRGH_20 Male Fighter+9
Creature 35930 8 colors(12 0 54 37 28 30 23) 06_51HHRGH_21 Male Fighter+9
Creature 28837 14 colors(12 0 47 37 28 30 23) 07_51HHRMA_01 Female Fighter+11
Creature 28333 0 colors(12 0 54 37 28 30 23) 07_51HHRGH_02 Male Fighter+9
Creature 28593 2 colors(12 0 54 37 28 30 23) 07_51HHRGH_03 Male Fighter+9
Creature 33227 6 colors(12 0 54 37 28 30 23) 07_51HHRGH_04 Male Fighter+9
Creature 34763 6 colors(12 0 54 37 28 30 23) 07_51HHRGH_05 Male Fighter+9
Creature 35784 6 colors(12 0 54 37 28 30 23) 07_51HHRGH_06 Male Fighter+9
Creature 35779 8 colors(12 0 54 37 28 30 23) 07_51HHRGH_07 Male Fighter+9
Creature 35519 8 colors(12 0 54 37 28 30 23) 07_51HHRGH_08 Male Fighter+9
Creature 31666 12 colors(12 0 54 37 28 30 23) 07_51HHRGH_09 Male Fighter+9
Creature 28853 0 colors(12 0 54 37 28 30 23) 07_51HHRGH_10 Male Fighter+9
Creature 32436 12 colors(12 0 54 37 28 30 23) 07_51HHRGH_11 Male Fighter+9
Creature 26259 12 colors(12 0 61 37 28 30 23) 07_51HHRH_12 Male Fighter+7
Creature 27539 12 colors(12 0 61 37 28 30 23) 07_51HHRH_13 Male Fighter+7
Creature 26767 12 colors(12 0 61 37 28 30 23) 07_51HHRH_14 Male Fighter+7
Creature 28303 12 colors(12 0 61 37 28 30 23) 07_51HHRH_15 Male Fighter+7
Creature 27275 12 colors(12 0 61 37 28 30 23) 07_51HHRH_16 Male Fighter+7
Creature 28555 12 colors(12 0 61 37 28 30 23) 07_51HHRH_17 Male Fighter+7
Creature 26259 12 colors(12 0 54 37 28 30 23) 07_51HHRGH_18 Male Fighter+9
Creature 27539 12 colors(12 0 54 37 28 30 23) 07_51HHRGH_19 Male Fighter+9
Creature 46145 12 colors(12 0 71 37 28 30 23) 08_51TROIC_01 Male Fighter+5
Creature 45382 12 colors(12 0 71 37 28 30 23) 08_51TROIC_02 Male Fighter+5
Creature 46919 12 colors(12 0 71 37 28 30 23) 08_51TROIC_03 Male Fighter+5
Creature 42092 4 colors(12 0 71 37 28 30 23) 08_51TROIC_04 Male Fighter+5
Creature 43373 4 colors(12 0 71 37 28 30 23) 08_51TROIC_05 Male Fighter+5
Creature 41841 2 colors(12 0 71 37 28 30 23) 08_51TROIC_06 Male Fighter+5
Creature 44403 6 colors(12 0 71 37 28 30 23) 08_51TROIC_07 Male Fighter+5
Creature 41846 4 colors(12 0 71 37 28 30 23) 08_51TROIC_08 Male Fighter+5
Creature 42870 4 colors(12 0 71 37 28 30 23) 08_51TROIC_09 Male Fighter+5
Creature 44153 4 colors(12 0 71 37 28 30 23) 08_51TROIC_10 Male Fighter+5
Creature 47180 10 colors(12 0 71 37 28 30 23) 08_51TROIC_11 Male Fighter+5
Creature 41110 0 colors(12 0 51 37 28 30 23) 09_51OCH_01 Fighter+6
Creature 40349 0 colors(12 0 51 37 28 30 23) 09_51OCH_02 Fighter+6
Creature 42395 0 colors(12 0 51 37 28 30 23) 09_51OCH_03 Fighter+6
Creature 43423 0 colors(12 0 51 37 28 30 23) 09_51OCHH_04 Fighter+6
Creature 45695 0 colors(12 0 51 37 28 30 23) 09_51OCHH_05 Fighter+6
Creature 40097 0 colors(12 0 51 37 28 30 23) 09_51OCHH_06 Fighter+6
Creature 40865 0 colors(12 0 51 37 28 30 23) 09_51OCHH_07 Fighter+6
Creature 41890 0 colors(12 0 51 37 28 30 23) 09_51OCHH_08 Fighter+6
Creature 42658 0 colors(12 0 51 37 28 30 23) 09_51OCHH_09 Fighter+6
Creature 42425 4 colors(12 0 53 37 28 30 23) 10_51SHA_01 Fighter+16
Creature 19235 2 colors(14 6 54 66 28 30 21) 11_51Dargab_01 Dwarf Male Fighter+9
Creature 18461 2 colors(14 5 62 61 28 30 21) 11_51DUEBO_02 Dwarf Female Fighter+6
Creature 19742 2 colors(14 5 62 61 28 30 21) 11_51DUEBO_03 Dwarf Female Fighter+6
Creature 20514 2 colors(14 5 62 61 28 30 21) 11_51DUEBO_04 Dwarf Female Fighter+6
Creature 20775 0 colors(14 5 62 61 28 30 21) 11_51DUEBO_05 Dwarf Female Fighter+6
Creature 20779 0 colors(14 5 62 61 28 30 21) 11_51DUEBO_06 Dwarf Female Fighter+6
Creature 17182 2 colors(14 5 62 61 28 30 21) 11_51DUEBO_08 Dwarf Female Fighter+6
Creature 20527 0 colors(14 5 62 61 28 30 21) 11_51DUEBO_09 Dwarf Female Fighter+6
Creature 16680 2 colors(14 0 66 64 28 30 21) 11_51DUEWA_10 Dwarf Male Fighter+6
Creature 18225 2 colors(14 0 66 64 28 30 21) 11_51DUEWA_11 Dwarf Male Fighter+6
Creature 14363 0 colors(14 0 66 64 28 30 21) 11_51DUEWA_12 Dwarf Male Fighter+6
Creature 20025 2 colors(14 0 66 64 28 30 21) 11_51DUEWA_13 Dwarf Male Fighter+6
Creature 21817 2 colors(14 0 66 64 28 30 21) 11_51DUEWA_14 Dwarf Male Fighter+6
Creature 14614 0 colors(14 0 66 64 28 30 21) 11_51DUEWA_15 Dwarf Male Fighter+6
Creature 17171 14 colors(12 0 48 37 28 30 23) 11_51ORCSS_16 Orc Male Fighter+4
Creature 18194 14 colors(12 0 48 37 28 30 23) 11_51ORCSS_17 Orc Male Fighter+4
Creature 19217 14 colors(12 0 48 37 28 30 23) 11_51ORCSS_18 Orc Male Fighter+4
Creature 23088 6 colors(12 0 48 37 28 30 23) 11_51ORCSS_19 Orc Male Fighter+4
Creature 23598 6 colors(12 0 48 37 28 30 23) 11_51ORCSS_20 Orc Male Fighter+4
Creature 23852 6 colors(12 0 48 37 28 30 23) 11_51ORCSS_21 Orc Male Fighter+4
Creature 20248 2 colors(12 0 48 37 28 30 23) 11_51ORCSS_22 Orc Male Fighter+4
Creature 21786 2 colors(12 0 48 37 28 30 23) 11_51ORCSS_23 Orc Male Fighter+4
Creature 23072 2 colors(12 0 48 37 28 30 23) 11_51ORCSS_24 Orc Male Fighter+4
Creature 23077 2 colors(12 0 48 37 28 30 23) 11_51ORCSS_25 Orc Male Fighter+4
Creature 21775 14 colors(12 0 48 37 28 30 23) 11_51ORCSS_26 Orc Male Fighter+4
Creature 25375 6 colors(12 0 48 37 28 30 23) 11_51ORCSS_27 Orc Male Fighter+4
Creature 15137 2 colors(14 0 66 64 28 30 21) 11_51DUEWA_28 Dwarf Male Fighter+6
Creature 17699 2 colors(14 0 66 64 28 30 21) 11_51DUEWA_30 Dwarf Male Fighter+6
Creature 19242 2 colors(14 0 66 64 28 30 21) 11_51DUEWA_31 Dwarf Male Fighter+6
Creature 10388 2 colors(13 5 63 63 27 27 63) 12_51SPE_01 Male Fighter+7
Creature 9495 14 colors(14 0 45 44 28 30 21) 13_51Zama_01 Dwarf Female Cleric+8
Creature 9500 4 colors(14 0 64 63 28 30 21) 13_51DUECL_02 Dwarf Male Cleric+5
Creature 11031 8 colors(14 0 64 63 28 30 21) 13_51DUECL_03 Dwarf Male Cleric+5
Creature 13095 14 colors(14 5 58 66 28 30 21) 13_51Barud_04 Dwarf Male Fighter+15
Creature 12837 14 colors(14 0 66 66 28 30 21) 13_51Harhor_05 Dwarf Male Fighter+12
Creature 10827 6 colors(14 0 66 64 28 30 21) 13_51DEUWA_06 Dwarf Male Fighter+6
Creature 11591 14 colors(14 0 66 64 28 30 21) 13_51DEUWA_07 Dwarf Male Fighter+6
Creature 14399 14 colors(14 0 66 64 28 30 21) 13_51DEUWA_08 Dwarf Male Fighter+6
Creature 12357 2 colors(14 5 62 61 28 30 21) 13_51DEUBO_09 Dwarf Female Fighter+6
Creature 13122 10 colors(14 5 62 61 28 30 21) 13_51DEUBO_10 Dwarf Female Fighter+6
Creature 6167 0 colors(14 5 62 61 28 30 21) 13_51DEUBO_11 Dwarf Female Fighter+6
Creature 9482 14 colors(14 5 62 61 28 30 21) 13_51DEUBO_12 Dwarf Female Fighter+6
Creature 17221 2 colors(14 0 66 64 28 30 21) 13_51DEUWA_13 Dwarf Male Fighter+6
Creature 18506 2 colors(14 0 66 64 28 30 21) 13_51DEUWA_14 Dwarf Male Fighter+6
Creature 10037 0 colors(14 0 66 64 28 30 21) 13_51DEUWA_15 Dwarf Male Fighter+6
Creature 9517 0 colors(14 0 66 64 28 30 21) 13_51DEUWA_16 Dwarf Male Fighter+6
Creature 14659 2 colors(14 0 64 63 28 30 21) 13_51DEUCL_17 Dwarf Male Cleric+5
Creature 8792 14 colors(14 0 66 64 28 30 21) 14_51DUEWA_01 Dwarf Male Fighter+6
Creature 9059 2 colors(14 0 66 64 28 30 21) 14_51DUEWA_02 Dwarf Male Fighter+6
Creature 11115 10 colors(12 0 48 37 28 30 23) 14_51ORCSS_04 Orc Male Fighter+4
Creature 10606 2 colors(12 0 48 37 28 30 23) 14_51ORCSS_05 Orc Male Fighter+4
Creature 10096 10 colors(12 0 48 37 28 30 23) 14_51ORCSS_06 Orc Male Fighter+4
Creature 9075 2 colors(12 0 48 37 28 30 23) 14_51ORCSS_07 Orc Male Fighter+4
Creature 12914 10 colors(12 0 48 37 28 30 23) 14_51ORCSS_08 Orc Male Fighter+4
Creature 12149 2 colors(12 0 48 37 28 30 23) 14_51ORCSS_09 Orc Male Fighter+4
Creature 11384 10 colors(12 0 48 37 28 30 23) 14_51ORCSS_10 Orc Male Fighter+4
Creature 10619 2 colors(12 0 48 37 28 30 23) 14_51ORCSS_11 Orc Male Fighter+4
Creature 14458 10 colors(12 0 48 37 28 30 23) 14_51ORCSS_12 Orc Male Fighter+4
Creature 13693 2 colors(12 0 48 37 28 30 23) 14_51ORCSS_13 Orc Male Fighter+4
Creature 13183 10 colors(12 0 48 37 28 30 23) 14_51ORCSS_14 Orc Male Fighter+4
Creature 12162 2 colors(12 0 48 37 28 30 23) 14_51ORCSS_15 Orc Male Fighter+4
Creature 9562 6 colors(14 5 62 61 28 30 21) 14_51DUEBO_03 Dwarf Male Fighter+6
Creature 15908 2 colors(14 0 64 63 28 30 21) Duergar Cleric Dwarf Male Cleric+5
Creature 19252 2 colors(14 0 64 63 28 30 21) Duergar Cleric Dwarf Male Cleric+5
Creature 17959 2 colors(14 0 64 63 28 30 21) Duergar Cleric Dwarf Male Cleric+5
Creature 12049 10 colors(14 0 66 64 28 30 21) Duergar Warrior Dwarf Male Fighter+6
Creature 8223 2 colors(14 0 66 64 28 30 21) Duergar Warrior Dwarf Male Fighter+6
Creature 11676 2 colors(13 5 63 63 27 27 63) Spectre_Unturner Male Fighter+7
Creature 33476 14 colors(12 0 48 37 28 30 23) Dead Oti Orc Male Fighter+4
Creature 41047 0 colors(13 5 63 63 27 27 63) WATCHER_I Male Fighter+7
Creature 37215 0 colors(13 5 63 63 27 27 63) WATCHER_O Male Fighter+7
Creature 7216 0 colors(13 5 63 63 27 27 63) WATCHER_ICssss Male Fighter+7
