Creature 17264 8 colors(114 0 66 47 28 30 66) 01_52Salisa_01 Human Male Monk+8
Creature 17007 14 colors(12 2 66 47 28 30 66) 01_52MNKML_02 Human Male Monk+7
Creature 16754 2 colors(12 2 66 47 28 30 66) 01_52MNKML_03 Human Male Monk+7
Creature 14419 14 colors(12 2 66 47 28 30 66) 01_52MNKML_04 Human Male Monk+7
Creature 19040 14 colors(12 2 66 47 28 30 66) 01_52MNKML_05 Human Male Monk+7
Creature 19298 6 colors(12 2 66 47 28 30 66) 01_52MNKML_06 Human Male Monk+7
Creature 16240 0 colors(12 2 66 47 28 30 66) 01_52MNKFL_07 Human Female Monk+7
Creature 14677 6 colors(12 2 66 47 28 30 66) 01_52MNKFL_08 Human Female Monk+7
Creature 17770 14 colors(12 2 66 47 28 30 66) 01_52MNKM_09 Human Male Monk+7
Creature 14183 14 colors(12 5 66 47 28 30 66) 01_52Bered_10 Human Male Monk+7
Creature 10297 10 colors(85 3 66 66 28 30 47) 02_52Svalti_01 Human Male Monk+15
Creature 5681 14 colors(12 2 66 47 28 30 66) 02_52MNKM_02 Human Male Monk+7
Creature 6450 8 colors(12 2 66 47 28 30 66) 02_52MNKM_03 Human Male Monk+7
Creature 7479 14 colors(12 2 66 47 28 30 66) 02_52MNKM_04 Human Male Monk+7
Creature 8243 14 colors(12 2 66 47 28 30 66) 02_52MNKM_05 Human Male Monk+7
Creature 8267 10 colors(12 2 66 47 28 30 66) 02_52MNKM_06 Human Male Monk+7
Creature 10309 6 colors(12 2 66 47 28 30 66) 02_52MNKM_07 Human Male Monk+7
Creature 9033 6 colors(12 2 66 47 28 30 66) 02_52MNKM_08 Human Male Monk+7
Creature 9038 10 colors(12 2 66 47 28 30 66) 02_52MNKM_09 Human Male Monk+7
Creature 11329 6 colors(12 2 66 47 28 30 66) 02_52MNKF_10 Human Female Monk+7
Creature 6459 14 colors(12 2 66 47 28 30 66) 02_52MNKF_11 Human Female Monk+7
Creature 9553 10 colors(12 2 66 47 28 30 66) 02_52MNKF_12 Human Female Monk+7
Creature 4665 10 colors(12 2 66 47 28 30 66) 02_52MNKF_13 Human Female Monk+7
Creature 4150 8 colors(12 2 66 47 28 30 66) 02_52MNKM_14 Human Male Monk+7
Creature 5939 4 colors(12 2 66 47 28 30 66) 02_52MNKF_15 Human Female Monk+7
Creature 23649 8 colors(84 0 66 46 28 30 65) 03_52Ven_01 Human Male Rogue+7
Creature 11564 10 colors(12 3 66 47 28 30 66) 04_52Nonin_01 Human Male Monk+7
Creature 20044 12 colors(12 2 66 47 28 30 66) 04_52MNKM_02 Human Male Monk+7
Creature 20558 8 colors(12 2 66 47 28 30 66) 04_52MNKM_03 Human Male Monk+7
Creature 15936 0 colors(12 2 66 47 28 30 66) 04_52MNKM_04 Human Male Monk+7
Creature 17216 8 colors(12 2 66 47 28 30 66) 04_52MNKM_05 Human Male Monk+7
Creature 16702 12 colors(12 2 66 47 28 30 66) 04_52MNKM_06 Human Male Monk+7
Creature 14642 4 colors(12 2 66 47 28 30 66) 04_52MNKM_07 Human Male Monk+7
Creature 16197 14 colors(12 2 66 47 28 30 66) 04_52MNKM_08 Human Male Monk+7
Creature 12855 0 colors(12 2 66 47 28 30 66) 04_52MNKM_09 Human Male Monk+7
Creature 19027 10 colors(12 2 66 47 28 30 66) 04_52MNKM_10 Human Male Monk+7
Creature 16706 4 colors(12 2 66 47 28 30 66) 04_52MNKF_11 Human Female Monk+7
Creature 14640 12 colors(12 2 66 47 28 30 66) 04_52MNKF_12 Human Female Monk+7
Creature 20047 2 colors(12 2 66 47 28 30 66) 04_52MNKF_13 Human Female Monk+7
Creature 18238 0 colors(12 2 66 47 28 30 66) 04_52MNKF_14 Human Female Monk+7
Creature 17712 10 colors(13 0 66 47 28 30 66) 05_52Sersa_01 Human Female Monk+7
Creature 15894 6 colors(12 2 66 47 28 30 66) 05_52MNKM_02 Human Male Monk+7
Creature 20259 14 colors(12 2 66 47 28 30 66) 05_52MNKM_03 Human Male Monk+7
Creature 26968 2 colors(84 0 66 46 28 30 47) 06_52Aruma_01 Human Female Monk+18
Creature 27478 10 colors(82 0 45 66 28 30 91) 06_52Dolon_02 Human Male Fighter+12
Creature 26697 12 colors(12 2 66 47 28 30 66) 06_52MNKMH_03 Human Male Monk+7
Creature 29773 8 colors(12 2 66 47 28 30 66) 06_52MNKMH_04 Human Male Monk+7
Creature 29258 10 colors(12 2 66 47 28 30 66) 06_52MNKMH_05 Human Male Monk+7
Creature 29521 10 colors(12 2 66 47 28 30 66) 06_52MNKMH_06 Human Male Monk+7
Creature 26971 4 colors(12 2 66 47 28 30 66) 06_52MNKMH_07 Human Male Monk+7
