Creature 13604 14 colors(87 0 66 66 28 30 66) 01_52Morohe_01 Human Male Monk+7
Creature 24915 0 colors(30 30 66 47 30 30 30) C7_PORTAL_1 Fighter+18
Creature 21312 0 colors(30 30 66 47 30 30 30) C7_PORTAL_2A Fighter+18
Creature 25153 0 colors(30 30 66 47 30 30 30) C2_ARCH_1_EFFECT Fighter+18
Creature 27468 0 colors(30 30 66 47 30 30 30) C2_ARCH_2_EFFECT Fighter+18
Creature 29527 0 colors(30 30 66 47 30 30 30) C2_ARCH_3_EFFECT Fighter+18
Creature 33863 0 colors(30 30 66 47 30 30 30) C2_ARCH_4_EFFECT Fighter+18
Creature 31803 0 colors(30 30 66 47 30 30 30) C2_ARCH_5_EFFECT Fighter+18
Creature 29489 0 colors(30 30 66 47 30 30 30) C2_ARCH_6_EFFECT Fighter+18
Creature 19527 0 colors(30 30 66 47 30 30 30) C7_PORTAL_2B Fighter+18
Creature 21080 0 colors(30 30 66 47 30 30 30) C7_SWITCH_EFFECT_LEFT Fighter+18
Creature 24683 0 colors(30 30 66 47 30 30 30) C7_SWITCH_EFFECT_RIGHT Fighter+18
Creature 22351 0 colors(30 30 66 47 30 30 30) C7_SWITCH_EFFECT_MIDDLE Fighter+18
Creature 6211 0 colors(114 0 58 58 52 25 63) 10_52PROXI_01 Fighter+9
Creature 10037 0 colors(114 0 58 58 52 25 63) 10_52PROXI_02 Fighter+9
Creature 15438 0 colors(114 0 58 58 52 25 63) 10_52PROXI_03 Fighter+9
Creature 11100 0 colors(114 0 58 58 52 25 63) 10_52PROXI_04 Fighter+9
Creature 8010 0 colors(114 0 58 58 52 25 63) 10_52PROXI_05 Fighter+9
Creature 12880 0 colors(114 0 58 58 52 25 63) 10_52PROXI_06 Fighter+9
Creature 9535 0 colors(114 0 58 58 52 25 63) 10_52PROXI_07 Fighter+9
Creature 12096 0 colors(114 0 58 58 52 25 63) 10_52PROXI_08 Fighter+9
Creature 10067 0 colors(114 0 58 58 52 25 63) 10_52PROXI_09 Fighter+9
Creature 25970 0 colors(30 30 66 47 30 30 30) C4_SWITCH_1_EFF Fighter+18
Creature 28287 0 colors(30 30 66 47 30 30 30) C4_SWITCH_2_EFF Fighter+18
Creature 29574 0 colors(30 30 66 47 30 30 30) C4_SWITCH_3_EFF Fighter+18
