Creature 26955 6 colors(12 0 57 37 28 30 23) 01_WYRWH_01 Fighter+10
Creature 26179 4 colors(12 0 57 37 28 30 23) 01_WYRWH_02 Fighter+10
Creature 23869 6 colors(12 0 57 37 28 30 23) 01_WYRWH_03 Fighter+10
Creature 16692 0 colors(12 0 57 37 28 30 23) 01_WYRWH_04 Fighter+10
Creature 11558 6 colors(12 0 57 37 28 30 23) 01_WYRWH_05 Fighter+10
Creature 30104 4 colors(12 0 63 37 28 30 23) 02_52YETTG_01 Male Fighter+8
Creature 31638 2 colors(12 0 63 37 28 30 23) 02_52YETTG_02 Male Fighter+8
Creature 28319 6 colors(12 0 63 37 28 30 23) 02_52YETTU_03 Male Fighter+6
Creature 33434 2 colors(12 0 63 37 28 30 23) 02_52YETTU_04 Male Fighter+6
Creature 33951 0 colors(12 0 63 37 28 30 23) 02_52YETTU_05 Male Fighter+6
Creature 34469 0 colors(12 0 63 37 28 30 23) 02_52YETTU_06 Male Fighter+6
Creature 28249 0 colors(12 0 63 37 28 30 23) 02_52YETGH_07 Male Fighter+8
Creature 30041 0 colors(12 0 63 37 28 30 23) 02_52YETGH_08 Male Fighter+8
Creature 31832 0 colors(12 0 63 37 28 30 23) 02_52YETGH_09 Male Fighter+8
Creature 28254 0 colors(12 0 63 37 28 30 23) 02_52YETGH_10 Male Fighter+8
Creature 30045 0 colors(12 0 63 37 28 30 23) 02_52YETUH_11 Male Fighter+6
Creature 31581 0 colors(12 0 63 37 28 30 23) 02_52YETUH_12 Male Fighter+6
Creature 28258 0 colors(12 0 63 37 28 30 23) 02_52YETUH_13 Male Fighter+6
Creature 30050 0 colors(12 0 63 37 28 30 23) 02_52YETUH_14 Male Fighter+6
Creature 31586 0 colors(12 0 63 37 28 30 23) 02_52YETUH_15 Male Fighter+6
Creature 28263 0 colors(12 0 63 37 28 30 23) 02_52YETUH_16 Male Fighter+6
Creature 30055 0 colors(12 0 63 37 28 30 23) 02_52YETUH_17 Male Fighter+6
Creature 28268 0 colors(12 0 63 37 28 30 23) 02_52YETUH_18 Male Fighter+6
Creature 20918 8 colors(114 0 66 47 28 30 66) 03_52SALISX_01 Human Male Monk+8
Creature 20665 8 colors(12 2 66 47 28 30 66) 03_52MNKMLX_02 Human Male Monk+7
Creature 21936 8 colors(12 2 66 47 28 30 66) 03_52MNKMLX_03 Human Male Monk+7
Creature 22706 8 colors(12 2 66 47 28 30 66) 03_52MNKMLX_04 Human Male Monk+7
Creature 22966 8 colors(12 2 66 47 28 30 66) 03_52MNKMLX_05 Human Male Monk+7
Creature 23225 6 colors(12 2 66 47 28 30 66) 03_52MNKMLX_06 Human Male Monk+7
Creature 21940 8 colors(12 2 66 47 28 30 66) 03_52MNKFLX_07 Human Female Monk+7
Creature 22202 6 colors(12 2 66 47 28 30 66) 03_52MNKFLX_08 Human Female Monk+7
