Creature 22040 14 colors(12 0 98 37 28 30 23) 01_52GOLIR_01 Fighter+18
Creature 20784 2 colors(12 0 98 37 28 30 23) 01_52GOLIR_02 Fighter+18
Creature 27171 8 colors(12 0 98 37 28 30 23) 01_52GOLIR_03 Fighter+18
Creature 24119 4 colors(12 0 98 37 28 30 23) 01_52GOLIR_04 Fighter+18
Creature 9306 0 colors(14 0 66 66 28 30 21) 02_52DUELE_01 Dwarf Male Fighter+12
Creature 25459 6 colors(14 5 58 66 28 30 21) 03_52Barud_01 Dwarf Male Fighter+15
Creature 25717 6 colors(14 0 66 66 28 30 21) 03_52Harhor_02 Dwarf Male Fighter+12
Creature 25711 8 colors(14 0 66 64 28 30 21) 03_52DUEWA_03 Dwarf Male Fighter+6
Creature 26740 8 colors(14 0 66 64 28 30 21) 03_52DUEWA_04 Dwarf Male Fighter+6
Creature 25723 6 colors(14 0 66 64 28 30 21) 03_52DUEWA_05 Dwarf Male Fighter+6
Creature 27001 6 colors(14 0 45 44 28 30 21) 03_52Zama_06 Dwarf Female Cleric+8
Creature 26748 6 colors(14 0 64 63 28 30 21) 03_52DUECL_07 Dwarf Male Cleric+5
Creature 26737 8 colors(14 5 62 61 28 30 21) 03_52DUEBO_08 Dwarf Female Fighter+6
Creature 24957 6 colors(14 5 62 61 28 30 21) 03_52DUEBO_09 Dwarf Female Fighter+6
Creature 25464 6 colors(14 6 54 66 28 30 21) 03_52Dargab_10 Dwarf Male Fighter+9
Creature 24427 8 colors(12 0 48 37 28 30 23) 03_52ORCSS_11 Orc Male Fighter+4
Creature 24686 8 colors(12 0 48 37 28 30 23) 03_52ORCSS_12 Orc Male Fighter+4
Creature 24437 6 colors(12 0 48 37 28 30 23) 03_52ORCSS_13 Orc Male Fighter+4
Creature 24184 4 colors(12 0 48 37 28 30 23) 03_52ORCSS_14 Orc Male Fighter+4
Creature 14371 10 colors(84 0 66 46 28 30 65) 04_52Ven_01 Human Male Rogue+7
Creature 8278 0 colors(14 0 66 64 28 30 21) 02_51DUEWA_02 Dwarf Male Fighter+6
Creature 8282 0 colors(14 0 66 64 28 30 21) 02_51DUEWA_03 Dwarf Male Fighter+6
Creature 8542 0 colors(14 0 66 64 28 30 21) 02_51DUEWA_04 Dwarf Male Fighter+6
Creature 7508 0 colors(14 0 66 64 28 30 21) 02_51DUEWA_05 Dwarf Male Fighter+6
Creature 7776 0 colors(14 0 66 64 28 30 21) 02_51DUEWA_06 Dwarf Male Fighter+6
Creature 6487 0 colors(14 5 62 61 28 30 21) 02_51DUEBO_07 Dwarf Female Fighter+6
Creature 7002 0 colors(14 5 62 61 28 30 21) 02_51DUEBO_08 Dwarf Female Fighter+6
Creature 6750 0 colors(14 5 62 61 28 30 21) 02_51DUEBO_09 Dwarf Female Fighter+6
Creature 5716 0 colors(14 0 64 63 28 30 21) 02_51DUECL_10 Dwarf Male Cleric+5
Creature 5985 0 colors(14 0 64 63 28 30 21) 02_51DUECL_11 Dwarf Male Cleric+5
