Creature 51050 2 colors(12 0 44 37 28 30 23) Abdoshanheth Wizard+8
Creature 33754 0 colors(12 0 44 37 28 30 23) Zephulp-Maress Wizard+8
Creature 27867 4 colors(12 0 44 37 28 30 23) Oolay Wizard+8
Creature 36023 14 colors(12 0 44 37 28 30 23) Galoombethshe Wizard+8
Creature 32446 6 colors(12 0 44 37 28 30 23) Ecktarrilsenularr Cleric+17
Creature 31357 0 colors(12 0 57 37 28 30 23) Elder_Brain Human Fighter+22
Creature 43550 12 colors(12 0 52 37 28 30 23) MindGolem1 Fighter+18
Creature 46527 10 colors(12 0 52 37 28 30 23) MindGolem2 Fighter+18
Creature 22492 4 colors(12 0 52 37 28 30 23) MindGolem3 Fighter+18
Creature 12311 10 colors(12 0 52 37 28 30 23) MindGolem4 Fighter+18
Creature 50785 2 colors(12 0 57 37 28 30 23) MinotaurThrall1 Fighter+6
Creature 52064 2 colors(12 0 57 37 28 30 23) MinotaurThrall2 Fighter+6
Creature 51570 0 colors(12 0 57 37 28 30 23) MinotaurThrall3 Fighter+6
Creature 52849 0 colors(12 0 57 37 28 30 23) MinotaurThrall4 Fighter+6
Creature 35951 10 colors(18 79 67 99 28 30 47) Drow Wizard Thrall 1 Elf Male Wizard+5
Creature 35470 6 colors(18 79 67 99 28 30 47) Drow Wizard Thrall 2 Elf Male Wizard+5
Creature 27247 14 colors(18 79 67 99 28 30 47) Drow Wizard Thrall 3 Elf Male Wizard+5
Creature 27274 2 colors(18 79 67 99 28 30 47) Drow Wizard Thrall 4 Elf Male Wizard+5
Creature 14937 2 colors(18 79 67 99 28 30 47) Drow Wizard Thrall 5 Elf Male Wizard+5
Creature 15984 8 colors(18 79 67 99 28 30 47) Drow Wizard Thrall 6 Elf Male Wizard+5
Creature 33591 2 colors(18 79 67 99 28 30 47) Drow Wizard Thrall 7 Elf Male Wizard+5
Creature 30076 8 colors(14 6 69 52 29 29 21) Du_Fighter_Thrall1 Dwarf Male Fighter+6
Creature 31362 12 colors(14 6 69 52 29 29 21) Du_Fighter_Thrall2 Dwarf Male Fighter+6
Creature 32892 0 colors(14 6 69 52 29 29 21) Du_Fighter_Thrall3 Dwarf Male Fighter+6
Creature 31351 4 colors(14 6 69 52 29 29 21) Du_Fighter_Thrall4 Dwarf Male Fighter+6
Creature 34342 0 colors(14 6 69 52 29 29 21) Du_Fighter_Thrall16 Dwarf Male Fighter+6
Creature 35374 10 colors(14 6 69 52 29 29 21) Du_Fighter_Thrall17 Dwarf Male Fighter+6
Creature 12372 14 colors(17 3 56 50 28 30 22) De_Savant_Thrall1 Dwarf Male Wizard+5
Creature 11111 0 colors(17 3 56 50 28 30 22) De_Savant_Thrall2 Dwarf Male Wizard+5
Creature 33586 0 colors(17 3 56 50 28 30 22) De_Savant_Thrall3 Dwarf Male Wizard+5
Creature 46804 10 colors(12 0 64 64 28 30 23) Deep_Gnome_Thrall1 Gnome Male Fighter+2
Creature 48346 14 colors(12 0 64 64 28 30 23) Deep_Gnome_Thrall2 Gnome Male Fighter+2
Creature 51309 0 colors(12 0 53 37 28 30 23) Flesh_Golem Fighter+9
Creature 22826 0 colors(12 0 78 37 28 30 23) Lightning_Gens1 Fighter+12
Creature 26182 0 colors(12 0 78 37 28 30 23) Lightning_Gens2 Fighter+12
Creature 44112 0 colors(12 0 78 37 28 30 23) Lightning_Gens3 Fighter+12
Creature 46248 0 colors(12 0 78 37 28 30 23) Lightning_Gens4 Fighter+12
Creature 32414 0 colors(12 0 78 37 28 30 23) Lightning_Gens5 Fighter+12
Creature 21170 0 colors(12 0 78 37 28 30 23) Lightning_Gens6 Fighter+12
Creature 53838 14 colors(66 79 58 57 29 29 21) DrowFighterThrall1 Elf Male Fighter+6
Creature 53072 14 colors(66 79 58 57 29 29 21) DrowFighterThrall2 Elf Male Fighter+6
Creature 52561 14 colors(66 79 58 57 29 29 21) DrowFighterThrall3 Elf Male Fighter+6
Creature 51029 14 colors(66 79 58 57 29 29 21) DrowFighterThrall4 Elf Male Fighter+6
Creature 50006 14 colors(66 79 58 57 29 29 21) DrowFighterThrall5 Elf Male Fighter+6
Creature 27516 0 colors(12 0 57 37 28 30 23) Fomorian Thrall 1 Male Fighter+13
Creature 36989 8 colors(12 0 57 37 28 30 23) Fomorian Thrall 2 Male Fighter+13
Creature 25961 6 colors(12 0 57 37 28 30 23) Minotaur Thrall5 Fighter+6
Creature 26530 10 colors(12 0 57 37 28 30 23) Minotaur Thrall6 Fighter+6
Creature 31655 12 colors(12 0 57 37 28 30 23) Minotaur Thrall7 Fighter+6
Creature 35168 2 colors(12 0 57 37 28 30 23) Minotaur Thrall8 Fighter+6
Creature 26979 6 colors(66 79 58 57 29 29 21) DrowFighterThrall6 Elf Male Fighter+6
Creature 23959 10 colors(66 79 58 57 29 29 21) DrowFighterThrall7 Elf Male Fighter+6
Creature 36259 14 colors(66 79 58 57 29 29 21) DrowFighterThrall8 Elf Male Fighter+6
Creature 32862 4 colors(66 79 58 57 29 29 21) DrowFighterThrall9 Elf Male Fighter+6
Creature 24159 2 colors(14 6 69 52 29 29 21) Du_Fighter_Thrall5 Dwarf Male Fighter+6
Creature 22885 12 colors(14 6 69 52 29 29 21) Du_Fighter_Thrall6 Dwarf Male Fighter+6
Creature 24221 2 colors(14 6 69 52 29 29 21) Du_Fighter_Thrall7 Dwarf Male Fighter+6
Creature 24735 2 colors(14 6 69 52 29 29 21) Du_Fighter_Thrall8 Dwarf Male Fighter+6
Creature 33707 6 colors(14 6 69 52 29 29 21) Du_Fighter_Thrall9 Dwarf Male Fighter+6
Creature 34474 6 colors(14 6 69 52 29 29 21) Du_Fighter_Thrall10 Dwarf Male Fighter+6
Creature 30809 0 colors(14 6 69 52 29 29 21) Du_Fighter_Thrall11 Dwarf Male Fighter+6
Creature 37727 4 colors(14 6 69 52 29 29 21) Du_Fighter_Thrall12 Dwarf Male Fighter+6
Creature 12200 2 colors(12 0 57 37 28 30 23) Minotaur Thrall9 Fighter+6
Creature 14776 2 colors(12 0 57 37 28 30 23) Minotaur Thrall10 Fighter+6
Creature 11957 2 colors(12 0 57 37 28 30 23) Fomorian Thrall 3 Male Fighter+13
Creature 9385 2 colors(18 79 67 99 28 30 47) Drow Wizard Thrall 8 Elf Male Wizard+5
Creature 13251 2 colors(17 3 56 50 28 30 22) De_Savant_Thrall4 Dwarf Male Wizard+5
Creature 13231 2 colors(12 0 44 37 28 30 23) Morhizulosh Wizard+8
Creature 34599 0 colors(12 0 47 37 28 30 23) 53Forge Fighter+1
Creature 50534 0 colors(12 0 53 37 28 30 23) Flesh_Golem2 Fighter+9
Creature 11950 2 colors(12 0 57 37 28 30 23) Minotaur Thrall11 Fighter+6
Creature 13238 2 colors(12 0 57 37 28 30 23) Minotaur Thrall12 Fighter+6
Creature 14242 14 colors(12 0 57 37 28 30 23) Fomorian Thrall 4 Male Fighter+13
Creature 55398 8 colors(12 0 54 37 28 30 23) PC_Golem Fighter+9
