Creature 37728 14 colors(12 0 47 46 28 27 21) Imphraili Human Female Wizard+13
Creature 14136 14 colors(12 0 44 37 28 30 23) Ginafae Female Cleric+12
Creature 36718 0 colors(12 0 62 37 28 30 23) Celeridrider Male Fighter+12
Creature 37500 2 colors(12 0 59 37 28 30 23) Spithdrider Male Fighter+12
Creature 41857 4 colors(12 0 59 37 28 30 23) Cradoldrider Female Cleric+12
Creature 21791 0 colors(12 0 57 37 28 30 23) Drider_Wizard1 Male Wizard+12
Creature 26967 8 colors(12 0 57 37 28 30 23) Drider_Wizard2 Male Wizard+12
Creature 11380 2 colors(12 0 57 37 28 30 23) Drider_Wizard3 Male Wizard+12
Creature 55414 8 colors(12 0 57 37 28 30 23) Drider_Wizard4 Male Wizard+12
Creature 55685 8 colors(12 0 57 37 28 30 23) Drider_Wizard5 Male Wizard+12
Creature 39380 0 colors(12 0 57 37 28 30 23) Drider_Wizard6 Male Wizard+12
Creature 43237 2 colors(12 0 57 37 28 30 23) Drider_Wizard7 Male Wizard+12
Creature 23063 14 colors(12 0 46 37 28 30 23) Drider_Priestess1 Female Cleric+12
Creature 14482 2 colors(12 0 46 37 28 30 23) Drider_Priestess2 Female Cleric+12
Creature 36686 4 colors(12 0 46 37 28 30 23) Drider_Priestess3 Female Cleric+12
Creature 50066 8 colors(12 0 46 37 28 30 23) Drider_Priestess4 Female Cleric+12
Creature 57255 8 colors(12 0 46 37 28 30 23) Drider_Priestess5 Female Cleric+12
Creature 36279 4 colors(12 0 46 37 28 30 23) Drider_Priestess6 Female Cleric+12
Creature 37431 0 colors(12 0 50 37 28 30 23) Drider_Fighter1 Male Fighter+12
Creature 12936 0 colors(12 0 50 37 28 30 23) Drider_Fighter2 Male Fighter+12
Creature 35757 2 colors(12 0 50 37 28 30 23) Drider_Fighter3 Male Fighter+12
Creature 42159 6 colors(12 0 50 37 28 30 23) Drider_Fighter4 Male Fighter+12
Creature 57785 8 colors(12 0 50 37 28 30 23) Drider_Fighter5 Male Fighter+12
Creature 55768 4 colors(12 0 50 37 28 30 23) Drider_Fighter6 Male Fighter+12
Creature 58817 6 colors(12 0 58 37 28 30 23) V_Drider_Wizard1 Male Wizard+12
Creature 58577 6 colors(12 0 58 37 28 30 23) V_Drider_Wizard2 Male Wizard+12
Creature 45023 0 colors(12 0 58 37 28 30 23) V_Drider_Wizard3 Male Wizard+12
Creature 52171 6 colors(12 0 47 37 28 30 23) V_Drider_Priestess1 Female Cleric+12
Creature 43721 0 colors(12 0 51 37 28 30 23) V_Drider_Fighter1 Male Fighter+12
Creature 41165 14 colors(12 0 51 37 28 30 23) V_Drider_Fighter2 Male Fighter+12
Creature 21730 0 colors(12 0 57 37 28 30 23) Viciscamera Fighter+10
Creature 26504 0 colors(12 0 61 37 28 30 23) Pod1 Fighter+10
Creature 30117 0 colors(12 0 61 37 28 30 23) Pod2 Fighter+10
Creature 23441 0 colors(12 0 61 37 28 30 23) Pod3 Fighter+10
Creature 25502 0 colors(12 0 61 37 28 30 23) Pod4 Fighter+10
Creature 27829 0 colors(12 0 61 37 28 30 23) Pod5 Fighter+10
Creature 31691 0 colors(12 0 61 37 28 30 23) Pod6 Fighter+10
Creature 19868 0 colors(12 0 61 37 28 30 23) Pod7 Fighter+10
Creature 22189 0 colors(12 0 61 37 28 30 23) Pod8 Fighter+10
Creature 13478 0 colors(12 0 61 37 28 30 23) Pod9 Fighter+10
Creature 19390 0 colors(12 0 61 37 28 30 23) Pod10 Fighter+10
Creature 11450 0 colors(12 0 61 37 28 30 23) Pod11 Fighter+10
Creature 15821 0 colors(12 0 61 37 28 30 23) Pod12 Fighter+10
Creature 17882 0 colors(12 0 61 37 28 30 23) Pod13 Fighter+10
Creature 52808 4 colors(12 0 46 37 28 30 23) Red_Myconid1 Fighter+8
Creature 48459 0 colors(12 0 46 37 28 30 23) Red_Myconid2 Fighter+8
Creature 50778 2 colors(12 0 46 37 28 30 23) Red_Myconid3 Fighter+8
Creature 49976 0 colors(12 0 58 37 28 30 23) Blue_Myconid1 Fighter+8
Creature 51521 14 colors(12 0 58 37 28 30 23) Blue_Myconid2 Fighter+8
Creature 49726 6 colors(12 0 46 37 28 30 23) Red_Myconid4 Fighter+8
Creature 51541 10 colors(12 0 58 37 28 30 23) Blue_Myconid3 Fighter+8
Creature 49478 14 colors(12 0 58 37 28 30 23) Blue_Myconid4 Fighter+8
Creature 52560 0 colors(12 0 58 37 28 30 23) Blue_Myconid5 Fighter+8
Creature 18859 0 colors(12 0 51 37 28 30 23) VC_53ViDrFi Male Fighter+12
Creature 22217 8 colors(12 0 47 37 28 30 23) VC_53ViDrPr Female Cleric+12
Creature 16052 2 colors(12 0 58 37 28 30 23) VC_53ViDrWi Male Wizard+12
Creature 12842 14 colors(12 0 14 37 28 30 23) 53SpiGin_01 Male Fighter+10
Creature 9783 0 colors(12 0 14 37 28 30 23) 53SpiGin_02 Male Fighter+10
Creature 9295 2 colors(12 0 14 37 28 30 23) 53SpiGin_03 Male Fighter+10
Creature 12627 2 colors(12 0 14 37 28 30 23) 53SpiGin_04 Male Fighter+10
Creature 43115 0 colors(12 0 54 37 28 30 23) 53GolIm_01 Fighter+9
Creature 44668 2 colors(12 0 54 37 28 30 23) 53GolIm_02 Fighter+9
Creature 41564 10 colors(12 0 54 37 28 30 23) 53GolImX Fighter+9
Creature 37220 0 colors(12 0 47 37 28 30 23) 53Lab Fighter+1
