Creature 14912 4 colors(12 25 53 21 27 29 92) Maralie Gnome Female Fighter+1
Creature 17184 8 colors(87 87 47 75 25 25 23) Majrash Human Male Wizard+10
Creature 13110 6 colors(9 0 47 60 60 60 47) Mirabel Human Female Wizard+10
Creature 9741 12 colors(12 0 53 37 28 30 23) Harpy1 Female Fighter+7
Creature 10768 12 colors(12 0 53 37 28 30 23) Harpy2 Female Fighter+7
Creature 11793 10 colors(12 0 53 37 28 30 23) Harpy3 Female Fighter+7
Creature 15388 10 colors(12 0 53 37 28 30 23) Harpy4 Female Fighter+7
Creature 16160 8 colors(12 0 53 37 28 30 23) Harpy5 Female Fighter+7
Creature 16676 8 colors(12 0 53 37 28 30 23) Harpy6 Female Fighter+7
Creature 15666 6 colors(12 0 53 37 28 30 23) Harpy7 Female Fighter+7
Creature 8724 12 colors(14 0 57 37 28 30 23) Earth_Elemental1 Fighter+12
Creature 12337 8 colors(14 0 57 37 28 30 23) Earth_Elemental2 Fighter+12
Creature 5173 2 colors(14 0 57 37 28 30 23) Earth_Elemental3 Fighter+12
Creature 14142 4 colors(10 5 46 50 28 30 23) Oswald Gnome Male Wizard+9
Creature 12065 8 colors(14 0 57 37 28 30 23) Earth_Elemental4 Fighter+12
Creature 10038 6 colors(14 0 57 37 28 30 23) Earth_Elemental5 Fighter+12
Creature 13329 10 colors(12 0 53 37 28 30 23) Harpy8 Female Fighter+7
Creature 15379 10 colors(12 0 53 37 28 30 23) Harpy9 Female Fighter+7
Creature 16950 6 colors(12 0 53 37 28 30 23) Harpy10 Female Fighter+7
Creature 16701 6 colors(12 0 53 37 28 30 23) Harpy11 Female Fighter+7
