Creature 11294 6 colors(66 79 60 59 27 27 56) Malavon_Despana Elf Male Wizard+20
Creature 17956 14 colors(66 79 47 45 28 30 101) Viizra_Arabani Elf Female Cleric+13
Creature 17975 2 colors(66 74 29 96 28 57 28) Kadresh_Olonrae Elf Male Cleric+17
Creature 12057 6 colors(66 79 58 57 29 29 21) House_Despana_Guard_01 Elf Male Fighter+6
Creature 11042 6 colors(66 79 58 57 29 29 21) House_Despana_Guard_02 Elf Male Fighter+6
Creature 18969 4 colors(66 79 58 57 29 29 21) House_Despana_Guard_03 Elf Male Fighter+6
Creature 20260 10 colors(66 79 58 57 29 29 21) House_Despana_Guard_04 Elf Male Fighter+6
Creature 22563 0 colors(66 79 58 57 29 29 21) House_Despana_Guard_05 Elf Male Fighter+6
Creature 19000 4 colors(66 79 58 57 29 29 21) House_Despana_Guard_06 Elf Male Fighter+6
Creature 19266 12 colors(66 79 58 57 29 29 21) House_Despana_Guard_07 Elf Male Fighter+6
Creature 22835 14 colors(66 79 58 57 29 29 21) House_Despana_Guard_08 Elf Male Fighter+6
Creature 25117 2 colors(66 79 58 57 29 29 21) House_Despana_Guard_09 Elf Male Fighter+6
Creature 26147 0 colors(66 79 58 57 29 29 21) House_Despana_Guard_10 Elf Male Fighter+6
Creature 22347 14 colors(66 79 58 57 29 29 21) House_Despana_Guard_11 Elf Male Fighter+6
Creature 20557 12 colors(66 79 58 57 29 29 21) House_Despana_Guard_12 Elf Male Fighter+6
Creature 19760 14 colors(66 79 67 99 28 30 47) Sorcere_Apprentice_01 Elf Male Cleric+5
Creature 19497 2 colors(66 79 67 99 28 30 47) Sorcere_Apprentice_02 Elf Male Cleric+5
Creature 18481 10 colors(66 79 67 99 28 30 47) Sorcere_Apprentice_03 Elf Male Cleric+5
Creature 24344 2 colors(66 79 67 99 28 30 47) Sorcere_Apprentice_04 Elf Male Cleric+5
Creature 27458 14 colors(66 79 67 99 28 30 47) Sorcere_Apprentice_05 Elf Male Cleric+5
Creature 19276 12 colors(66 79 67 99 28 30 47) Sorcere_Apprentice_06 Elf Male Cleric+5
Creature 27441 0 colors(12 0 55 37 28 30 23) Goblin_Fodder_01 Goblin Male Fighter+1
Creature 28204 0 colors(12 0 55 37 28 30 23) Goblin_Fodder_02 Goblin Male Fighter+1
Creature 28470 14 colors(12 0 55 37 28 30 23) Goblin_Fodder_03 Goblin Male Fighter+1
Creature 27706 14 colors(12 0 55 37 28 30 23) Goblin_Fodder_04 Goblin Male Fighter+1
Creature 25411 14 colors(12 0 55 37 28 30 23) Goblin_Fodder_13 Goblin Male Fighter+1
Creature 23883 14 colors(12 0 55 37 28 30 23) Goblin_Fodder_14 Goblin Male Fighter+1
Creature 23631 12 colors(12 0 55 37 28 30 23) Goblin_Fodder_15 Goblin Male Fighter+1
Creature 26425 14 colors(12 0 55 37 28 30 23) Goblin_Fodder_17 Goblin Male Fighter+1
Creature 25930 14 colors(12 0 55 37 28 30 23) Goblin_Fodder_18 Goblin Male Fighter+1
Creature 45343 14 colors(17 3 56 58 29 32 23) Myrvek_of_Gracklstug Dwarf Male Cleric+17
Creature 46123 4 colors(11 4 25 39 30 30 22) Heggr_Splitsteel Dwarf Male Cleric+11
Creature 47132 10 colors(60 27 64 43 28 32 21) Wode_the_Guileful Elf Male Fighter+11
Creature 47900 10 colors(21 79 26 47 28 27 27) Valas_Rrostarr Elf Male Fighter+11
Creature 36504 0 colors(12 0 44 37 28 30 23) Oinchack'olp Wizard+8
Creature 37763 4 colors(12 0 57 37 28 30 23) Minotaur Thrall 1 Fighter+6
Creature 34182 6 colors(12 0 57 37 28 30 23) Minotaur Thrall 2 Fighter+6
Creature 31395 8 colors(12 0 57 37 28 30 23) Minotaur Thrall 3 Fighter+6
Creature 36788 0 colors(12 0 57 37 28 30 23) Minotaur Thrall 4 Fighter+6
Creature 35731 0 colors(14 6 69 52 29 29 21) Duergar Fighter Thrall 1 Dwarf Male Fighter+6
Creature 31629 8 colors(14 6 69 52 29 29 21) Duergar Fighter Thrall 2 Dwarf Male Fighter+6
Creature 33665 4 colors(14 6 69 52 29 29 21) Duergar Fighter Thrall 3 Dwarf Male Fighter+6
Creature 37032 14 colors(17 3 56 50 28 30 22) Derro Savant Thrall 1 Dwarf Male Wizard+5
Creature 36741 2 colors(17 3 56 50 28 30 22) Derro Savant Thrall 2 Dwarf Male Wizard+5
Creature 31133 8 colors(17 3 56 50 28 30 22) Derro Savant Thrall 3 Dwarf Male Wizard+5
Creature 29911 4 colors(12 0 57 37 28 30 23) Sorn Male Wizard+9
Creature 27602 2 colors(12 0 50 37 28 30 23) Nadal Male Fighter+9
Creature 19388 0 colors(12 0 44 37 28 30 23) Beelthot Wizard+8
Creature 17323 0 colors(12 0 57 37 28 30 23) Fomorian_Thrall_01 Male Fighter+13
Creature 18357 0 colors(12 0 57 37 28 30 23) Fomorian_Thrall_02 Male Fighter+13
Creature 15027 0 colors(18 79 67 99 28 30 47) Drow_Wizard_Thrall_01 Elf Male Wizard+5
Creature 15305 0 colors(18 79 67 99 28 30 47) Drow_Wizard_Thrall_02 Elf Male Wizard+5
Creature 16174 0 colors(66 79 44 31 28 30 31) Ginafae_Despana Elf Female Cleric+7
Creature 34787 8 colors(12 0 50 37 28 30 23) 01_53DRIFIH_01 Male Fighter+12
Creature 35029 10 colors(12 0 50 37 28 30 23) 01_53DRIFIH_02 Male Fighter+12
Creature 34780 8 colors(12 0 46 37 28 30 23) 01_53DRIPRH_03 Female Cleric+12
Creature 35790 10 colors(12 0 57 37 28 30 23) 01_53DRIWIH_04 Male Wizard+12
Creature 46395 4 colors(12 0 50 37 28 30 23) 02_53DRIFIH_01 Male Fighter+12
Creature 52042 6 colors(12 0 50 37 28 30 23) 02_53DRIFIH_02 Male Fighter+12
Creature 50753 6 colors(12 0 50 37 28 30 23) 02_53DRIFIH_03 Male Fighter+12
Creature 48441 4 colors(12 0 46 37 28 30 23) 02_53DRIPRH_04 Female Cleric+12
Creature 53827 8 colors(12 0 46 37 28 30 23) 02_53DRIPRH_05 Female Cleric+12
Creature 52027 6 colors(12 0 57 37 28 30 23) 02_53DRIWIH_06 Male Wizard+12
Creature 56988 6 colors(12 0 66 37 28 30 23) 03_53DRACAH_01 Fighter+10
Creature 46221 0 colors(12 0 66 37 28 30 23) 03_53DRACAH_02 Fighter+10
Creature 50578 4 colors(12 0 66 37 28 30 23) 03_53DRACAH_03 Fighter+10
Creature 57911 12 colors(12 0 14 37 28 30 23) 04_53SPISW_01 Male Fighter+10
Creature 59705 10 colors(12 0 14 37 28 30 23) 04_53SPISW_02 Male Fighter+10
Creature 60222 10 colors(12 0 14 37 28 30 23) 04_53SPISW_03 Male Fighter+10
Creature 45876 0 colors(12 0 14 37 28 30 23) 04_53SPISWH_04 Male Fighter+10
Creature 45120 0 colors(12 0 14 37 28 30 23) 04_53SPISWH_05 Male Fighter+10
Creature 45898 2 colors(12 0 14 37 28 30 23) 04_53SPISWH_06 Male Fighter+10
Creature 49993 2 colors(12 0 14 37 28 30 23) 04_53SPISWH_07 Male Fighter+10
Creature 49976 14 colors(12 0 14 37 28 30 23) 04_53SPISWH_08 Male Fighter+10
Creature 48690 14 colors(12 0 14 37 28 30 23) 04_53SPISWH_09 Male Fighter+10
Creature 42716 4 colors(12 0 14 37 28 30 23) 06_53SPISWH_01 Male Fighter+10
Creature 43991 6 colors(12 0 14 37 28 30 23) 06_53SPISWH_02 Male Fighter+10
Creature 42961 4 colors(12 0 14 37 28 30 23) 06_53SPISWH_03 Male Fighter+10
Creature 44508 6 colors(12 0 14 37 28 30 23) 06_53SPISWH_04 Male Fighter+10
Creature 51382 10 colors(12 0 14 37 28 30 23) 06_53SPISWH_05 Male Fighter+10
Creature 52402 8 colors(12 0 14 37 28 30 23) 06_53SPISWH_06 Male Fighter+10
Creature 53679 8 colors(12 0 14 37 28 30 23) 06_53SPISWH_07 Male Fighter+10
Creature 54701 8 colors(12 0 14 37 28 30 23) 06_53SPISWH_08 Male Fighter+10
Creature 29460 2 colors(12 0 14 37 28 30 23) 07_53SPISWH_01 Male Fighter+10
Creature 30744 0 colors(12 0 14 37 28 30 23) 07_53SPISWH_02 Male Fighter+10
Creature 32794 0 colors(12 0 14 37 28 30 23) 07_53SPISWH_03 Male Fighter+10
Creature 34326 2 colors(12 0 14 37 28 30 23) 07_53SPISWH_04 Male Fighter+10
Creature 28640 4 colors(12 0 54 37 28 30 23) 08_53GOLIMH_01 Fighter+9
Creature 11621 12 colors(12 0 58 37 28 30 23) 09_53MYCBLH_01 Fighter+8
Creature 14474 6 colors(12 0 58 37 28 30 23) 09_53MYCBLH_02 Fighter+8
Creature 20340 0 colors(12 0 58 37 28 30 23) 09_53MYCBLH_03 Fighter+8
Creature 16490 2 colors(12 0 58 37 28 30 23) 09_53MYCBLH_04 Fighter+8
Creature 19594 8 colors(12 0 58 37 28 30 23) 09_53MYCBLH_05 Fighter+8
Creature 17036 8 colors(12 0 46 37 28 30 23) 09_53MYCREH_06 Fighter+8
Creature 13408 10 colors(12 0 46 37 28 30 23) 09_53MYCREH_07 Fighter+8
Creature 20356 10 colors(12 0 46 37 28 30 23) 09_53MYCREH_08 Fighter+8
Creature 9810 2 colors(66 79 58 45 28 30 101) 53DroPr Elf Female Cleric+13
Creature 8784 2 colors(66 79 59 99 28 30 47) 53DrosSS_01 Elf Male Fighter+9
Creature 8761 14 colors(66 79 59 99 28 30 47) 53DrosSS_02 Elf Male Fighter+9
Creature 11316 12 colors(66 79 59 99 28 30 47) 53DrosSS_03 Elf Male Fighter+9
Creature 12090 12 colors(66 79 27 57 29 29 21) 53DrosAs_01 Elf Male Fighter+8
Creature 13896 6 colors(66 79 27 57 29 29 21) 53DrosAs_02 Elf Male Fighter+8
Creature 12621 4 colors(66 79 27 57 29 29 21) 53DrosAs_03 Elf Male Fighter+8
Creature 9023 0 colors(66 79 27 57 29 29 21) 53DrosAs_04 Elf Male Fighter+8
Creature 9285 0 colors(66 79 27 57 29 29 21) 53DrosAs_05 Elf Male Fighter+8
Creature 9291 0 colors(66 79 27 57 29 29 21) 53DrosAs_06 Elf Male Fighter+8
Creature 10297 14 colors(66 79 27 57 29 29 21) 53DrosAs_07 Elf Male Fighter+8
Creature 18626 0 colors(12 0 57 37 28 30 23) Fomorian_Thrall_03 Male Fighter+13
Creature 18381 0 colors(12 0 57 37 28 30 23) Fomorian_Thrall_04 Male Fighter+13
Creature 15547 0 colors(18 79 67 99 28 30 47) Drow_Wizard_Thrall_03 Elf Male Wizard+5
Creature 15809 0 colors(18 79 67 99 28 30 47) Drow_Wizard_Thrall_04 Elf Male Wizard+5
