Creature 24140 2 colors(12 0 53 37 28 30 23) Wight1 Male Fighter+6
Creature 22626 4 colors(12 0 53 37 28 30 23) Wight2 Male Fighter+6
Creature 21348 0 colors(12 0 53 37 28 30 23) Wight3 Male Fighter+6
Creature 17500 6 colors(12 0 53 37 28 30 23) Wight4 Male Fighter+6
Creature 24406 10 colors(12 0 65 37 28 30 23) Wraith1 Male Fighter+9
Creature 22124 14 colors(12 0 65 37 28 30 23) Wraith2 Male Fighter+9
Creature 17002 8 colors(12 0 65 37 28 30 23) Wraith3 Male Fighter+9
Creature 12371 0 colors(12 0 65 37 28 30 23) Wraith4 Male Fighter+9
Creature 17745 0 colors(12 0 51 37 28 30 23) Dray Goblin Male Fighter+1
Creature 10012 0 colors(5 0 67 38 28 30 23) 02_Black_Archer_02 Male Bard+6
Creature 7737 0 colors(5 0 67 38 28 30 23) 02_Black_Archer_03 Male Bard+6
Creature 12826 14 colors(5 0 67 38 28 30 23) 02_Black_Archer_01 Male Bard+6
Creature 10315 0 colors(5 0 67 38 28 30 23) 02_Black_Archer_04 Male Bard+6
Creature 20057 2 colors(5 0 67 38 28 30 23) 01_Black_Archer_01 Male Bard+6
Creature 11299 0 colors(12 0 65 37 28 30 23) 02_Wraith_01 Male Fighter+9
Creature 10807 0 colors(12 0 65 37 28 30 23) 02_Wraith_02 Male Fighter+9
Creature 15649 10 colors(12 0 53 37 28 30 23) 02_Wight_02 Male Fighter+6
Creature 11306 0 colors(12 0 53 37 28 30 23) 02_Wight_01 Male Fighter+6
Creature 13114 6 colors(12 0 53 37 28 30 23) 02_Wight_03 Male Fighter+6
Creature 8751 0 colors(12 0 50 37 28 30 23) 02_Wight_Lord_01 Male Fighter+8
Creature 14438 0 colors(12 0 50 37 28 30 23) 01_Wight_Lord_01 Male Fighter+8
