Creature 50543 12 colors(12 3 41 38 32 30 22) Iselore HalfElf Male Druid+15
Creature 52621 4 colors(0 0 47 0 0 0 0) Madae Female Fighter+30
Creature 49803 4 colors(12 0 25 37 28 30 23) Cedra Female Wizard+12
Creature 49984 12 colors(12 0 51 37 28 30 23) Yuan-Ti_Sorceress1 Female Wizard+14
Creature 41616 0 colors(12 0 51 37 28 30 23) Yuan-Ti_Sorceress2 Female Wizard+14
Creature 33435 0 colors(12 0 51 37 28 30 23) Yuan-Ti_Sorceress3 Female Wizard+14
Creature 25552 0 colors(12 0 51 37 28 30 23) Yuan-Ti_Sorceress4 Female Wizard+14
Creature 34970 0 colors(12 0 50 37 28 30 23) Yuan-Ti_Priestess1 Female Cleric+14
Creature 39824 0 colors(12 0 50 37 28 30 23) Yuan-Ti_Priestess2 Female Cleric+14
Creature 48964 14 colors(12 0 50 37 28 30 23) Yuan-Ti_Priestess3 Female Cleric+14
Creature 40329 0 colors(12 0 53 37 28 30 23) Yuan-Ti_Archer1 Male Fighter+13
Creature 42631 0 colors(12 0 53 37 28 30 23) Yuan-Ti_Archer2 Male Fighter+13
Creature 43149 0 colors(12 0 53 37 28 30 23) Yuan-Ti_Archer3 Male Fighter+13
Creature 43410 0 colors(12 0 53 37 28 30 23) Yuan-Ti_Archer4 Male Fighter+13
Creature 43672 0 colors(12 0 53 37 28 30 23) Yuan-Ti_Archer5 Male Fighter+13
Creature 40853 0 colors(12 0 53 37 28 30 23) Yuan-Ti_Archer6 Male Fighter+13
Creature 34978 0 colors(12 0 53 37 28 30 23) Yuan-Ti_Archer7 Male Fighter+13
Creature 34450 0 colors(12 0 53 37 28 30 23) Yuan-Ti_Archer8 Male Fighter+13
Creature 35742 0 colors(12 0 53 37 28 30 23) Yuan-Ti_Archer11 Male Fighter+13
Creature 35479 0 colors(12 0 53 37 28 30 23) Yuan-Ti_Archer12 Male Fighter+13
Creature 41877 0 colors(12 0 52 37 28 30 23) Yuan-Ti_Elite1 Male Fighter+13
Creature 41355 0 colors(12 0 52 37 28 30 23) Yuan-Ti_Elite4 Male Fighter+13
Creature 54422 4 colors(12 0 58 37 28 30 23) Black_Neo_Orog1 Orc Male Fighter+8
Creature 54683 4 colors(12 0 58 37 28 30 23) Black_Neo_Orog2 Orc Male Fighter+8
Creature 54432 4 colors(12 0 58 37 28 30 23) Black_Neo_Orog3 Orc Male Fighter+8
Creature 53925 4 colors(12 0 58 37 28 30 23) Black_Neo_Orog4 Orc Male Fighter+8
Creature 49812 2 colors(12 0 58 37 28 30 23) Black_Neo_Orog7 Orc Male Fighter+8
Creature 49049 2 colors(12 0 58 37 28 30 23) Black_Neo_Orog8 Orc Male Fighter+8
Creature 48798 2 colors(12 0 58 37 28 30 23) Black_Neo_Orog9 Orc Male Fighter+8
Creature 48547 2 colors(12 0 58 37 28 30 23) Black_Neo_Orog10 Orc Male Fighter+8
Creature 51528 12 colors(12 0 58 37 28 30 23) Black_Neo_Orog13 Orc Male Fighter+8
Creature 50252 12 colors(12 0 58 37 28 30 23) Black_Neo_Orog14 Orc Male Fighter+8
Creature 48460 12 colors(12 0 58 37 28 30 23) Black_Neo_Orog15 Orc Male Fighter+8
Creature 51011 12 colors(12 0 58 37 28 30 23) Black_Neo_Orog16 Orc Male Fighter+8
Creature 49735 12 colors(12 0 58 37 28 30 23) Black_Neo_Orog17 Orc Male Fighter+8
Creature 47686 12 colors(12 0 58 37 28 30 23) Black_Neo_Orog18 Orc Male Fighter+8
Creature 28357 0 colors(12 0 47 37 28 30 23) Neo_Orog1 Orc Male Fighter+8
Creature 28620 0 colors(12 0 47 37 28 30 23) Neo_Orog2 Orc Male Fighter+8
Creature 29139 0 colors(12 0 47 37 28 30 23) Neo_Orog3 Orc Male Fighter+8
Creature 29146 0 colors(12 0 47 37 28 30 23) Neo_Orog4 Orc Male Fighter+8
Creature 26056 0 colors(12 0 47 37 28 30 23) Neo_Orog5 Orc Male Fighter+8
Creature 26061 0 colors(12 0 47 37 28 30 23) Neo_Orog6 Orc Male Fighter+8
Creature 26323 0 colors(12 0 47 37 28 30 23) Neo_Orog7 Orc Male Fighter+8
Creature 26587 0 colors(12 0 47 37 28 30 23) Neo_Orog8 Orc Male Fighter+8
Creature 30670 0 colors(0 0 65 0 0 0 0) Neo_Orog_General1 Orc Male Fighter+13
Creature 47425 14 colors(0 0 65 0 0 0 0) Neo_Orog_General2 Orc Male Fighter+13
Creature 27340 0 colors(12 0 47 37 28 30 23) Neo_Orog_Priest1 Orc Male Cleric+9
Creature 27604 0 colors(12 0 47 37 28 30 23) Neo_Orog_Priest2 Orc Male Cleric+9
Creature 55137 10 colors(12 0 53 37 28 30 23) Harpy1 Female Fighter+7
Creature 55657 8 colors(12 0 53 37 28 30 23) Harpy2 Female Fighter+7
Creature 56432 8 colors(12 0 53 37 28 30 23) Harpy3 Female Fighter+7
Creature 55428 6 colors(12 0 53 37 28 30 23) Harpy4 Female Fighter+7
Creature 56461 6 colors(12 0 53 37 28 30 23) Harpy5 Female Fighter+7
Creature 52067 0 colors(12 0 50 37 28 30 23) HeartstoneGem Female Cleric+30
Creature 8389 14 colors(12 0 52 37 28 30 23) 05_Green_03 Male Fighter+13
Creature 10171 0 colors(12 0 52 37 28 30 23) 05_Green_02 Male Fighter+13
Creature 8126 0 colors(12 0 53 37 28 30 23) 05_Archer_01 Male Fighter+13
Creature 7862 2 colors(12 0 52 37 28 30 23) 05_Green_01 Male Fighter+13
Creature 11112 4 colors(12 0 52 37 28 30 23) 04_Green_03 Male Fighter+13
Creature 8561 8 colors(12 0 52 37 28 30 23) 04_Green_04 Male Fighter+13
Creature 12920 0 colors(12 0 52 37 28 30 23) 04_Green_05 Male Fighter+13
Creature 11121 2 colors(12 0 53 37 28 30 23) 04_Archer_03 Male Fighter+13
Creature 15956 2 colors(12 0 53 37 28 30 23) 04_Archer_01 Male Fighter+13
Creature 16484 0 colors(12 0 53 37 28 30 23) 04_Archer_02 Male Fighter+13
Creature 13924 14 colors(12 0 52 37 28 30 23) 04_Green_02 Male Fighter+13
Creature 15694 6 colors(12 0 52 37 28 30 23) 04_Green_01 Male Fighter+13
Creature 25925 6 colors(12 0 52 37 28 30 23) 03_Green_01 Male Fighter+13
Creature 30031 0 colors(12 0 52 37 28 30 23) 03_Green_02 Male Fighter+13
Creature 24656 14 colors(12 0 53 37 28 30 23) 03_Archer_02 Male Fighter+13
Creature 27972 2 colors(12 0 53 37 28 30 23) 03_Archer_01 Male Fighter+13
Creature 28195 8 colors(12 0 52 37 28 30 23) 02_Green_02 Male Fighter+13
Creature 26393 10 colors(12 0 52 37 28 30 23) 02_Green_01 Male Fighter+13
Creature 25617 0 colors(12 0 53 37 28 30 23) 02_Archer_01 Male Fighter+13
Creature 34259 4 colors(12 0 53 37 28 30 23) 06_Archer_01 Male Fighter+13
Creature 37330 4 colors(12 0 53 37 28 30 23) 06_Archer_02 Male Fighter+13
Creature 30833 0 colors(12 0 53 37 28 30 23) 03_Archer_04 Male Fighter+13
Creature 31587 14 colors(12 0 53 37 28 30 23) 03_Archer_03 Male Fighter+13
Creature 28765 8 colors(12 0 52 37 28 30 23) 03_Green_03 Male Fighter+13
Creature 29303 12 colors(12 0 52 37 28 30 23) 03_Green_04 Male Fighter+13
Creature 40652 0 colors(12 0 52 37 28 30 23) 06_Green_02 Male Fighter+13
Creature 32459 6 colors(12 0 52 37 28 30 23) 06_Green_01 Male Fighter+13
Creature 13522 10 colors(12 0 52 37 28 30 23) 05_Green_04 Male Fighter+13
Creature 16344 14 colors(12 0 52 37 28 30 23) 05_Green_05 Male Fighter+13
Creature 43809 2 colors(12 0 52 37 28 30 23) 01_Green_01 Male Fighter+13
Creature 43817 2 colors(12 0 53 37 28 30 23) 01_Archer_01 Male Fighter+13
Creature 48941 4 colors(12 0 53 37 28 30 23) 01_Archer_02 Male Fighter+13
Creature 50730 4 colors(12 0 52 37 28 30 23) 01_Green_04 Male Fighter+13
Creature 46640 4 colors(12 0 52 37 28 30 23) 01_Green_03 Male Fighter+13
Creature 45101 4 colors(12 0 52 37 28 30 23) 01_Green_02 Male Fighter+13
Creature 30400 14 colors(12 1 69 91 30 110 29) Nathaniel Human Male Druid+7
Creature 34492 10 colors(12 0 41 42 24 30 42) Jermsy Human Male Ranger+8
Creature 30133 14 colors(11 3 65 64 30 30 23) Gerbash Dwarf Male Fighter+7
Creature 31407 12 colors(13 110 43 42 0 28 21) Conlan Human Male Fighter+3
Creature 33204 10 colors(12 0 39 55 21 30 21) Sheemish Human Male Fighter+2
