Creature 36235 6 colors(9 0 42 23 21 28 21) Katchmat Human Male Fighter+7
Creature 37250 4 colors(9 0 42 23 21 28 21) Mezro_Warrior1 Human Male Fighter+5
Creature 34947 8 colors(9 0 42 23 21 28 21) Mezro_Warrior2 Human Male Fighter+5
Creature 33157 10 colors(9 0 42 23 21 28 21) Mezro_Warrior3 Human Male Fighter+5
Creature 38792 0 colors(9 0 42 23 21 28 21) Mezro_Warrior4 Human Male Fighter+5
Creature 38031 12 colors(9 0 42 23 21 28 21) Mezro_Warrior5 Human Male Fighter+5
Creature 36503 10 colors(9 0 42 23 21 28 21) Mezro_Warrior6 Human Male Fighter+5
Creature 34962 0 colors(9 0 42 23 21 28 21) Mezro_Warrior7 Human Male Fighter+5
Creature 15712 8 colors(12 0 52 37 28 30 23) Yuan-Ti_Elite1 Male Fighter+13
Creature 14426 6 colors(12 0 52 37 28 30 23) Yuan-Ti_Elite2 Male Fighter+13
Creature 14183 8 colors(12 0 52 37 28 30 23) Yuan-Ti_Elite3 Male Fighter+13
Creature 12895 6 colors(12 0 52 37 28 30 23) Yuan-Ti_Elite4 Male Fighter+13
Creature 11619 6 colors(12 0 52 37 28 30 23) Yuan-Ti_Elite5 Male Fighter+13
Creature 37442 14 colors(12 0 52 37 28 30 23) Yuan-Ti_Elite6 Male Fighter+13
Creature 36171 2 colors(12 0 52 37 28 30 23) Yuan-Ti_Elite7 Male Fighter+13
Creature 34623 10 colors(12 0 52 37 28 30 23) Yuan-Ti_Elite8 Male Fighter+13
Creature 33352 8 colors(12 0 52 37 28 30 23) Yuan-Ti_Elite9 Male Fighter+13
Creature 13921 6 colors(12 0 46 37 28 30 23) Yuan-Ti_Priest1 Female Cleric+9
Creature 10082 8 colors(12 0 46 37 28 30 23) Yuan-Ti_Priest2 Female Cleric+9
Creature 35909 8 colors(20 27 66 69 32 30 23) Pureblood_Sorcerer1 Female Wizard+7
Creature 33090 6 colors(20 27 66 69 32 30 23) Pureblood_Sorcerer2 Female Wizard+7
Creature 21792 8 colors(12 0 49 37 28 30 23) Sashkta Female Cleric+8
Creature 22554 12 colors(114 1 55 25 0 0 0) Initiate1 Human Female Cleric+2
Creature 23581 10 colors(114 1 55 25 0 0 0) Initiate2 Human Female Cleric+2
Creature 20512 0 colors(114 1 55 25 0 0 0) Initiate3 Human Female Cleric+2
Creature 23588 6 colors(114 1 55 25 0 0 0) Initiate4 Human Female Cleric+2
Creature 22309 4 colors(114 1 55 25 0 0 0) Initiate5 Human Female Cleric+2
Creature 21275 14 colors(114 1 55 25 0 0 0) Initiate6 Human Female Cleric+2
Creature 24096 8 colors(114 1 55 25 0 0 0) Initiate7 Human Female Cleric+2
Creature 21028 2 colors(114 1 55 25 0 0 0) Initiate8 Human Female Cleric+2
Creature 37526 0 colors(9 0 42 23 21 28 21) Spell_FX Human Male Fighter+5
Creature 32026 10 colors(0 0 65 0 0 0 0) The_Guardian Male Fighter+30
