Creature 16311 0 colors(12 0 53 37 28 30 23) 02_Wight_01 Male Fighter+6
Creature 16831 2 colors(12 0 53 37 28 30 23) 02_Wight_02 Male Fighter+6
Creature 15556 14 colors(12 0 53 37 28 30 23) 02_Wight_03 Male Fighter+6
Creature 16333 6 colors(12 0 53 37 28 30 23) 02_Wight_04 Male Fighter+6
Creature 15061 14 colors(12 0 53 37 28 30 23) 02_Wight_05 Male Fighter+6
Creature 11720 0 colors(12 0 53 37 28 30 23) 02_Wight_06 Male Fighter+6
Creature 11731 2 colors(12 0 53 37 28 30 23) 02_Wight_07 Male Fighter+6
Creature 31788 12 colors(10 5 46 50 28 30 23) Oswald Gnome Male Wizard+9
Creature 32296 12 colors(12 25 53 21 27 29 92) Maralie Gnome Female Fighter+1
Creature 29494 0 colors(12 0 53 37 28 30 23) Hiepherus Orc Male Cleric+12
Creature 34348 10 colors(12 0 53 37 28 30 23) Intro_Wight_01 Male Fighter+6
Creature 29498 0 colors(12 0 53 37 28 30 23) Intro_Wight_02 Male Fighter+6
Creature 28721 0 colors(12 0 53 37 28 30 23) Intro_Wight_03 Male Fighter+6
Creature 29502 0 colors(12 0 53 37 28 30 23) Intro_Wight_04 Male Fighter+6
Creature 31779 12 colors(12 0 53 37 28 30 23) Intro_Wight_05 Male Fighter+6
Creature 31552 4 colors(12 0 53 37 28 30 23) Intro_Wight_06 Male Fighter+6
Creature 27861 4 colors(12 0 53 37 28 30 23) 04_Wight_01 Male Fighter+6
Creature 30163 6 colors(12 0 53 37 28 30 23) 04_Wight_02 Male Fighter+6
Creature 29374 14 colors(12 0 53 37 28 30 23) 04_Wight_03 Male Fighter+6
Creature 27320 2 colors(12 0 53 37 28 30 23) 04_Wight_04 Male Fighter+6
Creature 28094 4 colors(12 0 53 37 28 30 23) 04_Wight_05 Male Fighter+6
Creature 31154 0 colors(12 0 53 37 28 30 23) 04_Wight_06 Male Fighter+6
Creature 10837 0 colors(12 0 53 37 28 30 23) 05_Wight_01 Male Fighter+6
Creature 12891 0 colors(12 0 53 37 28 30 23) 05_Wight_02 Male Fighter+6
Creature 12625 4 colors(12 0 53 37 28 30 23) 05_Wight_03 Male Fighter+6
Creature 15704 0 colors(12 0 53 37 28 30 23) 05_Wight_04 Male Fighter+6
Creature 15682 8 colors(12 0 53 37 28 30 23) 05_Wight_05 Male Fighter+6
Creature 17737 2 colors(12 0 53 37 28 30 23) 05_Wight_06 Male Fighter+6
Creature 8031 0 colors(12 0 65 37 28 30 23) 05_Wraith_01 Male Fighter+9
Creature 13654 0 colors(12 0 65 37 28 30 23) 05_Wraith_02 Male Fighter+9
Creature 27848 4 colors(12 0 65 37 28 30 23) 04_Wraith_01 Male Fighter+9
Creature 28120 4 colors(12 0 65 37 28 30 23) 04_Wraith_02 Male Fighter+9
Creature 10627 0 colors(12 0 53 37 28 30 23) 06_Wight_01 Male Fighter+6
Creature 13464 14 colors(12 0 53 37 28 30 23) 06_Wight_02 Male Fighter+6
Creature 13952 2 colors(12 0 53 37 28 30 23) 06_Wight_03 Male Fighter+6
Creature 12151 14 colors(12 0 53 37 28 30 23) 06_Wight_04 Male Fighter+6
Creature 12940 14 colors(12 0 53 37 28 30 23) 06_Wight_05 Male Fighter+6
Creature 13472 2 colors(12 0 53 37 28 30 23) 06_Wight_06 Male Fighter+6
Creature 25687 2 colors(12 0 53 37 28 30 23) Intro_Wight_07 Male Fighter+6
Creature 35929 6 colors(12 0 53 37 28 30 23) Intro_Wight_08 Male Fighter+6
Creature 32859 4 colors(12 0 53 37 28 30 23) Intro_Wight_09 Male Fighter+6
Creature 29022 0 colors(12 0 53 37 28 30 23) Intro_Wight_10 Male Fighter+6
Creature 23930 0 colors(12 0 53 37 28 30 23) 07_Wight_01 Male Fighter+6
Creature 26240 14 colors(12 0 53 37 28 30 23) 07_Wight_02 Male Fighter+6
Creature 32127 6 colors(12 0 53 37 28 30 23) 07_Wight_03 Male Fighter+6
Creature 29844 6 colors(12 0 53 37 28 30 23) 07_Wight_04 Male Fighter+6
Creature 29056 2 colors(12 0 65 37 28 30 23) 07_Wraith_01 Male Fighter+9
Creature 30601 0 colors(12 0 65 37 28 30 23) 07_Wraith_02 Male Fighter+9
Creature 15697 0 colors(12 0 50 37 28 30 23) 05_Wight_Lord_01 Male Fighter+8
Creature 28283 2 colors(12 0 50 37 28 30 23) 07_Wight_Lord_01 Male Fighter+8
Creature 12690 0 colors(12 0 50 37 28 30 23) 06_Wight_Lord_01 Male Fighter+8
Creature 21201 4 colors(12 0 50 37 28 30 23) 02_Wight_Lord_01 Male Fighter+8
Creature 29360 4 colors(12 0 50 37 28 30 23) 04_Wight_Lord_01 Male Fighter+8
Creature 12612 0 colors(12 0 63 63 28 30 23) Mother_Egenia Human Female Fighter+20
Creature 19285 2 colors(5 0 67 38 28 30 23) 05_Black_Archer_01 Male Bard+6
Creature 10842 0 colors(5 0 67 38 28 30 23) 05_Black_Archer_03 Male Bard+6
Creature 21084 0 colors(5 0 67 38 28 30 23) 05_Black_Archer_02 Male Bard+6
Creature 25449 0 colors(5 0 67 38 28 30 23) 07_Black_Archer_01 Male Bard+6
Creature 26489 2 colors(5 0 67 38 28 30 23) 07_Black_Archer_02 Male Bard+6
Creature 13946 0 colors(5 0 67 38 28 30 23) 06_Black_Archer_01 Male Bard+6
Creature 12934 12 colors(5 0 67 38 28 30 23) 06_Black_Archer_02 Male Bard+6
Creature 23241 2 colors(5 0 67 38 28 30 23) 02_Black_Archer_03 Male Bard+6
Creature 11725 0 colors(5 0 67 38 28 30 23) 02_Black_Archer_02 Male Bard+6
Creature 16564 0 colors(5 0 67 38 28 30 23) 02_Black_Archer_01 Male Bard+6
Creature 26579 4 colors(5 0 67 38 28 30 23) 04_Black_Archer_01 Male Bard+6
Creature 29142 4 colors(5 0 67 38 28 30 23) 04_Black_Archer_02 Male Bard+6
Creature 17092 2 colors(12 0 50 37 28 30 23) 02_Hand_of_Khavros_01 Male Fighter+11
Creature 21709 4 colors(12 0 50 37 28 30 23) 02_Hand_of_Khavros_02 Male Fighter+11
Creature 16595 2 colors(12 0 50 37 28 30 23) 02_Khavros_the_Black Male Fighter+12
