Creature 44641 6 colors(70 3 60 46 5 5 0) Thorasskus Male Cleric+26
Creature 41294 12 colors(14 0 57 37 28 30 23) 03_Efreeti_01 Male Fighter+11
Creature 43371 4 colors(14 0 57 37 28 30 23) 03_Efreeti_02 Male Fighter+11
Creature 50279 4 colors(14 0 57 37 28 30 23) 03_Efreeti_03 Male Fighter+11
Creature 42838 10 colors(14 0 57 37 28 30 23) 03_Efreeti_04 Male Fighter+11
Creature 46407 10 colors(14 0 57 37 28 30 23) 03_Efreeti_05 Male Fighter+11
Creature 52086 6 colors(14 0 57 37 28 30 23) 03_Efreeti_06 Male Fighter+11
Creature 49539 4 colors(14 0 57 37 28 30 23) 03_Efreeti_07 Male Fighter+11
Creature 45692 4 colors(14 0 57 37 28 30 23) 03_Efreeti_08 Male Fighter+11
Creature 48212 8 colors(14 0 57 37 28 30 23) 03_Efreeti_09 Male Fighter+11
Creature 43077 10 colors(14 0 57 37 28 30 23) 03_Efreeti_10 Male Fighter+11
Creature 15013 0 colors(0 0 55 0 0 0 0) StoneSlab Fighter+10
Creature 13676 2 colors(67 74 57 31 66 66 23) SsethEye Male Fighter+14
Creature 10274 4 colors(114 0 97 97 98 98 0) Nheero Human Male Wizard+8
Creature 21295 12 colors(0 0 55 0 0 0 0) 02_EliteGuard_01 Fighter+18
Creature 9284 0 colors(0 0 55 0 0 0 0) 02_EliteGuard_02 Fighter+18
Creature 48671 12 colors(0 0 55 0 0 0 0) 02_EliteGuard_03 Fighter+18
Creature 14951 2 colors(0 0 55 0 0 0 0) 02_EliteGuard_04 Fighter+18
Creature 32577 12 colors(0 0 55 0 0 0 0) 02_EliteGuard_05 Fighter+18
Creature 16009 2 colors(0 0 55 0 0 0 0) 02_EliteGuard_06 Fighter+18
Creature 40658 4 colors(0 0 55 0 0 0 0) 02_EliteGuard_07 Fighter+18
Creature 42078 10 colors(0 0 55 0 0 0 0) 02_EliteGuard_08 Fighter+18
Creature 22685 10 colors(0 0 55 0 0 0 0) 02_EliteGuard_09 Fighter+18
Creature 34197 2 colors(0 0 55 0 0 0 0) 02_EliteGuard_10 Fighter+18
Creature 48415 12 colors(67 74 57 31 66 66 23) 02_EliteGuard_03 Male Fighter+10
Creature 14695 2 colors(67 74 57 31 66 66 23) 02_EliteGuard_04 Male Fighter+10
Creature 40914 4 colors(67 74 57 31 66 66 23) 02_EliteGuard_07 Male Fighter+10
Creature 9028 0 colors(14 0 57 37 28 30 23) 02_EliteGuard_02 Fighter+8
Creature 31809 12 colors(14 0 57 37 28 30 23) 02_EliteGuard_05 Fighter+8
Creature 15753 0 colors(14 0 57 37 28 30 23) 02_EliteGuard_06 Fighter+8
Creature 22430 10 colors(14 0 57 37 28 30 23) 02_EliteGuard_09 Fighter+8
Creature 9284 0 colors(67 74 57 31 66 66 23) 02_EliteGuard_02 Male Fighter+10
Creature 32065 12 colors(67 74 57 31 66 66 23) 02_EliteGuard_05 Male Fighter+10
Creature 16009 2 colors(67 74 57 31 66 66 23) 02_EliteGuard_06 Male Fighter+10
Creature 22941 10 colors(67 74 57 31 66 66 23) 02_EliteGuard_09 Male Fighter+10
Creature 27737 0 colors(12 0 57 37 28 30 23) Snake_01 Fighter+8
Creature 25948 0 colors(12 0 57 37 28 30 23) Snake_02 Fighter+8
Creature 24676 0 colors(12 0 57 37 28 30 23) Snake_03 Fighter+8
Creature 24428 0 colors(12 0 57 37 28 30 23) Snake_04 Fighter+8
Creature 25205 0 colors(12 0 57 37 28 30 23) Snake_05 Fighter+8
Creature 26485 0 colors(12 0 57 37 28 30 23) Snake_06 Fighter+8
Creature 28021 0 colors(12 0 57 37 28 30 23) Snake_07 Fighter+8
Creature 30579 0 colors(12 0 57 37 28 30 23) Snake_08 Fighter+8
Creature 30824 0 colors(12 0 57 37 28 30 23) Snake_09 Fighter+8
Creature 29529 0 colors(12 0 57 37 28 30 23) Snake_10 Fighter+8
Creature 31071 0 colors(12 0 57 37 28 30 23) Snake_11 Fighter+8
Creature 25957 0 colors(12 0 57 37 28 30 23) Snake_12 Fighter+8
Creature 26477 0 colors(12 0 57 37 28 30 23) Snake_13 Fighter+8
Creature 32630 6 colors(12 0 57 37 28 30 23) Snake_14 Fighter+8
Creature 29296 0 colors(12 0 57 37 28 30 23) Snake_15 Fighter+8
Creature 28514 10 colors(12 0 57 37 28 30 23) Snake_16 Fighter+8
Creature 32860 0 colors(12 0 57 37 28 30 23) Snake_17 Fighter+8
Creature 23417 0 colors(12 0 57 37 28 30 23) Snake_18 Fighter+8
Creature 29309 0 colors(12 0 57 37 28 30 23) Snake_19 Fighter+8
Creature 35196 0 colors(12 0 57 37 28 30 23) Snake_20 Fighter+8
Creature 28500 0 colors(0 0 49 0 0 0 0) 05_MustardJelly_01 Fighter+8
Creature 31087 0 colors(0 0 49 0 0 0 0) 05_MustardJelly_02 Fighter+8
Creature 30809 0 colors(0 0 49 0 0 0 0) 05_MustardJelly_03 Fighter+8
Creature 33879 0 colors(0 0 49 0 0 0 0) 05_MustardJelly_04 Fighter+8
Creature 36422 0 colors(0 0 49 0 0 0 0) 05_MustardJelly_05 Fighter+8
Creature 36430 0 colors(0 0 49 0 0 0 0) 05_MustardJelly_06 Fighter+8
Creature 35155 0 colors(0 0 49 0 0 0 0) 05_MustardJelly_07 Fighter+8
Creature 30047 0 colors(0 0 49 0 0 0 0) 05_MustardJelly_08 Fighter+8
Creature 27239 0 colors(0 0 49 0 0 0 0) 05_MustardJelly_09 Fighter+8
Creature 28511 0 colors(0 0 49 0 0 0 0) 05_MustardJelly_10 Fighter+8
Creature 32556 0 colors(0 0 55 0 0 0 0) 05_OliveSlime_11 Fighter+4
Creature 32047 0 colors(0 0 55 0 0 0 0) 05_OliveSlime_12 Fighter+4
Creature 32819 0 colors(0 0 55 0 0 0 0) 05_OliveSlime_13 Fighter+4
Creature 34602 0 colors(0 0 55 0 0 0 0) 05_OliveSlime_14 Fighter+4
Creature 34099 0 colors(0 0 55 0 0 0 0) 05_OliveSlime_15 Fighter+4
Creature 36667 0 colors(0 0 55 0 0 0 0) 05_OliveSlime_16 Fighter+4
Creature 33576 0 colors(0 0 55 0 0 0 0) 05_OliveSlime_17 Fighter+4
Creature 35383 0 colors(0 0 55 0 0 0 0) 05_OliveSlime_18 Fighter+4
Creature 36161 0 colors(0 0 55 0 0 0 0) 05_OliveSlime_19 Fighter+4
Creature 35120 0 colors(0 0 55 0 0 0 0) 05_OliveSlime_20 Fighter+4
Creature 50197 0 colors(0 0 55 0 0 0 0) Histachii_01 Male Fighter+8
Creature 48681 0 colors(0 0 55 0 0 0 0) Histachii_02 Male Fighter+8
Creature 8216 0 colors(0 0 55 0 0 0 0) Histachii_03 Male Fighter+8
Creature 7463 0 colors(0 0 55 0 0 0 0) Histachii_04 Male Fighter+8
Creature 9075 0 colors(0 0 55 0 0 0 0) Histachii_05 Male Fighter+8
Creature 5498 0 colors(0 0 55 0 0 0 0) Histachii_06 Male Fighter+8
Creature 9136 0 colors(0 0 55 0 0 0 0) Histachii_07 Male Fighter+8
Creature 9132 0 colors(0 0 55 0 0 0 0) Histachii_08 Male Fighter+8
Creature 19293 0 colors(0 0 55 0 0 0 0) Histachii_09 Male Fighter+8
Creature 50322 0 colors(0 0 55 0 0 0 0) Histachii_10 Male Fighter+8
Creature 47403 10 colors(14 0 57 37 28 30 23) ArmoredSkeleton_01 Fighter+8
Creature 45337 6 colors(14 0 57 37 28 30 23) ArmoredSkeleton_02 Fighter+8
Creature 8488 14 colors(14 0 57 37 28 30 23) ArmoredSkeleton_03 Fighter+8
Creature 10778 0 colors(14 0 57 37 28 30 23) ArmoredSkeleton_04 Fighter+8
Creature 5787 2 colors(14 0 57 37 28 30 23) ArmoredSkeleton_05 Fighter+8
Creature 8381 14 colors(14 0 57 37 28 30 23) ArmoredSkeleton_06 Fighter+8
Creature 16024 14 colors(14 0 57 37 28 30 23) ArmoredSkeleton_07 Fighter+8
Creature 12740 0 colors(14 0 57 37 28 30 23) ArmoredSkeleton_08 Fighter+8
Creature 36276 8 colors(14 0 57 37 28 30 23) ArmoredSkeleton_09 Fighter+8
Creature 52638 0 colors(14 0 57 37 28 30 23) ArmoredSkeleton_10 Fighter+8
Creature 32869 8 colors(14 0 57 37 28 30 23) ArmoredSkeleton_11 Fighter+8
Creature 34159 8 colors(14 0 57 37 28 30 23) ArmoredSkeleton_12 Fighter+8
Creature 9034 0 colors(14 0 57 37 28 30 23) ArmoredSkeleton_13 Fighter+8
Creature 20787 10 colors(14 0 57 37 28 30 23) ArmoredSkeleton_14 Fighter+8
Creature 9023 0 colors(14 0 57 37 28 30 23) ArmoredSkeleton_15 Fighter+8
Creature 21290 10 colors(14 0 57 37 28 30 23) ArmoredSkeleton_16 Fighter+8
Creature 26677 0 colors(14 0 57 37 28 30 23) ArmoredSkeleton_17 Fighter+8
Creature 17505 0 colors(14 0 57 37 28 30 23) ArmoredSkeleton_18 Fighter+8
Creature 13467 12 colors(14 0 57 37 28 30 23) ArmoredSkeleton_19 Fighter+8
Creature 12202 2 colors(14 0 57 37 28 30 23) ArmoredSkeleton_20 Fighter+8
Creature 15290 4 colors(14 0 57 37 28 30 23) ArmoredSkeleton_21 Fighter+8
Creature 43422 8 colors(14 0 57 37 28 30 23) ArmoredSkeleton_22 Fighter+8
Creature 42405 8 colors(14 0 57 37 28 30 23) ArmoredSkeleton_23 Fighter+8
Creature 16186 6 colors(0 0 55 0 0 0 0) HistachiiLure_01 Male Fighter+8
Creature 17486 14 colors(0 0 55 0 0 0 0) HistachiiLure_02 Male Fighter+8
Creature 35432 8 colors(0 0 82 0 0 0 0) AbominationPriest_01 Male Cleric+9
Creature 53023 10 colors(0 0 82 0 0 0 0) AbominationPriest_02 Male Cleric+9
Creature 7196 0 colors(0 0 82 0 0 0 0) AbominationPriest_03 Male Cleric+9
Creature 9408 0 colors(0 0 82 0 0 0 0) AbominationPriest_04 Male Cleric+9
Creature 32839 12 colors(0 0 82 0 0 0 0) AbominationPriest_05 Male Cleric+9
Creature 19810 0 colors(0 0 82 0 0 0 0) AbominationPriest_06 Male Cleric+9
Creature 36624 10 colors(67 74 57 31 66 66 23) AbominationChampion_07 Male Fighter+10
Creature 21592 0 colors(67 74 57 31 66 66 23) AbominationChampion_08 Male Fighter+10
Creature 30599 12 colors(67 74 57 31 66 66 23) AbominationChampion_09 Male Fighter+10
Creature 43664 0 colors(67 74 57 31 66 66 23) AbominationChampion_10 Male Fighter+10
Creature 40877 10 colors(67 74 57 31 66 66 23) AbominationChampion_11 Male Fighter+10
Creature 11201 0 colors(67 74 57 31 66 66 23) AbominationChampion_12 Male Fighter+10
Creature 10949 0 colors(67 74 57 31 66 66 23) AbominationArcher_13 Male Fighter+9
Creature 25626 12 colors(67 74 57 31 66 66 23) AbominationArcher_14 Male Fighter+9
Creature 33820 2 colors(67 74 57 31 66 66 23) AbominationArcher_15 Male Fighter+9
Creature 18311 0 colors(67 74 57 31 66 66 23) AbominationArcher_16 Male Fighter+9
Creature 30790 12 colors(67 74 57 31 66 66 23) AbominationArcher_17 Male Fighter+9
Creature 14175 0 colors(67 74 57 31 66 66 23) AbominationArcher_18 Male Fighter+9
Creature 44182 10 colors(67 74 57 31 66 66 23) AbominationArcher_19 Male Fighter+9
Creature 19031 0 colors(67 74 57 31 66 66 23) AbominationArcher_20 Male Fighter+9
Creature 15685 14 colors(84 2 91 55 96 96 21) Prisoner Human Male Fighter+1
Creature 8341 2 colors(13 0 45 45 28 28 21) Prisoner Human Female Fighter+1
Creature 52605 0 colors(0 0 55 0 0 0 0) TunnelFloat Cleric+30
Creature 5557 0 colors(0 0 55 0 0 0 0) PoolFloat1 Cleric+30
Creature 46630 0 colors(0 0 55 0 0 0 0) PoolFloat2 Cleric+30
Creature 47039 0 colors(0 0 55 0 0 0 0) PoolFloat3 Cleric+30
Creature 6179 0 colors(0 0 55 0 0 0 0) PoolFloat4 Cleric+30
Creature 3448 0 colors(0 0 55 0 0 0 0) FakeShelfHint Cleric+30
