Creature 58531 10 colors(114 0 97 97 98 98 0) Nheero Human Male Wizard+8
Creature 10940 2 colors(67 74 57 31 66 66 23) Grishum Male Fighter+14
Creature 58033 0 colors(12 0 74 37 28 30 23) 05_TrollPrisoner Male Fighter+6
Creature 56235 0 colors(85 0 94 94 24 24 94) 04_DumbPrisoner_03 Human Male Monk+1
Creature 55251 0 colors(12 3 66 66 31 31 47) 05_WizardPrisoner Human Male Wizard+20
Creature 49110 0 colors(90 0 110 66 100 28 22) 04_SmartPrisoner_04 Human Male Cleric+13
Creature 58048 0 colors(11 2 105 50 29 29 91) 04_FemalePrisoner_07 Human Female Fighter+21
Creature 55169 4 colors(12 0 57 37 28 30 23) 03_Wyvern_01 Male Fighter+7
Creature 50255 4 colors(12 0 57 37 28 30 23) 03_Wyvern_02 Male Fighter+7
Creature 54652 10 colors(12 0 57 37 28 30 23) 03_Wyvern_03 Male Fighter+7
Creature 54643 4 colors(12 0 57 37 28 30 23) 03_Wyvern_04 Male Fighter+7
Creature 42596 4 colors(12 0 57 37 28 30 23) 03_Wyvern_05 Male Fighter+7
Creature 53611 12 colors(12 0 57 37 28 30 23) 03_Wyvern_06 Male Fighter+7
Creature 40588 4 colors(12 0 57 37 28 30 23) 03_Wyvern_07 Male Fighter+7
Creature 54880 6 colors(12 0 57 37 28 30 23) 03_Wyvern_08 Male Fighter+7
Creature 48242 14 colors(12 0 57 37 28 30 23) 03_Wyvern_09 Male Fighter+7
Creature 55143 6 colors(12 0 57 37 28 30 23) 03_Wyvern_10 Male Fighter+7
Creature 41322 0 colors(12 0 57 37 28 30 23) 03_Wyvern_11 Male Fighter+7
Creature 42865 4 colors(12 0 57 37 28 30 23) 03_Wyvern_12 Male Fighter+7
Creature 41604 10 colors(12 0 57 37 28 30 23) 03_Wyvern_13 Male Fighter+7
Creature 42874 8 colors(12 0 57 37 28 30 23) 03_Wyvern_14 Male Fighter+7
Creature 44118 4 colors(12 0 57 37 28 30 23) 03_Wyvern_15 Male Fighter+7
Creature 49272 4 colors(12 0 57 37 28 30 23) 03_Wyvern_16 Male Fighter+7
Creature 55207 0 colors(0 0 55 0 0 0 0) Histachii_01 Male Fighter+8
Creature 51914 0 colors(0 0 55 0 0 0 0) Histachii_02 Male Fighter+8
Creature 34232 0 colors(0 0 55 0 0 0 0) Histachii_03 Male Fighter+8
Creature 51494 0 colors(0 0 55 0 0 0 0) Histachii_04 Male Fighter+8
Creature 16850 0 colors(0 0 55 0 0 0 0) Histachii_05 Male Fighter+8
Creature 9656 2 colors(0 0 55 0 0 0 0) 07_LizardShaman_01 Male Cleric+8
Creature 10439 2 colors(0 0 55 0 0 0 0) 07_LizardShaman_02 Male Cleric+8
Creature 19669 6 colors(0 0 55 0 0 0 0) 07_LizardShaman_03 Male Cleric+8
Creature 10129 12 colors(0 0 55 0 0 0 0) 07_LizardShaman_04 Male Cleric+8
Creature 9396 0 colors(67 74 65 65 41 39 0) 07_PurebloodThief_05 Male Rogue+8
Creature 10676 0 colors(67 74 65 65 41 39 0) 07_PurebloodThief_06 Male Rogue+8
Creature 11703 2 colors(67 74 65 65 41 39 0) 07_PurebloodThief_07 Male Rogue+8
Creature 12474 2 colors(67 74 65 65 41 39 0) 07_PurebloodThief_08 Male Rogue+8
Creature 12990 2 colors(67 74 65 65 41 39 0) 07_PurebloodThief_09 Male Rogue+8
Creature 12739 2 colors(67 74 65 65 41 39 0) 07_PurebloodThief_10 Male Rogue+8
Creature 12744 2 colors(67 74 65 65 41 39 0) 07_PurebloodThief_11 Male Rogue+8
Creature 12493 2 colors(67 74 65 65 41 39 0) 07_PurebloodThief_12 Male Rogue+8
Creature 11693 0 colors(12 0 57 37 28 30 23) 07_EliteLizardman_13 Male Fighter+11
Creature 15037 4 colors(12 0 57 37 28 30 23) 07_EliteLizardman_14 Male Fighter+11
Creature 16293 0 colors(12 0 57 37 28 30 23) 07_LizardWarrior_15 Male Fighter+8
Creature 16809 0 colors(12 0 57 37 28 30 23) 07_LizardWarrior_16 Male Fighter+8
Creature 16302 0 colors(12 0 57 37 28 30 23) 07_LizardWarrior_17 Male Fighter+8
Creature 15288 0 colors(12 0 57 37 28 30 23) 07_LizardWarrior_18 Male Fighter+8
Creature 19117 0 colors(12 0 57 37 28 30 23) 07_LizardWarrior_19 Male Fighter+8
Creature 13993 0 colors(12 0 57 37 28 30 23) 07_LizardWarrior_20 Male Fighter+8
Creature 13743 0 colors(12 0 57 37 28 30 23) 07_LizardWarrior_21 Male Fighter+8
Creature 31119 0 colors(67 74 66 66 73 73 101) 07_PurebloodFighter_22 Male Fighter+8
Creature 32410 0 colors(67 74 66 66 73 73 101) 07_PurebloodFighter_23 Male Fighter+8
Creature 26781 2 colors(67 74 65 65 41 39 0) 07_PurebloodThief_24 Male Rogue+8
Creature 27299 2 colors(67 74 65 65 41 39 0) 07_PurebloodThief_25 Male Rogue+8
Creature 24996 2 colors(67 74 65 65 41 39 0) 07_PurebloodThief_26 Male Rogue+8
Creature 25771 2 colors(67 74 65 65 41 39 0) 07_PurebloodThief_27 Male Rogue+8
Creature 23211 0 colors(0 0 55 0 0 0 0) 07_LizardShaman_28 Male Cleric+8
Creature 10910 0 colors(12 0 57 37 28 30 23) 07_EliteLizardman_29 Male Fighter+11
Creature 18579 10 colors(0 0 55 0 0 0 0) 07_LizardShaman_30 Male Cleric+8
Creature 56507 0 colors(0 0 55 0 0 0 0) Histachii_06 Male Fighter+8
Creature 52647 0 colors(67 74 65 65 41 39 0) PurebloodThief_01 Male Rogue+8
Creature 49844 8 colors(67 74 65 65 41 39 0) PurebloodThief_02 Male Rogue+8
Creature 53447 6 colors(67 74 65 65 41 39 0) PurebloodThief_03 Male Rogue+8
Creature 56500 8 colors(67 74 65 65 41 39 0) PurebloodThief_04 Male Rogue+8
Creature 47280 8 colors(0 0 55 0 0 0 0) LizardShaman_05 Male Cleric+8
Creature 49839 8 colors(0 0 55 0 0 0 0) LizardShaman_06 Male Cleric+8
Creature 48568 6 colors(0 0 55 0 0 0 0) LizardShaman_07 Male Cleric+8
Creature 48674 0 colors(0 0 55 0 0 0 0) Histachii_07 Male Fighter+8
Creature 54315 0 colors(0 0 55 0 0 0 0) Histachii_08 Male Fighter+8
Creature 32446 0 colors(12 0 57 37 28 30 23) EliteLizardmanTorturer_01 Male Fighter+11
Creature 34483 0 colors(12 0 57 37 28 30 23) LizardManTorturer_02 Male Fighter+8
Creature 36535 0 colors(12 0 57 37 28 30 23) LizardManTorturer_03 Male Fighter+8
Creature 20023 2 colors(12 0 57 37 28 30 23) 08_EliteLizardman_01 Male Fighter+11
Creature 20247 12 colors(12 0 57 37 28 30 23) 08_LizardMan_02 Male Fighter+8
Creature 18722 0 colors(12 0 57 37 28 30 23) 08_LizardMan_03 Male Fighter+8
Creature 34611 6 colors(12 0 57 37 28 30 23) 08_LizardMan_04 Male Fighter+8
Creature 37173 8 colors(12 0 57 37 28 30 23) 08_LizardMan_05 Male Fighter+8
Creature 18996 2 colors(67 74 65 65 41 39 0) 08_PurebloodThief_06 Male Rogue+8
Creature 21050 2 colors(67 74 65 65 41 39 0) 08_PurebloodThief_07 Male Rogue+8
Creature 20514 14 colors(67 74 66 66 73 73 101) 08_PurebloodFighter_08 Male Fighter+8
Creature 22067 2 colors(67 74 66 66 73 73 101) 08_PurebloodFighter_09 Male Fighter+8
Creature 25667 8 colors(67 74 66 66 73 73 101) 08_PurebloodFighter_10 Male Fighter+8
Creature 25674 8 colors(67 74 66 66 73 73 101) 08_PurebloodFighter_11 Male Fighter+8
Creature 25953 6 colors(12 0 57 37 28 30 23) 09_LizardMan_01 Male Fighter+8
Creature 23141 6 colors(12 0 57 37 28 30 23) 09_LizardMan_02 Male Fighter+8
Creature 22878 6 colors(12 0 57 37 28 30 23) 09_LizardMan_03 Male Fighter+8
Creature 22892 6 colors(12 0 57 37 28 30 23) 09_LizardMan_04 Male Fighter+8
Creature 29549 6 colors(67 74 65 65 41 39 0) 09_PurebloodThief_05 Male Rogue+8
Creature 25468 4 colors(67 74 65 65 41 39 0) 09_PurebloodThief_06 Male Rogue+8
Creature 28528 6 colors(67 74 65 65 41 39 0) 09_PurebloodThief_07 Male Rogue+8
Creature 27003 6 colors(67 74 65 65 41 39 0) 09_PurebloodThief_08 Male Rogue+8
Creature 33385 8 colors(0 0 55 0 0 0 0) 09_LizardShaman_09 Male Cleric+8
Creature 28536 6 colors(12 0 57 37 28 30 23) 09_EliteLizardman_10 Male Fighter+11
Creature 9904 0 colors(67 74 66 66 73 73 101) 07_PurebloodFighter_31 Male Fighter+8
Creature 12211 0 colors(67 74 66 66 73 73 101) 07_PurebloodFighter_32 Male Fighter+8
Creature 13496 0 colors(67 74 66 66 73 73 101) 07_PurebloodFighter_33 Male Fighter+8
Creature 14018 0 colors(67 74 66 66 73 73 101) 07_PurebloodFighter_34 Male Fighter+8
Creature 14025 0 colors(67 74 66 66 73 73 101) 07_PurebloodFighter_35 Male Fighter+8
Creature 41391 0 colors(67 74 65 65 41 39 0) 01_PurebloodThief_01 Male Rogue+8
Creature 12091 0 colors(67 74 66 66 73 73 101) 01_PurebloodFighter_02 Male Fighter+8
Creature 32404 12 colors(0 0 55 0 0 0 0) 01_Histachii_03 Male Fighter+8
Creature 26438 8 colors(12 0 57 37 28 30 23) 01_EliteLizardman_04 Male Fighter+11
Creature 32387 0 colors(0 0 55 0 0 0 0) 01_LizardShaman_05 Male Cleric+8
Creature 12139 0 colors(12 0 57 37 28 30 23) 01_LizardMan_06 Male Fighter+8
Creature 41162 6 colors(67 74 65 65 41 39 0) 01_PurebloodThief_07 Male Rogue+8
Creature 41668 6 colors(12 0 57 37 28 30 23) 01_LizardMan_08 Male Fighter+8
Creature 53687 6 colors(12 0 57 37 28 30 23) 01_EliteLizardman_09 Male Fighter+11
Creature 36245 12 colors(12 0 57 37 28 30 23) 01_EliteLizardman_10 Male Fighter+11
Creature 29847 2 colors(12 0 57 37 28 30 23) 01_EliteLizardman_11 Male Fighter+11
Creature 39325 12 colors(0 0 55 0 0 0 0) 01_LizardShaman_12 Male Cleric+8
Creature 31922 2 colors(89 110 47 57 103 103 41) Prisoner Human Male Monk+10
Creature 53119 0 colors(108 2 49 54 35 35 69) Prisoner Human Female Fighter+1
Creature 14480 0 colors(0 0 55 0 0 0 0) PendulumSwitch Cleric+30
