Creature 29743 0 colors(0 0 55 0 0 0 0) Archon Male Cleric+30
Creature 11127 0 colors(0 0 55 0 0 0 0) Ziltyor Male Wizard+26
Creature 51751 14 colors(67 74 58 46 68 68 93) VenominSuicide Male Cleric+6
Creature 41848 0 colors(12 0 68 37 28 30 23) Jasper5 Male Fighter+10
Creature 32120 8 colors(14 0 57 37 28 30 23) 04_Efreeti_01 Male Fighter+11
Creature 10609 0 colors(0 0 55 0 0 0 0) 04_LavaMephit_02 Fighter+15
Creature 10623 0 colors(0 0 55 0 0 0 0) 04_LavaMephit_03 Fighter+15
Creature 20588 10 colors(0 0 55 0 0 0 0) 04_LavaMephit_04 Fighter+15
Creature 22904 0 colors(0 0 55 0 0 0 0) 04_LavaMephit_05 Fighter+15
Creature 16772 4 colors(0 0 55 0 0 0 0) 04_LavaMephit_06 Fighter+15
Creature 16270 4 colors(0 0 55 0 0 0 0) 04_LavaMephit_07 Fighter+15
Creature 16001 0 colors(0 0 55 0 0 0 0) 04_FireElemental_08 Fighter+8
Creature 15980 14 colors(0 0 55 0 0 0 0) 04_FireElemental_09 Fighter+8
Creature 13944 0 colors(0 0 55 0 0 0 0) 04_FireElemental_10 Fighter+8
Creature 26485 6 colors(0 0 55 0 0 0 0) 04_FireElemental_11 Fighter+8
Creature 18047 0 colors(0 0 55 0 0 0 0) 04_FireElemental_12 Fighter+8
Creature 25478 6 colors(0 0 55 0 0 0 0) 04_FireElemental_13 Fighter+8
Creature 25468 8 colors(0 0 55 0 0 0 0) 04_FireElemental_14 Fighter+8
Creature 25229 8 colors(0 0 55 0 0 0 0) 04_FireElemental_15 Fighter+8
Creature 30309 10 colors(12 0 74 37 28 30 23) 04_Troll_16 Male Bard+8
Creature 29025 10 colors(12 0 74 37 28 30 23) 04_Troll_17 Male Bard+8
Creature 30816 10 colors(12 0 74 37 28 30 23) 04_Troll_18 Male Bard+8
Creature 30825 8 colors(12 0 74 37 28 30 23) 04_Troll_19 Male Bard+8
Creature 20344 8 colors(0 0 55 0 0 0 0) 04_HellHound_20 Bard+7
Creature 13935 14 colors(0 0 55 0 0 0 0) 04_HellHound_21 Bard+7
Creature 12920 0 colors(0 0 55 0 0 0 0) 04_HellHound_22 Bard+7
Creature 13947 0 colors(0 0 55 0 0 0 0) 04_HellHound_23 Bard+7
Creature 14211 0 colors(0 0 55 0 0 0 0) 04_HellHound_24 Bard+7
Creature 17775 12 colors(0 0 55 0 0 0 0) 04_HellHound_25 Bard+7
Creature 36216 8 colors(0 0 55 0 0 0 0) INVISIBLE Cleric+30
Creature 42102 12 colors(67 74 58 46 68 68 93) Venomin4 Male Cleric+6
Creature 28536 0 colors(67 74 58 46 68 68 93) Venomin3 Male Cleric+6
Creature 39343 12 colors(67 74 58 46 68 68 93) Venomin2 Male Cleric+6
Creature 42105 4 colors(0 0 80 0 0 0 0) Pyros4 Male Fighter+24
Creature 44409 0 colors(0 0 80 0 0 0 0) Pyros3 Male Fighter+24
Creature 35221 10 colors(0 0 80 0 0 0 0) Pyros2 Male Fighter+24
Creature 44409 0 colors(0 0 80 0 0 0 0) Pyros1 Male Fighter+24
Creature 41376 10 colors(12 0 68 37 28 30 23) Jasper4 Male Fighter+10
Creature 35213 10 colors(12 0 68 37 28 30 23) Jasper3 Male Fighter+10
Creature 23394 10 colors(0 0 33 0 0 0 0) Lothar4 Male Fighter+21
Creature 40285 8 colors(0 0 33 0 0 0 0) Lothar3 Male Fighter+21
Creature 43597 12 colors(0 0 33 0 0 0 0) Lothar2 Male Fighter+21
Creature 17048 10 colors(0 0 33 0 0 0 0) Lothar1 Male Fighter+21
Creature 23958 4 colors(0 0 55 0 0 0 0) Izbelah3 Female Sorcerer+20
Creature 33691 6 colors(0 0 55 0 0 0 0) Izbelah2 Female Sorcerer+20
Creature 47020 6 colors(0 0 55 0 0 0 0) Izbelah1 Female Sorcerer+20
Creature 43089 14 colors(14 0 57 37 28 30 23) Efreeti_01 Male Fighter+11
Creature 26021 0 colors(0 0 55 0 0 0 0) Flamewalker_02 Fighter+8
Creature 30112 0 colors(0 0 55 0 0 0 0) Flamewalker_03 Fighter+8
Creature 31646 0 colors(0 0 55 0 0 0 0) Flamewalker_04 Fighter+8
Creature 31639 0 colors(0 0 55 0 0 0 0) Flamewalker_05 Fighter+8
Creature 32658 0 colors(0 0 55 0 0 0 0) Flamewalker_06 Fighter+8
Creature 28345 0 colors(0 0 55 0 0 0 0) Flamewalker_07 Fighter+8
Creature 40012 0 colors(12 0 74 37 28 30 23) Troll_08 Male Bard+8
Creature 44377 0 colors(12 0 74 37 28 30 23) Troll_09 Male Bard+8
Creature 18552 0 colors(12 0 74 37 28 30 23) Troll_10 Male Bard+8
Creature 35652 0 colors(12 0 74 37 28 30 23) Troll_11 Male Bard+8
Creature 40272 10 colors(12 0 74 37 28 30 23) Troll_12 Male Bard+8
Creature 45378 2 colors(0 0 55 0 0 0 0) HellHound_13 Bard+7
Creature 45644 8 colors(0 0 55 0 0 0 0) HellHound_14 Bard+7
Creature 47704 6 colors(0 0 55 0 0 0 0) HellHound_15 Bard+7
Creature 20586 10 colors(0 0 55 0 0 0 0) HellHound_16 Bard+7
Creature 15729 0 colors(0 0 55 0 0 0 0) HellHound_17 Bard+7
Creature 12064 0 colors(0 0 55 0 0 0 0) LavaMephit_18 Fighter+15
Creature 49867 0 colors(0 0 55 0 0 0 0) LavaMephit_19 Fighter+15
Creature 37752 0 colors(0 0 55 0 0 0 0) LavaMephit_20 Fighter+15
Creature 38514 14 colors(0 0 82 0 0 0 0) 05_AbominationPriest_01 Male Cleric+9
Creature 35704 0 colors(67 74 57 31 66 66 23) 05_AbominationArcher_02 Male Fighter+9
Creature 33435 6 colors(67 74 57 31 66 66 23) 05_AbominationArcher_03 Male Fighter+9
Creature 42360 0 colors(67 74 57 31 66 66 23) 05_AbominationChampion_04 Male Fighter+10
Creature 32203 8 colors(67 74 57 31 66 66 23) 05_AbominationChampion_05 Male Fighter+10
Creature 11078 4 colors(14 0 57 37 28 30 23) 05_ArmoredSkeleton_06 Fighter+8
Creature 10917 12 colors(14 0 57 37 28 30 23) 05_ArmoredSkeleton_07 Fighter+8
Creature 54640 4 colors(0 0 55 0 0 0 0) 05_IronGolem_08 Fighter+18
Creature 39235 0 colors(0 0 67 0 0 0 0) 05_HalfBreedPriestess_09 Female Cleric+10
Creature 41815 4 colors(0 0 67 0 0 0 0) 05_HalfBreedPriestess_10 Female Cleric+10
Creature 34603 12 colors(0 0 71 0 0 0 0) 05_HalfBreedSorceress_11 Female Cleric+10
Creature 52591 4 colors(0 0 71 0 0 0 0) 05_HalfBreedSorceress_12 Female Cleric+10
Creature 45477 4 colors(12 0 57 37 28 30 23) 05_EliteLizardman_13 Male Fighter+11
Creature 13691 0 colors(0 0 55 0 0 0 0) 05_LizardShaman_14 Male Cleric+8
Creature 21017 12 colors(12 0 57 37 28 30 23) 05_LizardMan_15 Male Fighter+8
Creature 15480 0 colors(12 0 57 37 28 30 23) 05_Wyvern_16 Male Fighter+7
Creature 17013 0 colors(67 74 66 66 73 73 101) 05_Pureblood Warrior_17 Male Fighter+8
Creature 24679 10 colors(67 74 66 66 73 73 101) 05_PurebloodWarrior_18 Male Fighter+8
Creature 26947 10 colors(67 74 65 65 41 39 0) 05_PurebloodThief_19 Male Rogue+8
Creature 14210 0 colors(67 74 65 65 41 39 0) 05_PurebloodThief_20 Male Rogue+8
Creature 36532 10 colors(12 0 68 37 28 30 23) 05_FrostSalamander_21 Male Fighter+7
Creature 30685 0 colors(14 0 57 37 28 30 23) EfreetiAssassin_01 Male Fighter+11
Creature 32732 2 colors(14 0 57 37 28 30 23) EfreetiAssassin_02 Male Fighter+11
Creature 28635 4 colors(14 0 57 37 28 30 23) EfreetiAssassin_03 Male Fighter+11
Creature 26842 6 colors(14 0 57 37 28 30 23) EfreetiAssassin_04 Male Fighter+11
Creature 41178 8 colors(14 0 57 37 28 30 23) EfreetiAssassin_05 Male Fighter+11
Creature 36826 10 colors(14 0 57 37 28 30 23) EfreetiAssassin_06 Male Fighter+11
Creature 34778 12 colors(14 0 57 37 28 30 23) EfreetiAssassin_07 Male Fighter+11
Creature 27863 14 colors(14 0 57 37 28 30 23) EfreetiAssassin_08 Male Fighter+11
Creature 24537 0 colors(14 0 57 37 28 30 23) EfreetiAssassin_09 Male Fighter+11
Creature 38618 2 colors(14 0 57 37 28 30 23) EfreetiAssassin_10 Male Fighter+11
Creature 33440 0 colors(12 0 57 37 28 30 23) 61Amphitheatre Fighter+1
Creature 54890 0 colors(12 0 57 37 28 30 23) 61Bridge Fighter+1
Creature 44114 0 colors(12 0 57 37 28 30 23) 61Citadel Fighter+1
Creature 38318 0 colors(12 0 57 37 28 30 23) 61Embassy Fighter+1
Creature 46459 0 colors(12 0 57 37 28 30 23) 61Palace Fighter+1
Creature 21095 0 colors(12 0 57 37 28 30 23) 61Throne Fighter+1
Creature 44957 2 colors(70 3 60 46 5 5 0) Thorasskus Male Cleric+26
Creature 42105 4 colors(0 0 55 0 0 0 0) DeadPyros Fighter+16
Creature 23394 14 colors(0 0 33 0 0 0 0) DeadLothar Male Fighter+21
Creature 26947 10 colors(67 74 65 65 41 39 0) Dead_01 Male Rogue+8
Creature 22877 12 colors(67 74 66 66 73 73 101) Dead_02 Male Fighter+8
Creature 20579 0 colors(67 74 66 66 73 73 101) Dead_03 Male Fighter+8
Creature 24935 6 colors(67 74 66 66 73 73 101) Dead_04 Male Fighter+8
Creature 22635 14 colors(67 74 66 66 73 73 101) Dead_05 Male Fighter+8
Creature 39235 0 colors(0 0 67 0 0 0 0) Dead_06 Female Cleric+10
Creature 41815 6 colors(0 0 67 0 0 0 0) Dead_07 Female Cleric+10
Creature 52061 8 colors(0 0 71 0 0 0 0) Dead_08 Female Cleric+10
Creature 34603 12 colors(0 0 71 0 0 0 0) Dead_09 Female Cleric+10
Creature 35704 0 colors(67 74 57 31 66 66 23) Dead_10 Male Fighter+9
Creature 33435 6 colors(67 74 57 31 66 66 23) Dead_11 Male Fighter+9
Creature 38514 14 colors(0 0 82 0 0 0 0) Dead_12 Male Cleric+9
Creature 46234 14 colors(0 0 82 0 0 0 0) Dead_13 Male Cleric+9
Creature 43340 12 colors(67 74 57 31 66 66 23) Dead_14 Male Fighter+10
Creature 42360 0 colors(67 74 57 31 66 66 23) Dead_15 Male Fighter+10
Creature 44927 4 colors(67 74 57 31 66 66 23) Dead_16 Male Fighter+10
Creature 18040 0 colors(14 0 57 37 28 30 23) Dead_17 Male Fighter+11
Creature 32907 8 colors(0 0 55 0 0 0 0) Dead_18 Fighter+8
Creature 32921 14 colors(0 0 55 0 0 0 0) Dead_19 Fighter+8
Creature 27810 10 colors(0 0 55 0 0 0 0) Dead_20 Fighter+8
Creature 38212 8 colors(12 0 74 37 28 30 23) Dead_21 Male Bard+8
Creature 42072 4 colors(12 0 74 37 28 30 23) Dead_22 Male Bard+8
Creature 32580 0 colors(0 0 55 0 0 0 0) Dead_23 Bard+7
Creature 40029 2 colors(0 0 55 0 0 0 0) Dead_24 Bard+7
Creature 32953 2 colors(0 0 55 0 0 0 0) Dead_25 Fighter+15
Creature 40352 2 colors(0 0 55 0 0 0 0) Dead_26 Fighter+15
Creature 15425 4 colors(0 0 55 0 0 0 0) Dead_27 Fighter+15
Creature 45477 4 colors(12 0 57 37 28 30 23) Dead_28 Male Fighter+11
Creature 42919 0 colors(12 0 57 37 28 30 23) Dead_29 Male Fighter+11
Creature 29463 0 colors(12 0 57 37 28 30 23) Dead_30 Male Fighter+11
