Creature 5665 0 colors(12 0 68 37 28 30 23) Frost_Salamander_01 Male Fighter+7
Creature 6435 0 colors(12 0 68 37 28 30 23) Frost_Salamander_02 Male Fighter+7
Creature 7205 0 colors(12 0 68 37 28 30 23) Frost_Salamander_03 Male Fighter+7
Creature 7976 0 colors(12 0 68 37 28 30 23) Frost_Salamander_04 Male Fighter+7
Creature 8491 0 colors(12 0 68 37 28 30 23) Frost_Salamander_05 Male Fighter+7
Creature 9262 0 colors(12 0 68 37 28 30 23) Frost_Salamander_06 Male Fighter+7
Creature 10288 0 colors(12 0 68 37 28 30 23) Frost_Salamander_07 Male Fighter+7
Creature 11825 0 colors(12 0 68 37 28 30 23) Frost_Salamander_08 Male Fighter+7
Creature 13105 0 colors(12 0 68 37 28 30 23) Frost_Salamander_09 Male Fighter+7
Creature 14385 0 colors(12 0 68 37 28 30 23) Frost_Salamander_10 Male Fighter+7
Creature 19752 12 colors(12 0 68 37 28 30 23) Frost_Salamander_11 Male Fighter+7
Creature 15666 0 colors(12 0 68 37 28 30 23) Frost_Salamander_12 Male Fighter+7
Creature 16953 2 colors(12 0 68 37 28 30 23) Frost_Salamander_13 Male Fighter+7
Creature 18749 4 colors(12 0 68 37 28 30 23) Frost_Salamander_14 Male Fighter+7
Creature 19757 12 colors(12 0 68 37 28 30 23) Frost_Salamander_15 Male Fighter+7
Creature 18731 14 colors(12 0 68 37 28 30 23) Frost_Salamander_16 Male Fighter+7
Creature 16692 0 colors(12 0 68 37 28 30 23) Frost_Salamander_17 Male Fighter+7
Creature 18490 4 colors(12 0 68 37 28 30 23) Frost_Salamander_18 Male Fighter+7
Creature 4894 14 colors(0 0 55 0 0 0 0) Izbelah Female Sorcerer+20
Creature 16942 0 colors(0 0 55 0 0 0 0) INVISIBLE Cleric+30
