Creature 25617 0 colors(12 1 69 91 30 110 29) Rakshasa Cleric+28
Creature 27101 8 colors(12 47 58 29 21 105 91) DeadMandal Human Male Fighter+30
Creature 27102 12 colors(12 47 58 29 21 105 91) Mandal Human Male Fighter+30
Creature 28937 10 colors(12 0 57 37 28 30 23) 03_Jaguar_01 Male Fighter+8
Creature 24603 4 colors(12 0 57 37 28 30 23) 03_Jaguar_02 Male Fighter+8
Creature 29202 8 colors(12 0 57 37 28 30 23) 03_Jaguar_03 Male Fighter+8
Creature 22087 6 colors(12 0 57 37 28 30 23) 03_Jaguar_04 Male Fighter+8
Creature 35606 8 colors(12 0 57 37 28 30 23) 03_Jaguar_05 Male Fighter+8
Creature 24102 6 colors(12 0 57 37 28 30 23) 03_Jaguar_06 Male Fighter+8
Creature 56692 0 colors(7 19 46 71 72 110 83) Alchemist Male Cleric+6
Creature 10017 14 colors(114 0 97 97 98 98 0) Nheero Human Male Wizard+8
Creature 17446 8 colors(0 0 55 0 0 0 0) Histachii_01 Male Fighter+8
Creature 6420 14 colors(0 0 55 0 0 0 0) Histachii_02 Male Fighter+8
Creature 10514 12 colors(0 0 55 0 0 0 0) Histachii_03 Male Fighter+8
Creature 5931 2 colors(0 0 55 0 0 0 0) Histachii_04 Male Fighter+8
Creature 9784 4 colors(0 0 55 0 0 0 0) Histachii_05 Male Fighter+8
Creature 57678 4 colors(0 0 55 0 0 0 0) Histachii_06 Male Fighter+8
Creature 57487 6 colors(0 0 55 0 0 0 0) Histachii_07 Male Fighter+8
Creature 37434 2 colors(0 0 55 0 0 0 0) Histachii_08 Male Fighter+8
Creature 50466 12 colors(0 0 55 0 0 0 0) Histachii_09 Male Fighter+8
Creature 45076 12 colors(0 0 55 0 0 0 0) Histachii_10 Male Fighter+8
Creature 19364 12 colors(12 0 62 38 30 39 23) 05_Ettercap_01 Male Fighter+5
Creature 31429 8 colors(12 0 62 38 30 39 23) 05_Ettercap_02 Male Fighter+5
Creature 11983 4 colors(12 0 62 38 30 39 23) 05_Ettercap_03 Male Fighter+5
Creature 12229 4 colors(12 0 57 37 28 30 23) 05_GiantSpider_04 Fighter+8
Creature 16584 6 colors(12 0 57 37 28 30 23) 05_GiantSpider_05 Fighter+8
Creature 16568 8 colors(12 0 57 37 28 30 23) 05_GiantSpider_06 Fighter+8
Creature 28591 10 colors(12 0 69 37 28 30 23) 05_SwordSpider_11 Fighter+10
Creature 24249 8 colors(12 0 69 37 28 30 23) 05_SwordSpider_12 Fighter+10
Creature 22986 8 colors(12 0 69 37 28 30 23) 05_SwordSpider_13 Fighter+10
Creature 29375 8 colors(12 0 69 37 28 30 23) 05_SwordSpider_14 Fighter+10
Creature 24770 6 colors(12 0 69 37 28 30 23) 05_SwordSpider_15 Fighter+10
Creature 13241 0 colors(12 0 57 37 28 30 23) 05_GiantSpider_16 Fighter+8
Creature 14274 2 colors(12 0 57 37 28 30 23) 05_GiantSpider_17 Fighter+8
Creature 26553 0 colors(12 0 69 37 28 30 23) 05_SwordSpider_20 Fighter+10
Creature 29641 2 colors(12 0 69 37 28 30 23) 05_SwordSpider_21 Fighter+10
Creature 41141 6 colors(0 0 71 0 0 0 0) 01_HalfBreedMage_01 Female Cleric+10
Creature 57269 8 colors(0 0 71 0 0 0 0) 01_HalfBreedMage_02 Female Cleric+10
Creature 55771 6 colors(0 0 71 0 0 0 0) 01_HalfBreedMage_03 Female Cleric+10
Creature 53378 4 colors(0 0 71 0 0 0 0) 01_HalfBreedMage_04 Female Cleric+10
Creature 8217 0 colors(0 0 71 0 0 0 0) 01_HalfBreedMage_05 Female Cleric+10
Creature 56669 0 colors(0 0 71 0 0 0 0) 01_HalfBreedMage_06 Female Cleric+10
Creature 27024 4 colors(0 0 71 0 0 0 0) 01_HalfBreedMage_07 Female Cleric+10
Creature 11815 0 colors(0 0 71 0 0 0 0) 01_HalfBreedMage_08 Female Cleric+10
Creature 9829 12 colors(0 0 71 0 0 0 0) 01_HalfBreedMage_09 Female Cleric+10
Creature 42071 4 colors(0 0 71 0 0 0 0) 01_HalfBreedMage_10 Female Cleric+10
Creature 18035 2 colors(0 0 67 0 0 0 0) 01_HalfBreedPriest_11 Female Cleric+10
Creature 47838 6 colors(0 0 67 0 0 0 0) 01_HalfBreedPriest_12 Female Cleric+10
Creature 47030 14 colors(0 0 67 0 0 0 0) 01_HalfBreedPriest_13 Female Cleric+10
Creature 50587 10 colors(0 0 67 0 0 0 0) 01_HalfBreedPriest_14 Female Cleric+10
Creature 9833 4 colors(0 0 67 0 0 0 0) 01_HalfBreedPriest_15 Female Cleric+10
Creature 41503 12 colors(0 0 67 0 0 0 0) 01_HalfBreedPriest_16 Female Cleric+10
Creature 44578 12 colors(0 0 67 0 0 0 0) 01_HalfBreedPriest_17 Female Cleric+10
Creature 41002 12 colors(0 0 67 0 0 0 0) 01_HalfBreedPriest_18 Female Cleric+10
Creature 44076 12 colors(0 0 67 0 0 0 0) 01_HalfBreedPriest_19 Female Cleric+10
Creature 30004 12 colors(0 0 67 0 0 0 0) 01_HalfBreedPriest_20 Female Cleric+10
Creature 1027 0 colors(0 0 55 0 0 0 0) INVISIBLE Cleric+30
Creature 18602 12 colors(7 0 31 31 20 20 14) 05_PhaseSpider_07 Fighter+5
Creature 20649 12 colors(7 0 31 31 20 20 14) 05_PhaseSpider_08 Fighter+5
Creature 18607 12 colors(7 0 31 31 20 20 14) 05_PhaseSpider_09 Fighter+5
Creature 20912 12 colors(7 0 31 31 20 20 14) 05_PhaseSpider_10 Fighter+5
Creature 19638 4 colors(7 0 31 31 20 20 14) 05_PhaseSpider_18 Fighter+5
Creature 19393 0 colors(7 0 31 31 20 20 14) 05_PhaseSpider_19 Fighter+5
Creature 42536 12 colors(0 0 82 0 0 0 0) Summoner Male Cleric+9
Creature 42377 0 colors(0 0 55 0 0 0 0) FakeRoot Cleric+30
Creature 42122 8 colors(12 0 57 37 28 30 23) AncientWyvern Male Fighter+26
