Creature 8475 14 colors(18 5 73 47 29 30 0) Kratuuk Orc Male Cleric+14
Creature 23891 2 colors(12 0 56 60 28 30 23) ElvenFighter1 Elf Male Fighter+14
Creature 24935 0 colors(12 3 56 60 28 30 23) ElvenFighter2 Elf Male Fighter+14
Creature 25444 14 colors(12 3 56 60 28 30 23) ElvenFighter3 Elf Male Fighter+14
Creature 25408 0 colors(17 5 71 37 29 30 21) OrcDreadWarrior1 Orc Male Fighter+11
Creature 27718 0 colors(17 5 69 37 29 30 21) Puuk Orc Male Fighter+16
Creature 23631 14 colors(12 3 56 60 28 30 23) Tsol_Silverblade Elf Male Fighter+15
Creature 47144 2 colors(9 6 47 62 28 33 96) Saablic_Tan Human Male Wizard+26
Creature 47916 2 colors(11 6 88 66 33 33 23) Wanmok Orc Male Fighter+14
Creature 46382 2 colors(20 7 66 47 21 29 0) HalfGoblin1 Goblin Male Fighter+10
Creature 42544 2 colors(15 0 59 37 28 30 23) Feyr1 Fighter+6
Creature 45360 2 colors(11 5 58 56 29 31 23) NeoOrogShaman Orc Male Cleric+15
Creature 44338 2 colors(19 0 25 66 33 33 23) RedNeoOrog1 Orc Male Fighter+6
Creature 45607 2 colors(19 0 68 66 33 33 23) EliteNeoOrog1 Orc Male Fighter+12
Creature 43060 2 colors(19 0 25 66 33 33 23) RedNeoOrog2 Orc Male Fighter+10
Creature 43311 2 colors(8 0 46 62 28 33 104) RedWizard1 Human Male Wizard+16
Creature 25924 0 colors(17 5 71 37 29 30 21) OrcDreadWarrior3 Orc Male Fighter+11
Creature 26681 0 colors(17 5 71 37 29 30 21) OrcDreadWarrior4 Male Fighter+11
Creature 10518 14 colors(17 5 71 37 29 30 21) T2_OrcDreadWarrior5 Orc Male Fighter+11
Creature 6951 0 colors(17 5 71 37 29 30 21) T2_OrcDreadWarrior6 Orc Male Fighter+11
Creature 6957 0 colors(17 5 71 37 29 30 21) T2_OrcDreadWarrior7 Orc Male Fighter+11
Creature 11797 14 colors(17 5 71 37 29 30 21) T2_OrcDreadWarrior8 Orc Male Fighter+11
Creature 15396 0 colors(17 5 71 37 29 30 21) T2_OrcDreadWarrior10 Orc Male Fighter+11
Creature 10793 6 colors(17 5 71 37 29 30 21) T2_OrcDreadWarrior11 Orc Male Fighter+11
Creature 12069 6 colors(17 5 71 37 29 30 21) T2_OrcDreadWarrior12 Orc Male Fighter+11
Creature 22676 14 colors(17 5 71 37 29 30 21) OrcDreadScout01 Orc Male Fighter+11
Creature 25487 14 colors(17 5 71 37 29 30 21) OrcDreadScout02 Orc Male Fighter+11
Creature 23452 0 colors(17 5 71 37 29 30 21) OrcDreadScout03 Orc Male Fighter+11
Creature 23191 6 colors(18 17 29 66 66 0 66) ElvenDreadWarriorScout01 Elf Male Fighter+10
Creature 26258 6 colors(18 17 29 66 66 0 66) ElvenDreadWarriorScout02 Elf Male Fighter+15
Creature 24477 8 colors(18 17 29 66 66 0 66) ElvenDreadWarriorScout03 Elf Male Fighter+15
Creature 24722 2 colors(18 17 29 66 66 0 66) ElvenDreadWarriorScout04 Elf Male Fighter+15
Creature 26523 6 colors(18 17 29 66 66 0 66) ElvenDreadWarriorScout05 Elf Male Fighter+15
Creature 26520 8 colors(18 17 29 66 66 0 66) ElvenDreadWarriorScout06 Elf Male Fighter+15
Creature 40117 0 colors(12 0 56 37 28 30 23) FesteringDrownedDe02 Fighter+17
Creature 13674 8 colors(17 0 57 37 28 30 23) Cold_Bones_1 Fighter+10
Creature 14715 8 colors(17 0 57 37 28 30 23) Cold_Bones_2 Bard+10
Creature 16511 2 colors(17 0 57 37 28 30 23) Cold_Bones_3 Fighter+10
Creature 16251 2 colors(17 0 57 37 28 30 23) Cold_Bones_4 Fighter+10
Creature 13671 0 colors(17 0 57 37 28 30 23) Cold_Bones_5 Fighter+10
Creature 45101 2 colors(112 19 47 66 47 47 29) Slayer_Knight_of_Xvi Fighter+19
Creature 41836 14 colors(18 112 45 47 29 30 0) Mdarfein Elf Male Wizard+20
Creature 43377 6 colors(12 3 56 60 28 30 23) Saralon_Dfrayn Elf Male Cleric+14
Creature 42612 2 colors(18 17 29 66 66 0 66) ElvenDreadWarrior01 Elf Male Fighter+10
Creature 44401 6 colors(18 17 29 66 66 0 66) ElvenDreadWarrior02 Elf Male Fighter+10
Creature 45930 10 colors(18 17 29 66 66 0 66) ElvenDreadWarrior03 Elf Male Fighter+10
Creature 45685 8 colors(18 17 29 66 66 0 66) ElvenDreadWarrior04 Elf Male Fighter+10
Creature 46726 4 colors(18 17 29 66 66 0 66) ElvenDreadWarrior06 Elf Male Fighter+10
Creature 47258 2 colors(18 17 29 66 66 0 66) ElvenDreadWarrior09 Elf Male Fighter+10
Creature 41908 10 colors(12 0 52 37 28 30 23) FesteringDrownedDe3 Fighter+17
Creature 40632 2 colors(12 0 52 37 28 30 23) FesteringDrownedDe4 Fighter+17
Creature 25047 0 colors(20 15 66 47 21 29 0) HalfGoblin2 Goblin Male Fighter+10
Creature 23001 0 colors(7 0 66 66 94 100 23) HalfOrc2 Orc Male Fighter+11
Creature 24022 0 colors(15 0 67 37 28 30 23) Yuan-Ti alfbreed2 Female Fighter+14
Creature 25051 0 colors(19 0 25 66 33 33 23) RedNeoOrog4 Orc Male Fighter+6
Creature 25042 0 colors(19 0 68 66 33 33 23) EliteNeoOrog3 Orc Male Fighter+12
Creature 22738 0 colors(11 5 58 56 29 31 23) NeoOrogShaman Orc Male Cleric+15
Creature 24984 0 colors(17 5 73 37 29 30 21) Gorg Orc Male Fighter+16
Creature 43564 2 colors(15 0 67 37 28 30 23) Yuan-TiHalfbreed Female Fighter+14
Creature 34004 4 colors(0 0 55 0 0 0 0) Creature_Waterfall Male Fighter+1
Creature 14452 0 colors(14 0 57 37 28 30 23) IceZombie1 Fighter+8
Creature 12916 4 colors(14 0 57 37 28 30 23) IceZombie3 Fighter+8
Creature 13168 2 colors(14 0 57 37 28 30 23) IceZombie4 Fighter+8
Creature 44586 2 colors(52 0 70 66 94 100 23) Half Dragon Female Fighter+21
Creature 23956 0 colors(17 5 71 37 29 30 21) OrcDreadScout04 Orc Male Fighter+11
Creature 7200 0 colors(15 0 49 39 28 30 23) Humanoid Remains   Fighter+1
Creature 8985 10 colors(15 0 49 39 28 30 23) Humanoid Remains   Fighter+1
Creature 36661 0 colors(29 0 104 66 66 0 66) Fallen_Bladesinger1 Male Fighter+20
Creature 35910 4 colors(29 0 104 66 66 0 66) Fallen_Bladesinger2 Male Fighter+20
Creature 37939 0 colors(29 0 104 66 66 0 66) Fallen_Bladesinger3 Male Fighter+20
Creature 38978 0 colors(29 0 104 66 66 0 66) Fallen_Bladesinger4 Male Fighter+20
Creature 34359 4 colors(29 0 104 66 66 0 66) Fallen_Bladesinger5 Male Fighter+20
Creature 37700 4 colors(29 0 104 66 66 0 66) Fallen_Bladesinger6 Male Fighter+20
Creature 13945 0 colors(14 0 57 37 28 30 23) IceZombie Fighter+8
Creature 47495 6 colors(18 17 29 66 66 0 82) ElvenDreadArcher1 Elf Male Fighter+10
Creature 45935 8 colors(18 17 29 66 66 0 82) ElvenDreadArcher2 Elf Male Fighter+10
Creature 48028 2 colors(18 17 29 66 66 0 82) ElvenDreadArcher3 Elf Male Fighter+10
Creature 48242 8 colors(18 17 29 66 66 0 82) ElvenDreadArcher4 Elf Male Fighter+10
Creature 6941 0 colors(14 0 57 37 28 30 23) Skeleton Fighter+3
Creature 10004 8 colors(14 0 57 37 28 30 23) Skeleton Fighter+3
Creature 18471 0 colors(14 0 57 37 28 30 23) Skeleton Fighter+3
Creature 15128 12 colors(14 0 57 37 28 30 23) Skeleton Fighter+3
Creature 8998 4 colors(14 0 57 37 28 30 23) Skeleton Fighter+3
Creature 9510 10 colors(14 0 57 37 28 30 23) Skeleton Fighter+3
Creature 9000 4 colors(14 0 57 37 28 30 23) Skeleton Fighter+3
Creature 13085 0 colors(14 0 57 37 28 30 23) Skeleton Fighter+3
Creature 6430 0 colors(12 0 52 37 28 30 23) DeadFesteringDrownedDe Fighter+17
Creature 6686 8 colors(14 0 57 37 28 30 23) Skeleton Fighter+3
Creature 18217 12 colors(14 0 57 37 28 30 23) Skeleton Fighter+3
Creature 13164 0 colors(12 0 56 37 28 30 23) FesteringDrownedDe Fighter+17
Creature 50618 6 colors(29 0 104 66 66 0 66) FallenBladesinger Male Fighter+20
Creature 48830 6 colors(29 0 104 66 66 0 66) FallenBladesinger Male Fighter+20
Creature 44233 6 colors(29 0 104 66 66 0 66) FallenBladesinger Male Fighter+20
Creature 19609 12 colors(14 0 57 37 28 30 23) Skeleton Fighter+3
Creature 21143 0 colors(14 0 57 37 28 30 23) Skeleton Fighter+3
Creature 44651 12 colors(14 0 57 37 28 30 23) Skeleton Fighter+3
Creature 44652 0 colors(14 0 57 37 28 30 23) Skeleton Fighter+3
Creature 44139 6 colors(14 0 57 37 28 30 23) Skeleton Fighter+3
Creature 46964 4 colors(14 0 57 37 28 30 23) Skeleton Fighter+3
Creature 48496 0 colors(14 0 57 37 28 30 23) Skeleton Fighter+3
Creature 48240 6 colors(14 0 57 37 28 30 23) Skeleton Fighter+3
Creature 48002 0 colors(14 0 57 37 28 30 23) Skeleton Fighter+3
Creature 19329 4 colors(14 0 57 37 28 30 23) Skeleton Fighter+3
Creature 19074 14 colors(14 0 57 37 28 30 23) Skeleton Fighter+3
Creature 16738 4 colors(14 0 57 37 28 30 23) Skeleton Fighter+3
Creature 16234 0 colors(14 0 57 37 28 30 23) Skeleton Fighter+3
Creature 18302 6 colors(14 0 57 37 28 30 23) Skeleton Fighter+3
Creature 18206 12 colors(14 0 57 37 28 30 23) Skeleton Fighter+3
Creature 12573 8 colors(14 0 57 37 28 30 23) Skeleton Fighter+3
Creature 40885 10 colors(14 0 57 37 28 30 23) Skeleton Fighter+3
Creature 41142 4 colors(14 0 57 37 28 30 23) Skeleton Fighter+3
Creature 44655 6 colors(14 0 57 37 28 30 23) Skeleton Fighter+3
Creature 40565 0 colors(14 0 57 37 28 30 23) Skeleton Fighter+3
Creature 20531 0 colors(17 5 71 37 29 30 21) T2_OrcDreadWarrior Orc Male Fighter+11
Creature 36280 0 colors(29 0 104 66 66 0 66) FallenBladesinger Male Fighter+20
Creature 36277 0 colors(29 0 104 66 66 0 66) FallenBladesinger Male Fighter+20
Creature 42542 2 colors(14 0 67 37 28 30 21) Guard_Crossbow_1 HalfElf Male Fighter+15
Creature 13934 0 colors(14 0 57 37 28 30 23) Skeleton Fighter+3
Creature 14189 4 colors(14 0 57 37 28 30 23) Skeleton Fighter+3
Creature 14704 12 colors(14 0 57 37 28 30 23) Skeleton Fighter+3
Creature 11541 14 colors(17 5 71 37 29 30 21) T2_OrcDreadWarrior8 Orc Male Fighter+9
Creature 6957 0 colors(17 5 71 37 29 30 21) T2_OrcDreadWarrior7 Orc Male Fighter+9
Creature 10793 6 colors(17 5 71 37 29 30 21) T2_OrcDreadWarrior11 Orc Male Fighter+9
Creature 12325 6 colors(17 5 71 37 29 30 21) T2_OrcDreadWarrior12 Orc Male Fighter+9
Creature 25408 0 colors(17 5 71 37 29 30 21) OrcDreadWarrior1 Orc Male Fighter+9
Creature 26180 0 colors(17 5 71 37 29 30 21) OrcDreadWarrior3 Orc Male Fighter+9
Creature 15396 0 colors(17 5 71 37 29 30 21) T2_OrcDreadWarrior10 Orc Male Fighter+9
