Creature 23073 2 colors(9 6 47 62 28 33 96) Saablic Tan Human Male Wizard+25
Creature 24350 2 colors(11 6 88 66 33 33 23) Wanmok Orc Male Fighter+14
Creature 23322 2 colors(19 0 25 66 33 33 23) Red Neo Orog Orc Male Fighter+10
Creature 24405 4 colors(15 0 70 37 28 30 23) Greater Feyr Fighter+26
Creature 16718 0 colors(15 0 70 37 28 30 23) Greater Feyr Fighter+26
Creature 21090 2 colors(20 15 66 47 21 29 0) HalfGoblin1 Goblin Male Fighter+10
Creature 20058 2 colors(52 0 70 66 94 100 23) HalfDragon1 Female Fighter+21
Creature 21334 2 colors(52 0 70 66 94 100 23) Half Dragon Female Fighter+21
Creature 22109 2 colors(52 0 70 66 94 100 23) Half Dragon Female Fighter+21
Creature 19551 2 colors(20 15 66 47 21 29 0) Half Goblin Goblin Male Fighter+10
Creature 22551 2 colors(112 19 47 66 47 47 29) Slayer Knight of Xvi Paladin+19
Creature 25121 2 colors(112 19 47 66 47 47 29) Slayer Knight of Xvi Paladin+19
Creature 20253 2 colors(8 0 46 62 28 33 104) Red Wizard Human Male Wizard+16
Creature 23850 2 colors(8 0 46 62 28 33 104) Red Wizard Human Male Wizard+16
Creature 22308 2 colors(11 5 58 56 29 31 23) Neo Orog Priest Orc Male Cleric+15
Creature 20504 0 colors(14 0 67 37 28 30 21) Guard_Crossbow_1 HalfElf Male Fighter+15
Creature 25387 4 colors(14 0 67 37 28 30 21) Guard HalfElf Male Fighter+15
Creature 19224 0 colors(14 0 67 37 28 30 21) Guard HalfElf Male Fighter+15
Creature 25136 4 colors(14 0 67 37 28 30 21) Guard HalfElf Male Fighter+15
Creature 21788 2 colors(20 15 66 47 21 29 0) Elite Half Goblin Goblin Male Fighter+10
Creature 24102 2 colors(20 15 66 47 21 29 0) Elite Half Goblin Goblin Male Fighter+10
Creature 22551 2 colors(7 0 66 66 94 100 23) Half-Orc Orc Male Fighter+11
Creature 24865 2 colors(7 0 66 66 94 100 23) Half-Orc Orc Male Fighter+9
