Creature 10579 2 colors(12 3 92 38 23 30 22) Xavier_Torsend Human Male Fighter+10
Creature 36401 8 colors(12 4 57 50 2 26 22) Jerre_Stoh Male Fighter+5
Creature 17035 4 colors(12 3 57 50 2 26 22) Vashti_Zerran Human Male Fighter+5
Creature 38992 6 colors(12 1 39 14 93 24 22) Worker01 Human Female Fighter+1
Creature 41596 6 colors(12 0 72 14 93 100 22) Worker03 Human Male Fighter+1
Creature 38748 14 colors(12 2 56 52 93 100 22) Worker04 Human Male Fighter+1
Creature 35485 14 colors(12 0 72 14 93 100 22) Worker07 Human Male Fighter+1
Creature 40335 14 colors(12 2 56 52 93 100 22) Worker08 Human Male Fighter+1
Creature 40798 8 colors(12 1 39 14 93 24 22) Worker09 Human Female Fighter+1
Creature 41291 6 colors(12 5 50 14 93 24 22) Worker10 Human Female Fighter+1
Creature 45904 6 colors(12 0 72 14 93 100 22) Worker11 Human Female Fighter+1
Creature 37995 8 colors(12 2 56 52 93 100 22) Worker12 Human Female Fighter+1
Creature 33416 8 colors(12 1 39 14 93 24 22) Worker13 Human Female Fighter+1
Creature 34709 4 colors(12 5 50 14 93 24 22) Worker14 Human Female Fighter+1
Creature 37271 12 colors(12 0 72 14 93 100 22) Worker15 Human Female Fighter+1
Creature 38538 0 colors(12 2 56 52 93 100 22) Worker16 Human Female Fighter+1
Creature 35119 8 colors(12 1 39 14 93 24 22) Worker17 Human Female Fighter+1
Creature 36383 2 colors(12 5 50 14 93 24 22) Worker18 Human Male Fighter+1
Creature 14885 10 colors(12 0 72 14 93 100 22) Worker19 Human Male Fighter+1
Creature 21777 4 colors(12 2 56 52 93 100 22) Worker20 Human Male Fighter+1
Creature 34135 0 colors(12 1 39 14 93 24 22) Worker21 Human Female Fighter+1
Creature 33870 4 colors(12 5 50 14 93 24 22) Worker22 Human Female Fighter+1
Creature 38462 14 colors(12 0 72 14 93 100 22) Worker23 Human Female Fighter+1
Creature 41523 8 colors(12 2 56 52 93 100 22) Worker24 Human Female Fighter+1
Creature 12899 4 colors(12 1 39 14 93 24 22) Worker25 Human Female Fighter+1
Creature 15220 6 colors(12 5 50 14 93 24 22) Worker26 Human Male Fighter+1
Creature 10347 10 colors(12 0 72 14 93 100 22) Worker27 Human Male Fighter+1
Creature 12418 8 colors(12 2 56 52 93 100 22) Worker28 Human Male Fighter+1
Creature 11381 10 colors(12 1 39 14 93 24 22) Worker29 Human Female Fighter+1
Creature 16509 12 colors(12 5 50 14 93 24 22) Worker30 Human Female Fighter+1
Creature 19839 0 colors(12 0 72 14 93 100 22) Worker31 Human Female Fighter+1
Creature 15764 8 colors(12 2 56 52 93 100 22) Worker32 Human Female Fighter+1
Creature 25397 12 colors(8 0 50 0 23 24 22) Guard01 Human Male Fighter+9
Creature 28218 8 colors(13 5 58 18 23 28 22) Guard02 Human Male Fighter+12
Creature 29758 8 colors(12 0 46 63 23 28 22) Guard03 Human Male Fighter+9
Creature 27202 6 colors(12 3 53 69 23 28 22) Guard04 Human Male Fighter+9
Creature 27445 10 colors(12 6 57 63 30 28 23) Guard05 Human Female Fighter+9
Creature 28738 8 colors(12 19 66 64 30 28 23) Guard06 Human Female Fighter+9
Creature 25397 12 colors(8 0 50 0 23 24 22) Guard07 Human Male Fighter+12
Creature 28218 8 colors(13 5 58 18 23 28 22) Guard08 Human Male Fighter+12
Creature 29758 8 colors(12 0 46 63 23 28 22) Guard09 Human Male Fighter+12
Creature 27202 6 colors(12 6 57 63 30 28 23) Guard10 Human Female Fighter+14
Creature 27445 10 colors(12 6 57 63 30 28 23) Guard11 Human Female Fighter+15
Creature 28738 8 colors(12 19 66 64 30 28 23) Guard12 Human Female Fighter+14
Creature 25407 2 colors(8 5 68 57 27 30 92) Zigma Human Female Monk+15
Creature 25407 2 colors(8 5 68 57 27 30 92) Zigma Human Female Monk+17
Creature 24375 14 colors(112 19 47 66 47 47 29) Slayer_Knight_of_Xvi1 Paladin+19
Creature 30006 8 colors(112 19 47 66 47 47 29) Slayer_Knight_of_Xvi2 Paladin+19
Creature 26494 8 colors(0 0 55 0 0 0 0) Zaem Male Fighter+17
Creature 32082 0 colors(12 0 73 37 28 30 23) 63GlbXp Male Fighter+20
Creature 26490 10 colors(9 0 52 50 30 27 22) Cook Human Female Fighter+1
Creature 20618 0 colors(9 0 52 50 30 27 22) Food_barrel Fighter+1
Creature 31770 10 colors(12 0 45 33 93 100 22) Ysha Human Male Fighter+1
Creature 19857 8 colors(12 0 40 37 28 30 23) Empty_Food_Keg_1 Fighter+1
Creature 19604 12 colors(12 0 40 37 28 30 23) Empty_Food_Keg_2 Fighter+1
Creature 20372 14 colors(12 0 40 37 28 30 23) Empty_Food_Keg_3 Fighter+1
Creature 32082 0 colors(12 0 73 37 28 30 23) 63GlabS1 Male Fighter+20
