Creature 9786 14 colors(0 0 46 0 0 0 0) Isair Male Wizard+30
Creature 9024 0 colors(0 0 47 0 0 0 0) Madae Female Fighter+30
Creature 12623 4 colors(12 0 57 37 28 30 23) Serak Human Male Fighter+10
Creature 17975 10 colors(8 5 43 39 28 30 23) Tilzen Female Rogue+10
Creature 13660 4 colors(8 0 66 44 28 30 23) Phaen Female Monk+10
Creature 14650 10 colors(12 0 70 37 28 30 23) Zilvar Female Cleric+10
Creature 7993 14 colors(8 5 61 59 28 30 29) Mourn Male Fighter+10
Creature 15691 6 colors(30 102 96 47 102 102 47) Ormis_Dohor Male Monk+22
Creature 16235 4 colors(21 5 47 62 28 33 58) Buvai_deNaly Male Wizard+19
Creature 23453 6 colors(12 5 63 37 28 30 23) Orrick Human Male Wizard+30
Creature 21139 12 colors(0 0 46 0 0 0 0) Isair2 Male Wizard+30
Creature 19348 14 colors(0 0 47 0 0 0 0) Madae2 Female Fighter+30
Creature 12124 0 colors(12 0 73 37 28 30 23) Glabrezu_2 Male Fighter+20
Creature 16431 14 colors(12 0 73 37 28 30 23) Glabrezu_1 Male Fighter+20
Creature 16175 14 colors(12 0 73 37 28 30 23) 63GLABSL Male Fighter+20
Creature 12124 0 colors(12 0 73 37 28 30 23) 63GLABSR Male Fighter+20
Creature 8551 2 colors(12 0 67 37 28 30 23) Chimera Male Fighter+18
Creature 9786 14 colors(0 0 46 0 0 0 0) Isair Male Wizard+23
Creature 21139 12 colors(0 0 46 0 0 0 0) Isair2 Male Wizard+23
Creature 9024 0 colors(0 0 47 0 0 0 0) Madae Female Fighter+23
Creature 19348 14 colors(0 0 47 0 0 0 0) Madae2 Female Fighter+23
Creature 16199 6 colors(5 0 66 47 28 30 66) Monk_Crystalline Human Female Monk+16
Creature 16708 6 colors(14 0 66 47 28 30 66) Monk_Sand Human Male Monk+16
Creature 15695 6 colors(5 0 66 47 28 30 66) Monk_Shadow Human Female Monk+16
Creature 22690 4 colors(112 19 47 66 47 47 29) Slayer Knight of Xvi Paladin+19
Creature 18330 2 colors(112 19 47 66 47 47 29) Slayer Knight of Xvi Paladin+19
Creature 17047 2 colors(112 19 47 66 47 47 29) Slayer Knight of Xvi Paladin+19
Creature 23972 4 colors(112 19 47 66 47 47 29) Slayer Knight of Xvi Paladin+19
