Creature 42349 14 colors(12 0 57 25 100 98 93) Roga_Thulc Dwarf Male Fighter+1
Creature 37913 12 colors(8 8 46 66 100 27 92) Cedrin_Zil Human Male Wizard+18
Creature 20765 0 colors(10 67 42 40 100 100 23) Vylu_Prehv Human Female Fighter+15
Creature 10564 0 colors(9 0 55 15 98 100 92) Kav_Lathram Human Male Fighter+14
Creature 14722 2 colors(29 29 47 47 33 19 19) Ruinlord_Garuk_Katah Orc Male Fighter+20
Creature 19625 10 colors(9 9 46 0 30 30 22) Vese_Nejj Human Male Fighter+18
Creature 36508 4 colors(0 0 67 0 0 0 0) Dracein Female Fighter+21
Creature 42615 14 colors(12 1 39 14 93 24 22) Worker01 Human Female Fighter+1
Creature 44161 6 colors(12 5 50 14 93 24 22) Worker02 Human Male Fighter+1
Creature 41092 0 colors(12 0 72 14 93 100 22) Worker03 Human Male Fighter+1
Creature 42136 14 colors(12 2 56 52 93 100 22) Worker04 Human Male Fighter+1
Creature 42895 4 colors(12 1 39 14 93 24 22) Worker05 Human Female Fighter+1
Creature 44664 10 colors(12 5 50 14 93 24 22) Worker06 Human Female Fighter+1
Creature 46205 0 colors(12 0 72 14 93 100 22) Worker07 Human Female Fighter+1
Creature 45164 0 colors(12 2 56 52 93 100 22) Worker08 Human Female Fighter+1
Creature 33122 10 colors(12 1 39 14 93 24 22) Worker09 Human Female Fighter+1
Creature 37741 8 colors(12 5 50 14 93 24 22) Worker10 Human Male Fighter+1
Creature 32386 14 colors(12 0 72 14 93 100 22) Worker11 Human Male Fighter+1
Creature 30837 4 colors(12 2 56 52 93 100 22) Worker12 Human Male Fighter+1
Creature 24440 2 colors(12 1 39 14 93 24 22) Worker13 Human Female Fighter+1
Creature 32107 6 colors(12 5 50 14 93 24 22) Worker14 Human Female Fighter+1
Creature 32900 6 colors(12 0 72 14 93 100 22) Worker15 Human Female Fighter+1
Creature 25980 6 colors(12 2 56 52 93 100 22) Worker16 Human Female Fighter+1
Creature 22805 12 colors(14 0 57 37 28 30 23) Earth_Elemental01 Fighter+16
Creature 18207 0 colors(14 0 57 37 28 30 23) Earth_Elemental02 Fighter+16
Creature 24092 8 colors(14 0 57 37 28 30 23) Earth_Elemental03 Fighter+16
Creature 22805 12 colors(14 0 57 37 28 30 23) Earth_Elemental04 Fighter+21
Creature 18207 0 colors(14 0 57 37 28 30 23) Earth_Elemental05 Fighter+21
Creature 24092 8 colors(14 0 57 37 28 30 23) Earth_Elemental06 Fighter+21
Creature 22805 12 colors(14 0 57 37 28 30 23) Earth_Elemental07 Fighter+24
Creature 18207 0 colors(14 0 57 37 28 30 23) Earth_Elemental08 Fighter+24
Creature 24092 8 colors(14 0 57 37 28 30 23) Earth_Elemental09 Fighter+24
Creature 18990 6 colors(14 0 57 37 28 30 23) Earth_Elemental10 Fighter+21
Creature 15397 0 colors(14 0 57 37 28 30 23) Earth_Elemental11 Fighter+21
Creature 18990 6 colors(14 0 57 37 28 30 23) Earth_Elemental12 Fighter+24
Creature 15397 0 colors(14 0 57 37 28 30 23) Earth_Elemental13 Fighter+24
Creature 11617 14 colors(12 0 73 37 28 30 23) Demonic_Construct1 Male Fighter+30
Creature 12651 4 colors(12 0 73 37 28 30 23) Demonic_Construct2 Male Fighter+30
Creature 10601 0 colors(12 0 73 37 28 30 23) Demonic_Construct3 Male Fighter+30
Creature 18858 0 colors(9 9 46 63 98 100 46) Thayvian_Mage3 Human Female Fighter+26
Creature 22951 4 colors(9 1 46 63 98 100 47) Thayvian_Mage4 Human Female Fighter+26
Creature 22948 12 colors(9 1 46 63 98 100 47) Thayvian_Mage5 Human Female Fighter+26
Creature 39339 6 colors(12 0 57 37 28 30 23) Red_Abishai1 Male Fighter+12
Creature 28833 0 colors(12 0 57 37 28 30 23) Red_Abishai2 Male Fighter+12
Creature 36274 4 colors(12 0 57 37 28 30 23) Red_Abishai3 Male Fighter+12
Creature 35986 0 colors(14 0 57 37 28 30 23) Invisible_Stalker1 Fighter+8
Creature 27833 0 colors(14 0 57 37 28 30 23) Invisible_Stalker2 Fighter+8
Creature 12389 6 colors(9 9 46 15 98 100 92) Thayvian_Mage_1 Human Male Fighter+18
Creature 12392 12 colors(9 0 46 63 98 100 46) Thayvian_Mage_2 Human Female Fighter+18
Creature 12182 2 colors(11 5 58 56 29 31 23) Ruinlord3 Orc Male Cleric+18
Creature 11402 2 colors(11 5 58 56 29 31 23) Ruinlord2 Orc Male Cleric+18
Creature 9601 2 colors(11 5 58 56 29 31 23) Ruinlord1 Orc Male Cleric+18
Creature 12160 2 colors(112 19 47 66 47 47 29) SlayerKnightOfXvi1 Paladin+19
Creature 13964 2 colors(112 19 47 66 47 47 29) SlayerKnightofXvi2 Paladin+19
Creature 13190 0 colors(0 0 55 0 0 0 0) Globe_of_Essence Fighter+15
Creature 37913 12 colors(8 8 46 66 100 27 92) Cedrin_Zil_Dead Human Male Wizard+18
Creature 14966 2 GoblinWarrior
Creature 17542 2 GoblinWarrior
Creature 32933 2 colors(12 0 67 37 28 30 23) Precious Male Fighter+9
Creature 17798 2 colors(112 19 47 66 47 47 29) SlayerKnightofXvi4 Paladin+19
Creature 15221 2 colors(112 19 47 66 47 47 29) SlayerKnightofXvi3 Paladin+19
Creature 13190 0 colors(0 0 55 0 0 0 0) Poofy Fighter+15
