Creature 30756 4 colors(14 0 67 37 28 30 23) Yxbudurzmutkimdu Fighter+30
Creature 31257 12 colors(12 0 57 37 28 30 23) Pfinikmillillin Male Fighter+26
Creature 32299 0 colors(14 0 57 37 28 30 23) Skeleton Fighter+3
Creature 32042 8 colors(14 0 57 37 28 30 23) Skeleton Fighter+3
Creature 27422 4 colors(14 0 57 37 28 30 23) Skeleton Fighter+3
Creature 32040 12 colors(14 0 57 37 28 30 23) Skeleton Fighter+3
Creature 27164 12 colors(14 0 57 37 28 30 23) Skeleton Fighter+3
Creature 32279 0 colors(12 0 52 37 28 30 23) Festering Drowned De Fighter+17
Creature 31010 4 colors(14 0 57 37 28 30 23) Skeleton Fighter+3
Creature 32278 0 colors(14 0 57 37 28 30 23) Skeleton Fighter+3
Creature 31767 2 colors(14 0 57 37 28 30 23) Skeleton Fighter+3
Creature 20873 2 colors(19 3 67 37 28 30 21) Guard Human Female Fighter+15
Creature 18584 2 colors(112 19 47 66 47 47 29) Slayer Knight of Xvi Fighter+19
Creature 22944 2 colors(112 19 47 66 47 47 29) Slayer Knight of Xvi Fighter+19
Creature 20873 2 colors(112 19 47 66 47 47 29) Slayer Knight of Xvi Fighter+19
Creature 23949 4 colors(112 19 47 66 47 47 29) Slayer Knight of Xvi Fighter+19
Creature 18323 2 colors(11 5 58 56 29 31 23) Neo Orog Priest Orc Male Cleric+18
Creature 24739 4 colors(11 5 58 56 29 31 23) Neo Orog Priest Orc Male Cleric+18
Creature 23692 4 colors(20 7 66 47 21 29 0) Elite Half Goblin Goblin Male Fighter+15
Creature 27301 14 colors(20 7 66 47 21 29 0) Elite Half Goblin Goblin Male Fighter+15
Creature 27564 2 colors(20 7 66 47 21 29 0) Elite Half Goblin Goblin Male Fighter+15
Creature 22163 2 colors(11 5 58 56 29 31 23) Neo Orog Priest Orc Male Cleric+18
Creature 34599 0 colors(12 0 57 37 28 30 23) Lemure Slave Male Fighter+5
Creature 29469 2 colors(12 0 57 37 28 30 23) Lemure Slave Male Fighter+5
Creature 28191 6 colors(12 0 57 37 28 30 23) Lemure Slave Male Fighter+5
Creature 27178 0 colors(12 0 57 37 28 30 23) Lemure Slave Male Fighter+5
Creature 35868 10 colors(12 0 57 37 28 30 23) Lemure Slave Male Fighter+5
Creature 34836 8 colors(12 0 57 37 28 30 23) Lemure Slave Male Fighter+5
Creature 29741 2 colors(12 0 57 37 28 30 23) Wight Lemure Slave Male Fighter+13
Creature 34850 0 colors(12 0 57 37 28 30 23) Wight Lemure Slave Male Fighter+13
Creature 32794 10 colors(12 0 57 37 28 30 23) Tutuplimbobo Male Fighter+12
Creature 33565 10 colors(15 0 49 39 28 30 23) Humanoid Remains   Fighter+1
Creature 33310 0 colors(14 0 57 37 28 30 23) Skeleton Fighter+3
Creature 32029 10 colors(12 0 52 37 28 30 23) Festering Drowned De Fighter+17
Creature 31773 4 colors(14 0 57 37 28 30 23) Skeleton Fighter+3
Creature 33820 0 colors(14 0 57 37 28 30 23) Skeleton Fighter+3
Creature 32030 12 colors(14 0 57 37 28 30 23) Skeleton Fighter+3
Creature 35880 6 colors(14 0 57 37 28 30 23) Skeleton Fighter+3
Creature 35879 0 colors(14 0 57 37 28 30 23) Skeleton Fighter+3
Creature 10056 0 colors(12 0 73 37 28 30 23) Glabrezu_2 Male Fighter+20
Creature 11830 14 colors(12 0 73 37 28 30 23) Glabrezu_1 Male Fighter+20
Creature 39497 6 colors(112 19 47 66 47 47 29) Slayer Knight of Xvi Paladin+19
Creature 40546 12 colors(112 19 47 66 47 47 29) Slayer Knight of Xvi Paladin+19
Creature 40557 4 colors(112 19 47 66 47 47 29) Slayer Knight of Xvi Paladin+19
Creature 38462 14 colors(112 19 47 66 47 47 29) Slayer Knight of Xvi Paladin+19
Creature 27045 12 colors(112 19 47 66 47 47 29) Slayer Knight of Xvi Paladin+19
Creature 27308 4 colors(112 19 47 66 47 47 29) Slayer Knight of Xvi Paladin+19
Creature 11830 14 colors(12 0 73 37 28 30 23) 63GLABSL Male Fighter+20
Creature 10056 0 colors(12 0 73 37 28 30 23) 63GLABSR Male Fighter+20
Creature 30756 4 colors(14 0 67 37 28 30 23) Yxbudurzmutkimdu Fighter+30
Creature 30756 4 colors(14 0 67 37 28 30 23) Yxbudurzmutkimdu Fighter+30
Creature 32794 10 colors(12 0 57 37 28 30 23) Tutuplimbobo Male Fighter+14
Creature 32794 10 colors(12 0 57 37 28 30 23) Tutuplimbobo Male Fighter+16
Creature 31257 12 colors(12 0 57 37 28 30 23) Pfinikmillillin Male Fighter+28
Creature 31257 12 colors(12 0 57 37 28 30 23) Pfinikmillillin Male Fighter+30
