Creature 14632 0 colors(112 19 47 66 47 47 29) Iyachtu_Xvim Male Fighter+27
Creature 6440 0 colors(12 0 47 37 28 30 23) Iyachtu_Xvim_Statue Fighter+18
Creature 8725 0 colors(0 0 31 0 0 0 0) Illmater_Statue Male Fighter+1
Creature 12044 0 colors(0 0 31 0 0 0 0) Sune_Statue Male Fighter+1
Creature 12353 0 colors(0 0 31 0 0 0 0) Corellon_Statue Male Fighter+1
Creature 7738 0 colors(0 0 31 0 0 0 0) Silvanas_Statue Male Fighter+1
Creature 12840 0 colors(12 0 104 37 28 30 23) Yquog Male Fighter+28
Creature 12590 2 colors(12 0 51 37 28 30 23) Young_Barghest_Whelp_2 Male Fighter+10
Creature 12577 14 colors(12 0 51 37 28 30 23) Young_Barghest_Whelp_1 Male Fighter+10
Creature 14130 4 colors(12 0 70 37 28 30 23) Goblin_Whelp_1 Goblin Male Fighter+10
Creature 14365 12 colors(12 0 70 37 28 30 23) Goblin_Whelp_2 Goblin Male Fighter+10
Creature 13871 2 colors(12 0 70 37 28 30 23) Goblin_Whelp_3 Goblin Male Fighter+10
Creature 13600 14 colors(12 0 70 37 28 30 23) Goblin_Whelp_4 Goblin Male Fighter+10
Creature 15646 10 colors(12 0 51 37 28 30 23) Young_Barghest_Whelp_3 Male Fighter+10
Creature 15666 6 colors(12 0 51 37 28 30 23) Young_Barghest_Whelp_4 Male Fighter+10
Creature 17974 6 colors(12 0 57 37 28 30 23) Glabrezu_1 Male Fighter+20
Creature 17945 10 colors(12 0 57 37 28 30 23) Glabrezu_2 Male Fighter+20
Creature 18717 10 colors(12 0 57 37 28 30 23) Cornugon_1 Male Fighter+28
Creature 18738 6 colors(12 0 57 37 28 30 23) Cornugon_2 Male Fighter+28
Creature 19246 6 colors(12 0 57 37 28 30 23) Lemure_1 Male Fighter+5
Creature 19233 10 colors(12 0 57 37 28 30 23) Lemure_2 Male Fighter+5
Creature 19498 8 colors(12 0 57 37 28 30 23) Lemure_3 Male Fighter+5
Creature 19494 8 colors(12 0 57 37 28 30 23) Lemure_4 Male Fighter+5
Creature 13348 0 colors(12 0 57 37 28 30 23) Wight_Lemure_1 Male Fighter+10
Creature 13099 0 colors(12 0 57 37 28 30 23) Wight_Lemure_2 Male Fighter+10
Creature 18977 10 colors(12 0 57 37 28 30 23) Wight_Lemure_3 Male Fighter+10
Creature 18989 6 colors(12 0 57 37 28 30 23) Wight_Lemure_4 Male Fighter+10
